Archive member included to satisfy reference by file (symbol)

/usr/lib/gcc/arm-none-eabi/15.2.0/../../../../arm-none-eabi/lib/thumb/v7-m/nofp/libc_nano.a(libc_a-atexit.o)
                              /usr/lib/gcc/arm-none-eabi/15.2.0/../../../../arm-none-eabi/lib/thumb/v7-m/nofp/crt0.o (atexit)
/usr/lib/gcc/arm-none-eabi/15.2.0/../../../../arm-none-eabi/lib/thumb/v7-m/nofp/libc_nano.a(libc_a-exit.o)
                              /usr/lib/gcc/arm-none-eabi/15.2.0/../../../../arm-none-eabi/lib/thumb/v7-m/nofp/crt0.o (exit)
/usr/lib/gcc/arm-none-eabi/15.2.0/../../../../arm-none-eabi/lib/thumb/v7-m/nofp/libc_nano.a(libc_a-findfp.o)
                              /usr/lib/gcc/arm-none-eabi/15.2.0/../../../../arm-none-eabi/lib/thumb/v7-m/nofp/libc_nano.a(libc_a-exit.o) (__stdio_exit_handler)
/usr/lib/gcc/arm-none-eabi/15.2.0/../../../../arm-none-eabi/lib/thumb/v7-m/nofp/libc_nano.a(libc_a-fwalk.o)
                              /usr/lib/gcc/arm-none-eabi/15.2.0/../../../../arm-none-eabi/lib/thumb/v7-m/nofp/libc_nano.a(libc_a-findfp.o) (_fwalk_sglue)
/usr/lib/gcc/arm-none-eabi/15.2.0/../../../../arm-none-eabi/lib/thumb/v7-m/nofp/libc_nano.a(libc_a-stdio.o)
                              /usr/lib/gcc/arm-none-eabi/15.2.0/../../../../arm-none-eabi/lib/thumb/v7-m/nofp/libc_nano.a(libc_a-findfp.o) (__sread)
/usr/lib/gcc/arm-none-eabi/15.2.0/../../../../arm-none-eabi/lib/thumb/v7-m/nofp/libc_nano.a(libc_a-memset.o)
                              /usr/lib/gcc/arm-none-eabi/15.2.0/../../../../arm-none-eabi/lib/thumb/v7-m/nofp/crt0.o (memset)
/usr/lib/gcc/arm-none-eabi/15.2.0/../../../../arm-none-eabi/lib/thumb/v7-m/nofp/libc_nano.a(libc_a-closer.o)
                              /usr/lib/gcc/arm-none-eabi/15.2.0/../../../../arm-none-eabi/lib/thumb/v7-m/nofp/libc_nano.a(libc_a-stdio.o) (_close_r)
/usr/lib/gcc/arm-none-eabi/15.2.0/../../../../arm-none-eabi/lib/thumb/v7-m/nofp/libc_nano.a(libc_a-reent.o)
                              /usr/lib/gcc/arm-none-eabi/15.2.0/../../../../arm-none-eabi/lib/thumb/v7-m/nofp/libc_nano.a(libc_a-closer.o) (errno)
/usr/lib/gcc/arm-none-eabi/15.2.0/../../../../arm-none-eabi/lib/thumb/v7-m/nofp/libc_nano.a(libc_a-impure.o)
                              /usr/lib/gcc/arm-none-eabi/15.2.0/../../../../arm-none-eabi/lib/thumb/v7-m/nofp/libc_nano.a(libc_a-reent.o) (_impure_ptr)
/usr/lib/gcc/arm-none-eabi/15.2.0/../../../../arm-none-eabi/lib/thumb/v7-m/nofp/libc_nano.a(libc_a-lseekr.o)
                              /usr/lib/gcc/arm-none-eabi/15.2.0/../../../../arm-none-eabi/lib/thumb/v7-m/nofp/libc_nano.a(libc_a-stdio.o) (_lseek_r)
/usr/lib/gcc/arm-none-eabi/15.2.0/../../../../arm-none-eabi/lib/thumb/v7-m/nofp/libc_nano.a(libc_a-readr.o)
                              /usr/lib/gcc/arm-none-eabi/15.2.0/../../../../arm-none-eabi/lib/thumb/v7-m/nofp/libc_nano.a(libc_a-stdio.o) (_read_r)
/usr/lib/gcc/arm-none-eabi/15.2.0/../../../../arm-none-eabi/lib/thumb/v7-m/nofp/libc_nano.a(libc_a-writer.o)
                              /usr/lib/gcc/arm-none-eabi/15.2.0/../../../../arm-none-eabi/lib/thumb/v7-m/nofp/libc_nano.a(libc_a-stdio.o) (_write_r)
/usr/lib/gcc/arm-none-eabi/15.2.0/../../../../arm-none-eabi/lib/thumb/v7-m/nofp/libc_nano.a(libc_a-init.o)
                              /usr/lib/gcc/arm-none-eabi/15.2.0/../../../../arm-none-eabi/lib/thumb/v7-m/nofp/crt0.o (__libc_init_array)
/usr/lib/gcc/arm-none-eabi/15.2.0/../../../../arm-none-eabi/lib/thumb/v7-m/nofp/libc_nano.a(libc_a-fini.o)
                              /usr/lib/gcc/arm-none-eabi/15.2.0/../../../../arm-none-eabi/lib/thumb/v7-m/nofp/crt0.o (__libc_fini_array)
/usr/lib/gcc/arm-none-eabi/15.2.0/../../../../arm-none-eabi/lib/thumb/v7-m/nofp/libc_nano.a(libc_a-lock.o)
                              /usr/lib/gcc/arm-none-eabi/15.2.0/../../../../arm-none-eabi/lib/thumb/v7-m/nofp/libc_nano.a(libc_a-findfp.o) (__retarget_lock_init_recursive)
/usr/lib/gcc/arm-none-eabi/15.2.0/../../../../arm-none-eabi/lib/thumb/v7-m/nofp/libc_nano.a(libc_a-__atexit.o)
                              /usr/lib/gcc/arm-none-eabi/15.2.0/../../../../arm-none-eabi/lib/thumb/v7-m/nofp/libc_nano.a(libc_a-atexit.o) (__register_exitproc)
/usr/lib/gcc/arm-none-eabi/15.2.0/../../../../arm-none-eabi/lib/thumb/v7-m/nofp/libc_nano.a(libc_a-__call_atexit.o)
                              /usr/lib/gcc/arm-none-eabi/15.2.0/../../../../arm-none-eabi/lib/thumb/v7-m/nofp/libc_nano.a(libc_a-__atexit.o) (__call_exitprocs)
/usr/lib/gcc/arm-none-eabi/15.2.0/../../../../arm-none-eabi/lib/thumb/v7-m/nofp/libc_nano.a(libc_a-freer.o)
                              /usr/lib/gcc/arm-none-eabi/15.2.0/../../../../arm-none-eabi/lib/thumb/v7-m/nofp/libc_nano.a(libc_a-reent.o) (_free_r)
/usr/lib/gcc/arm-none-eabi/15.2.0/../../../../arm-none-eabi/lib/thumb/v7-m/nofp/libc_nano.a(libc_a-mallocr.o)
                              /usr/lib/gcc/arm-none-eabi/15.2.0/../../../../arm-none-eabi/lib/thumb/v7-m/nofp/libc_nano.a(libc_a-findfp.o) (_malloc_r)
[...]
Memory Configuration

Name             Origin             Length             Attributes
RAM              0x20000000         0x00005000         xrw
ROM              0x08008000         0x00010800         xr
*default*        0x00000000         0xffffffff

Linker script and memory map

LOAD /usr/lib/gcc/arm-none-eabi/15.2.0/thumb/v7-m/nofp/crtfastmath.o
LOAD /usr/lib/gcc/arm-none-eabi/15.2.0/thumb/v7-m/nofp/crti.o
LOAD /usr/lib/gcc/arm-none-eabi/15.2.0/thumb/v7-m/nofp/crtbegin.o
LOAD /usr/lib/gcc/arm-none-eabi/15.2.0/../../../../arm-none-eabi/lib/thumb/v7-m/nofp/crt0.o
LOAD objects/ts101/./core/bsp/miniware/startup/startup_stm32f103t8ux.o
LOAD objects/ts101/./core/src/FreeRTOSHooks.o
LOAD /tmp/ccmQ8kX7.ltrans0.ltrans.o
LOAD /tmp/ccmQ8kX7.ltrans1.ltrans.o
LOAD /tmp/ccYxa8Qn.debug.temp.o
LOAD /tmp/ccMLKGFu.debug.temp.o
LOAD /tmp/ccD2n4RH.debug.temp.o
LOAD /tmp/ccyxH6rw.debug.temp.o
LOAD /tmp/ccokNIp2.debug.temp.o
LOAD /tmp/cchsSrcP.debug.temp.o
LOAD /tmp/ccxpUQv6.debug.temp.o
LOAD /tmp/ccAH2ImE.debug.temp.o
LOAD /tmp/ccUVoIH2.debug.temp.o
LOAD /tmp/cch2qMF4.debug.temp.o
LOAD /tmp/cc6uMp4T.debug.temp.o
LOAD /tmp/ccX5FJ5c.debug.temp.o
LOAD /tmp/ccDqQ5uX.debug.temp.o
LOAD /tmp/ccDaalbw.debug.temp.o
LOAD /tmp/cceI0pPb.debug.temp.o
LOAD /tmp/ccuuaYN1.debug.temp.o
LOAD /tmp/ccVXbTtV.debug.temp.o
LOAD /tmp/ccyDsmBT.debug.temp.o
LOAD /tmp/ccp1VbvR.debug.temp.o
LOAD /tmp/cctxPvSG.debug.temp.o
LOAD /tmp/ccpDYGmQ.debug.temp.o
LOAD /tmp/cccCSyfp.debug.temp.o
LOAD /tmp/cc6CvQ48.debug.temp.o
LOAD /tmp/ccoqQzWg.debug.temp.o
LOAD /tmp/ccZidK6F.debug.temp.o
LOAD /tmp/cc4wigRV.debug.temp.o
LOAD /tmp/cc4yT6F1.debug.temp.o
LOAD /tmp/ccCKxVus.debug.temp.o
LOAD /tmp/cc1VgnWj.debug.temp.o
LOAD /tmp/ccQnA9p7.debug.temp.o
LOAD /tmp/ccf7bC4v.debug.temp.o
LOAD /tmp/ccvC6KEF.debug.temp.o
LOAD /tmp/ccQZK7zA.debug.temp.o
LOAD objects/ts101/./core/src/freertos.o
LOAD objects/ts101/./core/src/syscalls.o
LOAD objects/ts101/./core/bsp/miniware/flash.o
LOAD objects/ts101/./core/bsp/miniware/port.o
LOAD objects/ts101/./core/bsp/miniware/stm32f1xx_hal_msp.o
LOAD objects/ts101/./core/bsp/miniware/stm32f1xx_hal_timebase_TIM.o
LOAD objects/ts101/./core/bsp/miniware/stm32f1xx_it.o
LOAD objects/ts101/./core/bsp/miniware/system_stm32f1xx.o
LOAD objects/ts101/./core/bsp/miniware/vendor/stm32f1xx_hal_driver/src/stm32f1xx_hal.o
LOAD objects/ts101/./core/bsp/miniware/vendor/stm32f1xx_hal_driver/src/stm32f1xx_hal_adc.o
LOAD objects/ts101/./core/bsp/miniware/vendor/stm32f1xx_hal_driver/src/stm32f1xx_hal_adc_ex.o
LOAD objects/ts101/./core/bsp/miniware/vendor/stm32f1xx_hal_driver/src/stm32f1xx_hal_cortex.o
LOAD objects/ts101/./core/bsp/miniware/vendor/stm32f1xx_hal_driver/src/stm32f1xx_hal_dma.o
LOAD objects/ts101/./core/bsp/miniware/vendor/stm32f1xx_hal_driver/src/stm32f1xx_hal_flash.o
LOAD objects/ts101/./core/bsp/miniware/vendor/stm32f1xx_hal_driver/src/stm32f1xx_hal_flash_ex.o
LOAD objects/ts101/./core/bsp/miniware/vendor/stm32f1xx_hal_driver/src/stm32f1xx_hal_gpio.o
LOAD objects/ts101/./core/bsp/miniware/vendor/stm32f1xx_hal_driver/src/stm32f1xx_hal_gpio_ex.o
LOAD objects/ts101/./core/bsp/miniware/vendor/stm32f1xx_hal_driver/src/stm32f1xx_hal_iwdg.o
LOAD objects/ts101/./core/bsp/miniware/vendor/stm32f1xx_hal_driver/src/stm32f1xx_hal_pwr.o
LOAD objects/ts101/./core/bsp/miniware/vendor/stm32f1xx_hal_driver/src/stm32f1xx_hal_rcc.o
LOAD objects/ts101/./core/bsp/miniware/vendor/stm32f1xx_hal_driver/src/stm32f1xx_hal_rcc_ex.o
LOAD objects/ts101/./core/bsp/miniware/vendor/stm32f1xx_hal_driver/src/stm32f1xx_hal_tim.o
LOAD objects/ts101/./core/bsp/miniware/vendor/stm32f1xx_hal_driver/src/stm32f1xx_hal_tim_ex.o
LOAD objects/ts101/./middlewares/third_party/freertos/source/croutine.o
LOAD objects/ts101/./middlewares/third_party/freertos/source/event_groups.o
LOAD objects/ts101/./middlewares/third_party/freertos/source/list.o
LOAD objects/ts101/./middlewares/third_party/freertos/source/queue.o
LOAD objects/ts101/./middlewares/third_party/freertos/source/stream_buffer.o
LOAD objects/ts101/./middlewares/third_party/freertos/source/tasks.o
LOAD objects/ts101/./middlewares/third_party/freertos/source/timers.o
LOAD objects/ts101/./middlewares/third_party/freertos/source/cmsis_rtos/cmsis_os.o
LOAD objects/ts101/./core/brieflz/depack.o
LOAD objects/ts101/./core/threads/GUIThread.o
LOAD objects/ts101/./core/threads/MOVThread.o
LOAD objects/ts101/./core/threads/POWThread.o
LOAD objects/ts101/./core/threads/ui/drawing/mono_128x32/draw_cjc_sampling.o
LOAD objects/ts101/./core/threads/ui/drawing/mono_128x32/draw_debug_menu.o
LOAD objects/ts101/./core/threads/ui/drawing/mono_128x32/draw_homescreen_detailed.o
LOAD objects/ts101/./core/threads/ui/drawing/mono_128x32/draw_homescreen_simplified.o
LOAD objects/ts101/./core/threads/ui/drawing/mono_128x32/draw_power_source_icon.o
LOAD objects/ts101/./core/threads/ui/drawing/mono_128x32/draw_profile_advanced.o
LOAD objects/ts101/./core/threads/ui/drawing/mono_128x32/draw_soldering_basic_status.o
LOAD objects/ts101/./core/threads/ui/drawing/mono_128x32/draw_soldering_power_status.o
LOAD objects/ts101/./core/threads/ui/drawing/mono_128x32/draw_soldering_sleep_mode.o
LOAD objects/ts101/./core/threads/ui/drawing/mono_128x32/draw_temperature_change.o
LOAD objects/ts101/./core/threads/ui/drawing/mono_128x32/draw_tip_temperature.o
LOAD objects/ts101/./core/threads/ui/drawing/mono_128x32/draw_usb_pd_debug.o
LOAD objects/ts101/./core/threads/ui/drawing/mono_128x32/draw_warning_undervoltage.o
LOAD objects/ts101/./core/threads/ui/drawing/mono_128x32/pre_render_assets.o
LOAD objects/ts101/./core/threads/ui/drawing/mono_128x32/printSleepCountdown.o
LOAD objects/ts101/./core/threads/ui/drawing/mono_128x32/print_voltage.o
LOAD objects/ts101/./core/threads/ui/drawing/mono_128x32/show_warning.o
LOAD objects/ts101/./core/threads/ui/logic/CJC.o
LOAD objects/ts101/./core/threads/ui/logic/DebugMenu.o
LOAD objects/ts101/./core/threads/ui/logic/HomeScreen.o
LOAD objects/ts101/./core/threads/ui/logic/OperatingModes.o
LOAD objects/ts101/./core/threads/ui/logic/SettingsMenu.o
LOAD objects/ts101/./core/threads/ui/logic/ShowStartupWarnings.o
LOAD objects/ts101/./core/threads/ui/logic/Sleep.o
LOAD objects/ts101/./core/threads/ui/logic/Soldering.o
LOAD objects/ts101/./core/threads/ui/logic/SolderingProfile.o
LOAD objects/ts101/./core/threads/ui/logic/TemperatureAdjust.o
LOAD objects/ts101/./core/threads/ui/logic/USBPDDebug_FS2711.o
LOAD objects/ts101/./core/threads/ui/logic/USBPDDebug_FUSB.o
LOAD objects/ts101/./core/threads/ui/logic/USBPDDebug_HUSB238.o
LOAD objects/ts101/./core/threads/ui/logic/utils/GUIDelay.o
LOAD objects/ts101/./core/threads/ui/logic/utils/SolderingCommon.o
LOAD objects/ts101/./core/threads/ui/logic/utils/checkUndervoltage.o
LOAD objects/ts101/./core/threads/ui/logic/utils/getHallEffectSleepTimeout.o
LOAD objects/ts101/./core/threads/ui/logic/utils/getSleepTimeout.o
LOAD objects/ts101/./core/threads/ui/logic/utils/min.o
LOAD objects/ts101/./core/threads/ui/logic/utils/shouldDeviceShutdown.o
LOAD objects/ts101/./core/threads/ui/logic/utils/shouldDeviceSleep.o
LOAD objects/ts101/./core/threads/PIDThread.o
LOAD objects/ts101/./core/src/QC3.o
LOAD objects/ts101/./core/src/ScrollMessage.o
LOAD objects/ts101/./core/src/Settings.o
LOAD objects/ts101/./core/src/Translation.o
LOAD objects/ts101/./core/src/main.o
LOAD objects/ts101/./core/src/power.o
LOAD objects/ts101/./core/src/settingsGUI.o
LOAD objects/ts101/./core/drivers/BMA223.o
LOAD objects/ts101/./core/drivers/BootLogo.o
LOAD objects/ts101/./core/drivers/Buttons.o
LOAD objects/ts101/./core/drivers/FS2711.o
LOAD objects/ts101/./core/drivers/HUB238.o
LOAD objects/ts101/./core/drivers/I2CBB1.o
LOAD objects/ts101/./core/drivers/I2CBB2.o
LOAD objects/ts101/./core/drivers/LIS2DH12.o
LOAD objects/ts101/./core/drivers/MMA8652FC.o
LOAD objects/ts101/./core/drivers/MSA301.o
LOAD objects/ts101/./core/drivers/SC7A20.o
LOAD objects/ts101/./core/drivers/Si7210.o
LOAD objects/ts101/./core/drivers/TipThermoModel.o
LOAD objects/ts101/./core/drivers/USBPD.o
LOAD objects/ts101/./core/drivers/Utils.o
LOAD objects/ts101/./core/drivers/usb-pd/src/fusb302b.o
LOAD objects/ts101/./core/drivers/usb-pd/src/policy_engine.o
LOAD objects/ts101/./core/drivers/usb-pd/src/policy_engine_states.o
LOAD objects/ts101/./core/drivers/OLED.o
LOAD objects/ts101/./core/bsp/miniware/BSP.o
LOAD objects/ts101/./core/bsp/miniware/IRQ.o
LOAD objects/ts101/./core/bsp/miniware/Power.o
LOAD objects/ts101/./core/bsp/miniware/QC_GPIO.o
LOAD objects/ts101/./core/bsp/miniware/Setup.o
LOAD objects/ts101/./core/bsp/miniware/fusb_user.o
LOAD objects/ts101/./core/bsp/miniware/postRTOS.o
LOAD objects/ts101/./core/bsp/miniware/preRTOS.o
LOAD objects/ts101/./core/bsp/miniware/ThermoModel.o
LOAD objects/ts101/core/gen/Translation.RU.o
LOAD objects/ts101/core/lang_support/lang_single.o
                0x00018800                        __FLASH_SIZE__ = 0x18800
                0x00008000                        __BOOTLDR_SIZE__ = 0x8000
LOAD /usr/lib/gcc/arm-none-eabi/15.2.0/../../../../arm-none-eabi/lib/thumb/v7-m/nofp/libstdc++_nano.a
LOAD /usr/lib/gcc/arm-none-eabi/15.2.0/../../../../arm-none-eabi/lib/thumb/v7-m/nofp/libm.a
START GROUP
LOAD /usr/lib/gcc/arm-none-eabi/15.2.0/thumb/v7-m/nofp/libgcc.a
LOAD /usr/lib/gcc/arm-none-eabi/15.2.0/../../../../arm-none-eabi/lib/thumb/v7-m/nofp/libc_nano.a
END GROUP
START GROUP
LOAD /usr/lib/gcc/arm-none-eabi/15.2.0/thumb/v7-m/nofp/libgcc.a
LOAD /usr/lib/gcc/arm-none-eabi/15.2.0/../../../../arm-none-eabi/lib/thumb/v7-m/nofp/libc_nano.a
LOAD /usr/lib/gcc/arm-none-eabi/15.2.0/../../../../arm-none-eabi/lib/thumb/v7-m/nofp/libnosys.a
END GROUP
START GROUP
LOAD /usr/lib/gcc/arm-none-eabi/15.2.0/thumb/v7-m/nofp/libgcc.a
LOAD /usr/lib/gcc/arm-none-eabi/15.2.0/../../../../arm-none-eabi/lib/thumb/v7-m/nofp/libc_nano.a
LOAD /usr/lib/gcc/arm-none-eabi/15.2.0/../../../../arm-none-eabi/lib/thumb/v7-m/nofp/libnosys.a
END GROUP
LOAD /usr/lib/gcc/arm-none-eabi/15.2.0/thumb/v7-m/nofp/crtend.o
LOAD /usr/lib/gcc/arm-none-eabi/15.2.0/thumb/v7-m/nofp/crtn.o
                0x20005000                        _estack = 0x20005000
                0x00000300                        _Min_Heap_Size = 0x300
                0x00000400                        _Min_Stack_Size = 0x400
                0x08008000                        __APP_BASE_ADDRESS__ = (0x8000000 + __BOOTLDR_SIZE__)
                0x00010800                        __ROM_REGION_LENGTH__ = (__FLASH_SIZE__ - __BOOTLDR_SIZE__)
                0x08018800                        __FLASH_END_ADDR__ = (__APP_BASE_ADDRESS__ + __ROM_REGION_LENGTH__)

.isr_vector     0x08008000      0x10c
                0x08008000                        . = ALIGN (0x4)
 *(.isr_vector)
 .isr_vector    0x08008000      0x10c objects/ts101/./core/bsp/miniware/startup/startup_stm32f103t8ux.o
                0x08008000                g_pfnVectors
                0x0800810c                        . = ALIGN (0x4)

.text           0x08008110     0x9370
                0x08008110                        . = ALIGN (0x4)
 *(.text)
 .text          0x08008110       0x88 /usr/lib/gcc/arm-none-eabi/15.2.0/thumb/v7-m/nofp/crtbegin.o
 *(.text*)
 .text.Reset_Handler
                0x08008198       0x48 objects/ts101/./core/bsp/miniware/startup/startup_stm32f103t8ux.o
                0x08008198                Reset_Handler
 .text.Default_Handler
                0x080081e0        0x2 objects/ts101/./core/bsp/miniware/startup/startup_stm32f103t8ux.o
                0x080081e0                RTC_Alarm_IRQHandler
                0x080081e0                EXTI2_IRQHandler
                0x080081e0                DebugMon_Handler
                0x080081e0                TIM1_CC_IRQHandler
                0x080081e0                HardFault_Handler
                0x080081e0                PVD_IRQHandler
                0x080081e0                NMI_Handler
                0x080081e0                EXTI3_IRQHandler
                0x080081e0                EXTI0_IRQHandler
                0x080081e0                I2C2_EV_IRQHandler
                0x080081e0                UsageFault_Handler
                0x080081e0                SPI1_IRQHandler
                0x080081e0                TAMPER_IRQHandler
                0x080081e0                DMA1_Channel4_IRQHandler
                0x080081e0                USART3_IRQHandler
                0x080081e0                RTC_IRQHandler
                0x080081e0                DMA1_Channel7_IRQHandler
                0x080081e0                CAN1_RX1_IRQHandler
                0x080081e0                I2C1_EV_IRQHandler
                0x080081e0                DMA1_Channel6_IRQHandler
                0x080081e0                RCC_IRQHandler
                0x080081e0                TIM1_TRG_COM_IRQHandler
                0x080081e0                Default_Handler
                0x080081e0                EXTI15_10_IRQHandler
                0x080081e0                SPI2_IRQHandler
                0x080081e0                MemManage_Handler
                0x080081e0                DMA1_Channel5_IRQHandler
                0x080081e0                EXTI4_IRQHandler
                0x080081e0                USB_LP_CAN1_RX0_IRQHandler
                0x080081e0                USB_HP_CAN1_TX_IRQHandler
                0x080081e0                DMA1_Channel3_IRQHandler
                0x080081e0                WWDG_IRQHandler
                0x080081e0                TIM1_BRK_IRQHandler
                0x080081e0                EXTI1_IRQHandler
                0x080081e0                USART2_IRQHandler
                0x080081e0                I2C2_ER_IRQHandler
                0x080081e0                DMA1_Channel2_IRQHandler
                0x080081e0                CAN1_SCE_IRQHandler
                0x080081e0                FLASH_IRQHandler
                0x080081e0                BusFault_Handler
                0x080081e0                USART1_IRQHandler
                0x080081e0                I2C1_ER_IRQHandler
                0x080081e0                USBWakeUp_IRQHandler
 .text.prvTaskExitError
                0x080081e2        0x2 /tmp/ccmQ8kX7.ltrans0.ltrans.o
 .text.prvPortStartFirstTask
                0x080081e4       0x20 /tmp/ccmQ8kX7.ltrans0.ltrans.o
 .text.vPortEnterCritical.part.0
                0x08008204       0x12 /tmp/ccmQ8kX7.ltrans0.ltrans.o
 *fill*         0x08008216        0x2 
 .text.vPortEnterCritical
                0x08008218       0x34 /tmp/ccmQ8kX7.ltrans0.ltrans.o
 .text.vPortExitCritical
                0x0800824c       0x1c /tmp/ccmQ8kX7.ltrans0.ltrans.o
 .text.vPortValidateInterruptPriority
                0x08008268       0x50 /tmp/ccmQ8kX7.ltrans0.ltrans.o
 .text.ADC_Enable
                0x080082b8       0x6c /tmp/ccmQ8kX7.ltrans0.ltrans.o
 .text.ADC_ConversionStop_Disable
                0x08008324       0x40 /tmp/ccmQ8kX7.ltrans0.ltrans.o
 .text.ADC_DMAConvCplt
                0x08008364       0x44 /tmp/ccmQ8kX7.ltrans0.ltrans.o
 .text.HAL_ADCEx_Calibration_Start
                0x080083a8       0xe4 /tmp/ccmQ8kX7.ltrans0.ltrans.o
 .text.HAL_ADCEx_InjectedStart.isra.0
                0x0800848c       0xa8 /tmp/ccmQ8kX7.ltrans0.ltrans.o
 .text.HAL_ADCEx_InjectedConfigChannel.isra.0
                0x08008534      0x118 /tmp/ccmQ8kX7.ltrans0.ltrans.o
 .text.HAL_NVIC_SetPriority.constprop.0
                0x0800864c       0x50 /tmp/ccmQ8kX7.ltrans0.ltrans.o
 .text.HAL_FLASH_Unlock.isra.0
                0x0800869c       0x20 /tmp/ccmQ8kX7.ltrans0.ltrans.o
 .text.FLASH_WaitForLastOperation.constprop.0
                0x080086bc       0x94 /tmp/ccmQ8kX7.ltrans0.ltrans.o
 .text.HAL_GPIO_Init
                0x08008750      0x1b8 /tmp/ccmQ8kX7.ltrans0.ltrans.o
 .text.HAL_ADC_Init.constprop.0.isra.0
                0x08008908      0x1c4 /tmp/ccmQ8kX7.ltrans0.ltrans.o
 .text.HAL_TIM_PWM_Start.constprop.0.isra.0
                0x08008acc       0x54 /tmp/ccmQ8kX7.ltrans0.ltrans.o
 .text.TIM_Base_SetConfig
                0x08008b20       0x70 /tmp/ccmQ8kX7.ltrans0.ltrans.o
 .text.HAL_TIM_Base_Init.constprop.0
                0x08008b90       0xb4 /tmp/ccmQ8kX7.ltrans0.ltrans.o
 .text.HAL_TIM_OC_Init.isra.0
                0x08008c44       0x4c /tmp/ccmQ8kX7.ltrans0.ltrans.o
 .text.HAL_TIM_Base_Start_IT.part.0.isra.0
                0x08008c90       0x44 /tmp/ccmQ8kX7.ltrans0.ltrans.o
 .text.HAL_InitTick.constprop.0.isra.0
                0x08008cd4       0x9c /tmp/ccmQ8kX7.ltrans0.ltrans.o
 .text.HAL_TIMEx_MasterConfigSynchronization.constprop.0.isra.0
                0x08008d70       0x54 /tmp/ccmQ8kX7.ltrans0.ltrans.o
 .text.vListInsert
                0x08008dc4       0x2e /tmp/ccmQ8kX7.ltrans0.ltrans.o
 .text.uxListRemove
                0x08008df2       0x1e /tmp/ccmQ8kX7.ltrans0.ltrans.o
 .text.vTaskSuspendAll
                0x08008e10       0x10 /tmp/ccmQ8kX7.ltrans0.ltrans.o
 .text.xTaskRemoveFromEventList.isra.0
                0x08008e20       0xc8 /tmp/ccmQ8kX7.ltrans0.ltrans.o
 .text.prvUnlockQueue
                0x08008ee8       0x6c /tmp/ccmQ8kX7.ltrans0.ltrans.o
 .text.uxTaskGetStackHighWaterMark
                0x08008f54       0x1c /tmp/ccmQ8kX7.ltrans0.ltrans.o
 .text.prvResetNextTaskUnblockTime
                0x08008f70       0x24 /tmp/ccmQ8kX7.ltrans0.ltrans.o
 .text.xTaskIncrementTick
                0x08008f94      0x188 /tmp/ccmQ8kX7.ltrans0.ltrans.o
 .text.xTaskResumeAll
                0x0800911c      0x170 /tmp/ccmQ8kX7.ltrans0.ltrans.o
 .text.xTaskGetSchedulerState
                0x0800928c       0x20 /tmp/ccmQ8kX7.ltrans0.ltrans.o
 .text.prvAddCurrentTaskToDelayedList.isra.0
                0x080092ac       0x78 /tmp/ccmQ8kX7.ltrans0.ltrans.o
 .text.ulTaskGenericNotifyTake.part.0.constprop.0
                0x08009324       0x68 /tmp/ccmQ8kX7.ltrans0.ltrans.o
 .text._ZN16USBPowerDelivery15isVBUSConnectedEv
                0x0800938c        0x4 /tmp/ccmQ8kX7.ltrans0.ltrans.o
 .text._Z11noOpDisplayv
                0x08009390        0x2 /tmp/ccmQ8kX7.ltrans0.ltrans.o
                0x08009390                noOpDisplay()
 .text._ZN12_GLOBAL__N_1L17temperaturePlacesEl.lto_priv.0
                0x08009392       0x12 /tmp/ccmQ8kX7.ltrans0.ltrans.o
 .text._ZN12_GLOBAL__N_1L16temperatureTextXEsl
                0x080093a4       0x1c /tmp/ccmQ8kX7.ltrans0.ltrans.o
 .text._Z30ui_get_temperature_slide_framel24TemperatureAnimationSlothR21TemperatureSlideFrame
                0x080093c0       0x88 /tmp/ccmQ8kX7.ltrans0.ltrans.o
 .text._Z13getMenuLengthPK8menuitemt
                0x08009448       0x2e /tmp/ccmQ8kX7.ltrans0.ltrans.o
 *fill*         0x08009476        0x2 
 .text._Z15getSleepTimeoutv
                0x08009478       0x30 /tmp/ccmQ8kX7.ltrans0.ltrans.o
 .text._Z16shouldBeSleepingv
                0x080094a8       0x58 /tmp/ccmQ8kX7.ltrans0.ltrans.o
 .text._ZL17getSettingMaximum15SettingsOptions
                0x08009500       0x44 /tmp/ccmQ8kX7.ltrans0.ltrans.o
 .text._Z15setSettingValue15SettingsOptionst
                0x08009544       0x30 /tmp/ccmQ8kX7.ltrans0.ltrans.o
 .text._Z16nextSettingValue15SettingsOptions
                0x08009574       0x40 /tmp/ccmQ8kX7.ltrans0.ltrans.o
 .text._ZZ16gui_SettingsMenu11ButtonStateP10guiContextENKUlvE_clEv.isra.0
                0x080095b4       0x20 /tmp/ccmQ8kX7.ltrans0.ltrans.o
 .text._ZL20showSolderingTipTypev
                0x080095d4        0x4 /tmp/ccmQ8kX7.ltrans0.ltrans.o
 .text._Z18isLastSettingValue15SettingsOptions
                0x080095d8       0x7c /tmp/ccmQ8kX7.ltrans0.ltrans.o
 .text._ZL17showInputVOptionsv
                0x08009654       0x14 /tmp/ccmQ8kX7.ltrans0.ltrans.o
 .text._ZL12setBoostTempv
                0x08009668       0x40 /tmp/ccmQ8kX7.ltrans0.ltrans.o
 .text._ZL16showSleepOptionsv
                0x080096a8       0x14 /tmp/ccmQ8kX7.ltrans0.ltrans.o
 .text._ZL12setSleepTempv
                0x080096bc       0x30 /tmp/ccmQ8kX7.ltrans0.ltrans.o
 .text._ZL8setTempF15SettingsOptions
                0x080096ec       0x44 /tmp/ccmQ8kX7.ltrans0.ltrans.o
 .text._ZL8setTempFv
                0x08009730       0x1e /tmp/ccmQ8kX7.ltrans0.ltrans.o
 *fill*         0x0800974e        0x2 
 .text._ZL23displayAnimationOptionsv
                0x08009750       0x14 /tmp/ccmQ8kX7.ltrans0.ltrans.o
 .text._ZL21showPowerPulseOptionsv
                0x08009764       0x14 /tmp/ccmQ8kX7.ltrans0.ltrans.o
 .text._ZN6I2CBB15startEv
                0x08009778       0x3c /tmp/ccmQ8kX7.ltrans0.ltrans.o
 .text._ZN6I2CBB14stopEv
                0x080097b4       0x30 /tmp/ccmQ8kX7.ltrans0.ltrans.o
 .text._ZN6I2CBB18read_bitEv
                0x080097e4       0x30 /tmp/ccmQ8kX7.ltrans0.ltrans.o
 .text._ZN6I2CBB19write_bitEh
                0x08009814       0x30 /tmp/ccmQ8kX7.ltrans0.ltrans.o
 .text._ZN6I2CBB14sendEh
                0x08009844       0x34 /tmp/ccmQ8kX7.ltrans0.ltrans.o
 .text._Z16get_ms_timestampv
                0x08009878        0xc /tmp/ccmQ8kX7.ltrans0.ltrans.o
                0x08009878                get_ms_timestamp()
 .text.HAL_TIM_PWM_ConfigChannel.constprop.0.isra.0
                0x08009884       0x74 /tmp/ccmQ8kX7.ltrans0.ltrans.o
 .text._ZL20detectThermalRunawaylm
                0x080098f8       0x98 /tmp/ccmQ8kX7.ltrans0.ltrans.o
 .text.xQueueGenericSend.constprop.0.isra.0
                0x08009990      0x158 /tmp/ccmQ8kX7.ltrans0.ltrans.o
 .text.xQueueCreateMutexStatic.constprop.0
                0x08009ae8       0x84 /tmp/ccmQ8kX7.ltrans0.ltrans.o
 .text._ZN6I2CBB16unlockEv
                0x08009b6c        0xc /tmp/ccmQ8kX7.ltrans0.ltrans.o
 .text.xTaskCreateStatic.constprop.0
                0x08009b78      0x204 /tmp/ccmQ8kX7.ltrans0.ltrans.o
 .text.osThreadCreate.constprop.0
                0x08009d7c       0x28 /tmp/ccmQ8kX7.ltrans0.ltrans.o
 .text._ZN4OLED11clearScreenEv
                0x08009da4       0x14 /tmp/ccmQ8kX7.ltrans0.ltrans.o
 .text.prvIdleTask
                0x08009db8       0x28 /tmp/ccmQ8kX7.ltrans0.ltrans.o
 .text._Z8warnUserPKc11ButtonState
                0x08009de0       0x34 /tmp/ccmQ8kX7.ltrans0.ltrans.o
 .text._ZL12displayTempFv
                0x08009e14       0x30 /tmp/ccmQ8kX7.ltrans0.ltrans.o
 .text._Z17drawScrollingTextPKcm
                0x08009e44       0x94 /tmp/ccmQ8kX7.ltrans0.ltrans.o
 .text._ZL16displayUSBPDModev
                0x08009ed8       0x44 /tmp/ccmQ8kX7.ltrans0.ltrans.o
 .text._ZL23displaySolderingTipTypev
                0x08009f1c       0x44 /tmp/ccmQ8kX7.ltrans0.ltrans.o
 .text._ZL22displayDisplayRotationv
                0x08009f60       0x34 /tmp/ccmQ8kX7.ltrans0.ltrans.o
 .text._ZL18displayScrollSpeedv
                0x08009f94       0x30 /tmp/ccmQ8kX7.ltrans0.ltrans.o
 .text._ZN12_GLOBAL__N_1L11drawVoltageEm
                0x08009fc4       0x4c /tmp/ccmQ8kX7.ltrans0.ltrans.o
 .text._ZN12_GLOBAL__N_1L11drawWattageEm.lto_priv.0
                0x0800a010       0x58 /tmp/ccmQ8kX7.ltrans0.ltrans.o
 .text._ZL18displayInputVRangev
                0x0800a068       0x40 /tmp/ccmQ8kX7.ltrans0.ltrans.o
 .text._ZL21displayInputMinVRangev
                0x0800a0a8       0x48 /tmp/ccmQ8kX7.ltrans0.ltrans.o
 .text._ZL26displayTempChangeShortStepv
                0x0800a0f0       0x14 /tmp/ccmQ8kX7.ltrans0.ltrans.o
 .text._ZL25displayTempChangeLongStepv
                0x0800a104       0x14 /tmp/ccmQ8kX7.ltrans0.ltrans.o
 .text._ZL16displaySleepTempv
                0x0800a118       0x14 /tmp/ccmQ8kX7.ltrans0.ltrans.o
 .text._ZL21displayPowerPulseWaitv
                0x0800a12c       0x14 /tmp/ccmQ8kX7.ltrans0.ltrans.o
 .text._ZL25displayPowerPulseDurationv
                0x0800a140       0x14 /tmp/ccmQ8kX7.ltrans0.ltrans.o
 .text._ZN4OLED19drawUnavailableIconEv
                0x0800a154       0x1c /tmp/ccmQ8kX7.ltrans0.ltrans.o
 .text._ZL19displayPDNegTimeoutv
                0x0800a170       0x1c /tmp/ccmQ8kX7.ltrans0.ltrans.o
 .text._ZL16displayBoostTempv
                0x0800a18c       0x20 /tmp/ccmQ8kX7.ltrans0.ltrans.o
 .text._ZL25displayAutomaticStartModev
                0x0800a1ac       0x44 /tmp/ccmQ8kX7.ltrans0.ltrans.o
 .text._ZL18displayLockingModev
                0x0800a1f0       0x34 /tmp/ccmQ8kX7.ltrans0.ltrans.o
 .text._ZL18displaySensitivityv
                0x0800a224       0x20 /tmp/ccmQ8kX7.ltrans0.ltrans.o
 .text._ZL16displaySleepTimev
                0x0800a244       0x64 /tmp/ccmQ8kX7.ltrans0.ltrans.o
 .text._ZL19displayShutdownTimev
                0x0800a2a8       0x38 /tmp/ccmQ8kX7.ltrans0.ltrans.o
 .text._ZL21displayAnimationSpeedv
                0x0800a2e0       0x44 /tmp/ccmQ8kX7.ltrans0.ltrans.o
 .text._ZL17displayPowerLimitv
                0x0800a324       0x38 /tmp/ccmQ8kX7.ltrans0.ltrans.o
 .text._ZL17displayPowerPulsev
                0x0800a35c       0x58 /tmp/ccmQ8kX7.ltrans0.ltrans.o
 .text._ZL15displayLogoTimev
                0x0800a3b4       0x68 /tmp/ccmQ8kX7.ltrans0.ltrans.o
 .text._ZL11displayMenuj
                0x0800a41c       0xbc /tmp/ccmQ8kX7.ltrans0.ltrans.o
 .text._ZL16displayPowerMenuv
                0x0800a4d8        0x6 /tmp/ccmQ8kX7.ltrans0.ltrans.o
 .text._ZL20displaySolderingMenuv
                0x0800a4de        0x6 /tmp/ccmQ8kX7.ltrans0.ltrans.o
 .text._ZL22displayPowerSavingMenuv
                0x0800a4e4        0x6 /tmp/ccmQ8kX7.ltrans0.ltrans.o
 .text._ZL13displayUIMenuv
                0x0800a4ea        0x6 /tmp/ccmQ8kX7.ltrans0.ltrans.o
 .text._ZL19displayAdvancedMenuv
                0x0800a4f0        0x6 /tmp/ccmQ8kX7.ltrans0.ltrans.o
 *fill*         0x0800a4f6        0x2 
 .text._Z12printVoltagev
                0x0800a4f8       0x4c /tmp/ccmQ8kX7.ltrans0.ltrans.o
 .text._Z12availableW10h
                0x0800a544       0x38 /tmp/ccmQ8kX7.ltrans0.ltrans.o
 .text._Z13X10WattsToPWMlh
                0x0800a57c       0x30 /tmp/ccmQ8kX7.ltrans0.ltrans.o
 .text._Z14setTipX10Wattsl
                0x0800a5ac       0x6c /tmp/ccmQ8kX7.ltrans0.ltrans.o
 .text._Z25ui_draw_temperature_smalllhh
                0x0800a618       0x64 /tmp/ccmQ8kX7.ltrans0.ltrans.o
 .text._ZL18setDisplayRotationv
                0x0800a67c       0x24 /tmp/ccmQ8kX7.ltrans0.ltrans.o
 .text._ZL22displayBrightnessLevelv
                0x0800a6a0       0x30 /tmp/ccmQ8kX7.ltrans0.ltrans.o
 .text._ZN16USBPowerDelivery11fusbPresentEv
                0x0800a6d0       0x20 /tmp/ccmQ8kX7.ltrans0.ltrans.o
 .text._ZN16USBPowerDelivery19negotiationCompleteEv
                0x0800a6f0       0x64 /tmp/ccmQ8kX7.ltrans0.ltrans.o
 .text._ZN12_GLOBAL__N_1L19drawFullscreenDigitEhsa
                0x0800a754       0x2c /tmp/ccmQ8kX7.ltrans0.ltrans.o
 .text._ZN12_GLOBAL__N_1L20drawFullscreenDigitsElsa
                0x0800a780       0x68 /tmp/ccmQ8kX7.ltrans0.ltrans.o
 .text._Z39ui_draw_temperature_fullscreen_animatedlh24TemperatureAnimationSlot
                0x0800a7e8      0x110 /tmp/ccmQ8kX7.ltrans0.ltrans.o
 .text._ZN12_GLOBAL__N_1L18drawTallSmallGlyphEsPKha
                0x0800a8f8       0x84 /tmp/ccmQ8kX7.ltrans0.ltrans.o
 .text._ZN12_GLOBAL__N_1L25drawTallTemperatureDigitsEsla
                0x0800a97c       0x68 /tmp/ccmQ8kX7.ltrans0.ltrans.o
 .text._Z20getPowerSourceNumberv
                0x0800a9e4       0x34 /tmp/ccmQ8kX7.ltrans0.ltrans.o
 .text._Z32ui_draw_soldering_detailed_sleepl
                0x0800aa18      0x158 /tmp/ccmQ8kX7.ltrans0.ltrans.o
 .text._Z25ui_draw_power_source_iconv
                0x0800ab70       0xb4 /tmp/ccmQ8kX7.ltrans0.ltrans.o
 .text._ZN4OLED12drawCheckboxEb
                0x0800ac24        0xa /tmp/ccmQ8kX7.ltrans0.ltrans.o
 *fill*         0x0800ac2e        0x2 
 .text._ZL26displayCoolingBlinkEnabledv
                0x0800ac30       0x14 /tmp/ccmQ8kX7.ltrans0.ltrans.o
 .text._ZL37displayReverseButtonTempChangeEnabledv
                0x0800ac44       0x14 /tmp/ccmQ8kX7.ltrans0.ltrans.o
 .text._ZL28displayReverseButtonSettingsv
                0x0800ac58       0x18 /tmp/ccmQ8kX7.ltrans0.ltrans.o
 .text._ZL20displayAnimationLoopv
                0x0800ac70       0x14 /tmp/ccmQ8kX7.ltrans0.ltrans.o
 .text._ZL18displayInvertColorv
                0x0800ac84       0x2c /tmp/ccmQ8kX7.ltrans0.ltrans.o
 .text._ZL26displayAdvancedIDLEScreensv
                0x0800acb0       0x14 /tmp/ccmQ8kX7.ltrans0.ltrans.o
 .text._ZL31displayAdvancedSolderingScreensv
                0x0800acc4       0x14 /tmp/ccmQ8kX7.ltrans0.ltrans.o
 .text._ZL16displayCalibratev
                0x0800acd8       0x18 /tmp/ccmQ8kX7.ltrans0.ltrans.o
 .text._Z12saveSettingsv
                0x0800acf0       0xe4 /tmp/ccmQ8kX7.ltrans0.ltrans.o
 .text._Z16sanitiseSettingsv
                0x0800add4       0xb8 /tmp/ccmQ8kX7.ltrans0.ltrans.o
 .text._ZN16USBPowerDelivery4stepEv
                0x0800ae8c      0x750 /tmp/ccmQ8kX7.ltrans0.ltrans.o
 *fill*         0x0800b5dc        0x4 
 .text.SVC_Handler
                0x0800b5e0       0x24 /tmp/ccmQ8kX7.ltrans0.ltrans.o
                0x0800b5e0                SVC_Handler
 *fill*         0x0800b604        0xc 
 .text.PendSV_Handler
                0x0800b610       0x44 /tmp/ccmQ8kX7.ltrans0.ltrans.o
                0x0800b610                PendSV_Handler
 .text.SysTick_Handler
                0x0800b654       0x34 /tmp/ccmQ8kX7.ltrans0.ltrans.o
                0x0800b654                SysTick_Handler
 .text.DMA1_Channel1_IRQHandler
                0x0800b688      0x120 /tmp/ccmQ8kX7.ltrans0.ltrans.o
                0x0800b688                DMA1_Channel1_IRQHandler
 .text.ADC1_2_IRQHandler
                0x0800b7a8      0x1c0 /tmp/ccmQ8kX7.ltrans0.ltrans.o
                0x0800b7a8                ADC1_2_IRQHandler
 .text.EXTI9_5_IRQHandler
                0x0800b968      0x118 /tmp/ccmQ8kX7.ltrans0.ltrans.o
                0x0800b968                EXTI9_5_IRQHandler
 .text.SystemInit
                0x0800ba80       0x4c /tmp/ccmQ8kX7.ltrans0.ltrans.o
                0x0800ba80                SystemInit
 .text.HAL_TIM_PWM_Stop.constprop.0.isra.0
                0x0800bacc       0x60 /tmp/ccmQ8kX7.ltrans0.ltrans.o
                0x0800bacc                HAL_TIM_PWM_Stop.constprop.0.isra.0
 .text.HAL_TIM_IRQHandler
                0x0800bb2c      0x15c /tmp/ccmQ8kX7.ltrans0.ltrans.o
 .text.TIM1_UP_IRQHandler
                0x0800bc88        0xc /tmp/ccmQ8kX7.ltrans0.ltrans.o
                0x0800bc88                TIM1_UP_IRQHandler
 .text.TIM3_IRQHandler
                0x0800bc94       0x20 /tmp/ccmQ8kX7.ltrans0.ltrans.o
                0x0800bc94                TIM3_IRQHandler
 .text.TIM2_IRQHandler
                0x0800bcb4       0x1c /tmp/ccmQ8kX7.ltrans0.ltrans.o
                0x0800bcb4                TIM2_IRQHandler
 .text.TIM4_IRQHandler
                0x0800bcd0       0x20 /tmp/ccmQ8kX7.ltrans0.ltrans.o
                0x0800bcd0                TIM4_IRQHandler
 .text.xQueueSemaphoreTake.constprop.0
                0x0800bcf0      0x320 /tmp/ccmQ8kX7.ltrans0.ltrans.o
                0x0800bcf0                xQueueSemaphoreTake.constprop.0
 .text._ZN6I2CBB14lockEv
                0x0800c010       0x14 /tmp/ccmQ8kX7.ltrans0.ltrans.o
 .text._ZN6I2CBB15probeEh
                0x0800c024       0x24 /tmp/ccmQ8kX7.ltrans0.ltrans.o
 .text._ZN6I2CBB18Mem_ReadEttPht
                0x0800c048       0xa4 /tmp/ccmQ8kX7.ltrans0.ltrans.o
 .text._ZN6I2CBB116I2C_RegisterReadEhh
                0x0800c0ec       0x1a /tmp/ccmQ8kX7.ltrans0.ltrans.o
 *fill*         0x0800c106        0x2 
 .text.xTaskDelayUntil.isra.0
                0x0800c108       0x6c /tmp/ccmQ8kX7.ltrans0.ltrans.o
                0x0800c108                xTaskDelayUntil.isra.0
 .text.vTaskDelay
                0x0800c174       0x3c /tmp/ccmQ8kX7.ltrans0.ltrans.o
                0x0800c174                vTaskDelay
 .text.startPOWTask
                0x0800c1b0      0x390 /tmp/ccmQ8kX7.ltrans0.ltrans.o
 .text._Z8ms_delaym
                0x0800c540        0xa /tmp/ccmQ8kX7.ltrans0.ltrans.o
                0x0800c540                ms_delay(unsigned long)
 *fill*         0x0800c54a        0x2 
 .text.vTaskSwitchContext
                0x0800c54c       0x8c /tmp/ccmQ8kX7.ltrans0.ltrans.o
                0x0800c54c                vTaskSwitchContext
 .text._Z14getButtonStatev
                0x0800c5d8       0x98 /tmp/ccmQ8kX7.ltrans0.ltrans.o
                0x0800c5d8                getButtonState()
 .text._ZL16userConfirmationPKc
                0x0800c670       0x30 /tmp/ccmQ8kX7.ltrans0.ltrans.o
 .text._ZL12setCalibratev
                0x0800c6a0       0x30 /tmp/ccmQ8kX7.ltrans0.ltrans.o
 .text._ZL16setResetSettingsv
                0x0800c6d0       0x4c /tmp/ccmQ8kX7.ltrans0.ltrans.o
 .text._Z18waitForButtonPressv
                0x0800c71c       0x2a /tmp/ccmQ8kX7.ltrans0.ltrans.o
 *fill*         0x0800c746        0x2 
 .text._Z20checkForUnderVoltagev
                0x0800c748       0xcc /tmp/ccmQ8kX7.ltrans0.ltrans.o
 .text._Z18checkExitSolderingv
                0x0800c814       0x30 /tmp/ccmQ8kX7.ltrans0.ltrans.o
 .text._Z27waitForButtonPressOrTimeoutm
                0x0800c844       0x40 /tmp/ccmQ8kX7.ltrans0.ltrans.o
 .text._ZL15setCalibrateVINv
                0x0800c884      0x10c /tmp/ccmQ8kX7.ltrans0.ltrans.o
 .text._Z5delayv
                0x0800c990       0x24 /tmp/ccmQ8kX7.ltrans0.ltrans.o
 .text._ZN6I2CBB19Mem_WriteEttPKht
                0x0800c9b4       0x5a /tmp/ccmQ8kX7.ltrans0.ltrans.o
                0x0800c9b4                I2CBB1::Mem_Write(unsigned short, unsigned short, unsigned char const*, unsigned short)
 *fill*         0x0800ca0e        0x2 
 .text._ZN6I2CBB118writeRegistersBulkEhPKNS_7I2C_REGEh
                0x0800ca10       0x48 /tmp/ccmQ8kX7.ltrans0.ltrans.o
 .text.startMOVTask
                0x0800ca58      0x450 /tmp/ccmQ8kX7.ltrans0.ltrans.o
 .text._ZN6I2CBB25startEv
                0x0800cea8       0x3c /tmp/ccmQ8kX7.ltrans0.ltrans.o
                0x0800cea8                I2CBB2::start()
 .text._ZN6I2CBB24stopEv
                0x0800cee4       0x30 /tmp/ccmQ8kX7.ltrans0.ltrans.o
                0x0800cee4                I2CBB2::stop()
 .text._ZN6I2CBB28read_bitEv
                0x0800cf14       0x30 /tmp/ccmQ8kX7.ltrans0.ltrans.o
                0x0800cf14                I2CBB2::read_bit()
 .text._ZN6I2CBB26unlockEv
                0x0800cf44        0xc /tmp/ccmQ8kX7.ltrans0.ltrans.o
                0x0800cf44                I2CBB2::unlock()
 .text.startup.main
                0x0800cf50      0xb88 /tmp/ccmQ8kX7.ltrans0.ltrans.o
                0x0800cf50                main
 .text._ZN6I2CBB29write_bitEh
                0x0800dad8       0x30 /tmp/ccmQ8kX7.ltrans0.ltrans.o
                0x0800dad8                I2CBB2::write_bit(unsigned char)
 .text._ZN6I2CBB24sendEh
                0x0800db08       0x34 /tmp/ccmQ8kX7.ltrans0.ltrans.o
                0x0800db08                I2CBB2::send(unsigned char)
 .text._ZN14TipThermoModel20convertTipRawADCTouVEtb
                0x0800db3c       0x3c /tmp/ccmQ8kX7.ltrans0.ltrans.o
                0x0800db3c                TipThermoModel::convertTipRawADCTouV(unsigned short, bool)
 .text._ZN14TipThermoModel22convertTipRawADCToDegCEt
                0x0800db78       0x70 /tmp/ccmQ8kX7.ltrans0.ltrans.o
 .text._ZN14TipThermoModel9getTipInCEb
                0x0800dbe8       0x34 /tmp/ccmQ8kX7.ltrans0.ltrans.o
                0x0800dbe8                TipThermoModel::getTipInC(bool)
 .text._Z25gui_SolderingSleepingMode11ButtonStateP10guiContext.constprop.0
                0x0800dc1c       0xd4 /tmp/ccmQ8kX7.ltrans0.ltrans.o
 .text._Z10getTipTempv
                0x0800dcf0       0x2c /tmp/ccmQ8kX7.ltrans0.ltrans.o
 .text._Z35ui_draw_soldering_fullscreen_statusb
                0x0800dd1c      0x118 /tmp/ccmQ8kX7.ltrans0.ltrans.o
 .text._ZN14TipThermoModel12getTipMaxInCEv
                0x0800de34       0x20 /tmp/ccmQ8kX7.ltrans0.ltrans.o
                0x0800de34                TipThermoModel::getTipMaxInC()
 .text._Z13guiHandleDrawv
                0x0800de54     0x1a44 /tmp/ccmQ8kX7.ltrans0.ltrans.o
 .text.startGUITask
                0x0800f898      0x4b4 /tmp/ccmQ8kX7.ltrans0.ltrans.o
 .text.startPIDTask
                0x0800fd4c      0x254 /tmp/ccmQ8kX7.ltrans0.ltrans.o
 .text._ZN4OLED26checkDisplayBufferChecksumEv
                0x0800ffa0       0x30 /tmp/ccmQ8kX7.ltrans1.ltrans.o
 .text._ZN7historyItLh4EE6updateEt
                0x0800ffd0       0x1e /tmp/ccmQ8kX7.ltrans1.ltrans.o
 .text._Z26settings_setLanguageSwitchv
                0x0800ffee        0x2 /tmp/ccmQ8kX7.ltrans1.ltrans.o
                0x0800ffee                settings_setLanguageSwitch()
 .text._Z30settings_displayLanguageSwitchv
                0x0800fff0        0x2 /tmp/ccmQ8kX7.ltrans1.ltrans.o
                0x0800fff0                settings_displayLanguageSwitch()
 *fill*         0x0800fff2        0x2 
 .text._Z13fusb_read_bufhhhPh
                0x0800fff4       0xa8 /tmp/ccmQ8kX7.ltrans1.ltrans.o
 .text._ZNK7FUSB30212fusb_read_idEv.constprop.0
                0x0801009c       0x34 /tmp/ccmQ8kX7.ltrans1.ltrans.o
                0x0801009c                FUSB302::fusb_read_id() const [clone .constprop.0]
 .text._ZNK7FUSB30214fusb_read_byteEh
                0x080100d0       0x16 /tmp/ccmQ8kX7.ltrans1.ltrans.o
                0x080100d0                FUSB302::fusb_read_byte(unsigned char) const
 *fill*         0x080100e6        0x2 
 .text._ZNK7FUSB30215fusb_write_byteEhh.constprop.0
                0x080100e8       0x20 /tmp/ccmQ8kX7.ltrans1.ltrans.o
                0x080100e8                FUSB302::fusb_write_byte(unsigned char, unsigned char) const [clone .constprop.0]
 .text._ZNK10ringbufferI6pd_msgLj4EE11getOccupiedEv.constprop.0
                0x08010108       0x20 /tmp/ccmQ8kX7.ltrans1.ltrans.o
                0x08010108                ringbuffer<pd_msg, 4u>::getOccupied() const [clone .constprop.0]
 .text._ZN12PolicyEngine12waitForEventENS_19policy_engine_stateEmm.constprop.0
                0x08010128       0x44 /tmp/ccmQ8kX7.ltrans1.ltrans.o
                0x08010128                PolicyEngine::waitForEvent(PolicyEngine::policy_engine_state, unsigned long, unsigned long) [clone .constprop.0]
 .text._ZN12PolicyEngine19pe_start_message_txENS_19policy_engine_stateES0_P6pd_msg.constprop.0
                0x0801016c       0x90 /tmp/ccmQ8kX7.ltrans1.ltrans.o
                0x0801016c                PolicyEngine::pe_start_message_tx(PolicyEngine::policy_engine_state, PolicyEngine::policy_engine_state, pd_msg*) [clone .constprop.0]
 .text._ZN10ringbufferI6pd_msgLj4EE3popEPS0_.constprop.0
                0x080101fc       0x54 /tmp/ccmQ8kX7.ltrans1.ltrans.o
                0x080101fc                ringbuffer<pd_msg, 4u>::pop(pd_msg*) [clone .constprop.0]
 .text._ZN12PolicyEngine21pe_sink_wait_good_crcEv.constprop.0
                0x08010250       0x70 /tmp/ccmQ8kX7.ltrans1.ltrans.o
                0x08010250                PolicyEngine::pe_sink_wait_good_crc() [clone .constprop.0]
 .text._ZL14readPageColumnPKPhh.constprop.0
                0x080102c0       0x26 /tmp/ccmQ8kX7.ltrans1.ltrans.o
                0x080102c0                readPageColumn(unsigned char* const*, unsigned char) [clone .constprop.0]
 .text._ZL20interpolateScrollbarmmh.lto_priv.0
                0x080102e6       0x94 /tmp/ccmQ8kX7.ltrans1.ltrans.o
                0x080102e6                interpolateScrollbar(unsigned long, unsigned long, unsigned char) [clone .lto_priv.0]
 .text._Z21i2c_send_command_byteh
                0x0801037a       0x18 /tmp/ccmQ8kX7.ltrans1.ltrans.o
                0x0801037a                i2c_send_command_byte(unsigned char)
 *fill*         0x08010392        0x2 
 .text._Z15oled_bulk_writemmiiPKh.constprop.0
                0x08010394       0x38 /tmp/ccmQ8kX7.ltrans1.ltrans.o
 .text._ZN4OLED7refreshEv
                0x080103cc       0x12 /tmp/ccmQ8kX7.ltrans1.ltrans.o
                0x080103cc                OLED::refresh()
 *fill*         0x080103de        0x2 
 .text._ZN4OLED15setDisplayStateENS_12DisplayStateE
                0x080103e0       0x24 /tmp/ccmQ8kX7.ltrans1.ltrans.o
                0x080103e0                OLED::setDisplayState(OLED::DisplayState)
 .text._ZN4OLED30transitionSecondaryFramebufferEbm.isra.0
                0x08010404      0x168 /tmp/ccmQ8kX7.ltrans1.ltrans.o
                0x08010404                OLED::transitionSecondaryFramebuffer(bool, unsigned long) [clone .isra.0]
 .text._ZN4OLED11setRotationEb
                0x0801056c       0x70 /tmp/ccmQ8kX7.ltrans1.ltrans.o
                0x0801056c                OLED::setRotation(bool)
 .text._ZN4OLED13setBrightnessEh
                0x080105dc       0x2c /tmp/ccmQ8kX7.ltrans1.ltrans.o
                0x080105dc                OLED::setBrightness(unsigned char)
 .text._ZN4OLED17setInverseDisplayEb
                0x08010608       0x1c /tmp/ccmQ8kX7.ltrans1.ltrans.o
                0x08010608                OLED::setInverseDisplay(bool)
 .text._ZN4OLED8drawAreaEsahhPKh
                0x08010624       0x8c /tmp/ccmQ8kX7.ltrans1.ltrans.o
                0x08010624                OLED::drawArea(short, signed char, unsigned char, unsigned char, unsigned char const*)
 .text._ZN4OLED8drawCharEt9FontStyleh
                0x080106b0      0x158 /tmp/ccmQ8kX7.ltrans1.ltrans.o
 .text._ZN4OLED5printEPKc9FontStylehh
                0x08010808       0x4a /tmp/ccmQ8kX7.ltrans1.ltrans.o
                0x08010808                OLED::print(char const*, FontStyle, unsigned char, unsigned char)
 *fill*         0x08010852        0x2 
 .text._ZN4OLED16printWholeScreenEPKc
                0x08010854       0x24 /tmp/ccmQ8kX7.ltrans1.ltrans.o
                0x08010854                OLED::printWholeScreen(char const*)
 .text._ZN4OLED11printNumberEth9FontStyleb
                0x08010878       0xac /tmp/ccmQ8kX7.ltrans1.ltrans.o
                0x08010878                OLED::printNumber(unsigned short, unsigned char, FontStyle, bool)
 .text._ZN4OLED7drawHexEm9FontStyleh.constprop.0
                0x08010924       0x20 /tmp/ccmQ8kX7.ltrans1.ltrans.o
                0x08010924                OLED::drawHex(unsigned long, FontStyle, unsigned char) [clone .constprop.0]
 .text._ZN4OLED10drawSymbolEh
                0x08010944        0x8 /tmp/ccmQ8kX7.ltrans1.ltrans.o
                0x08010944                OLED::drawSymbol(unsigned char)
 .text._ZN4OLED8fillAreaEsahhh
                0x0801094c       0x6c /tmp/ccmQ8kX7.ltrans1.ltrans.o
                0x0801094c                OLED::fillArea(short, signed char, unsigned char, unsigned char, unsigned char)
 .text._ZN4OLED14drawFilledRectEhhhhb
                0x080109b8       0x88 /tmp/ccmQ8kX7.ltrans1.ltrans.o
                0x080109b8                OLED::drawFilledRect(unsigned char, unsigned char, unsigned char, unsigned char, bool)
 .text._ZN4OLED14drawHeatSymbolEh
                0x08010a40       0x40 /tmp/ccmQ8kX7.ltrans1.ltrans.o
                0x08010a40                OLED::drawHeatSymbol(unsigned char)
 .text._ZN4OLED15drawAreaClippedEsshhPKhhhh.part.0.constprop.0
                0x08010a80       0xc8 /tmp/ccmQ8kX7.ltrans1.ltrans.o
                0x08010a80                OLED::drawAreaClipped(short, short, unsigned char, unsigned char, unsigned char const*, unsigned char, unsigned char, unsigned char) [clone .part.0] [clone .constprop.0]
 .text._ZN4OLED14printSymbolDegE9FontStyle.part.0
                0x08010b48       0x30 /tmp/ccmQ8kX7.ltrans1.ltrans.o
                0x08010b48                OLED::printSymbolDeg(FontStyle) [clone .part.0]
 .text.NVIC_SystemReset.lto_priv.0
                0x08010b78       0x24 /tmp/ccmQ8kX7.ltrans1.ltrans.o
                0x08010b78                NVIC_SystemReset.lto_priv.0
 .text.resetWatchdog
                0x08010b9c       0x10 /tmp/ccmQ8kX7.ltrans1.ltrans.o
                0x08010b9c                resetWatchdog
 .text._Z14fusb_write_bufhhhPh
                0x08010bac       0x64 /tmp/ccmQ8kX7.ltrans1.ltrans.o
 .text.getHandleTemperature
                0x08010c10       0x5c /tmp/ccmQ8kX7.ltrans1.ltrans.o
                0x08010c10                getHandleTemperature
 .text.getInputVoltageX10
                0x08010c6c       0x58 /tmp/ccmQ8kX7.ltrans1.ltrans.o
                0x08010c6c                getInputVoltageX10
 .text._ZL15switchToFastPWMv.lto_priv.0
                0x08010cc4       0x30 /tmp/ccmQ8kX7.ltrans1.ltrans.o
                0x08010cc4                switchToFastPWM() [clone .lto_priv.0]
 .text.HAL_TIM_PWM_PulseFinishedCallback
                0x08010cf4        0xc /tmp/ccmQ8kX7.ltrans1.ltrans.o
                0x08010cf4                HAL_TIM_PWM_PulseFinishedCallback
 .text.getButtonA
                0x08010d00       0x14 /tmp/ccmQ8kX7.ltrans1.ltrans.o
                0x08010d00                getButtonA
 .text.getButtonB
                0x08010d14       0x14 /tmp/ccmQ8kX7.ltrans1.ltrans.o
                0x08010d14                getButtonB
 .text.isTipDisconnected
                0x08010d28       0x1a /tmp/ccmQ8kX7.ltrans1.ltrans.o
                0x08010d28                isTipDisconnected
 *fill*         0x08010d42        0x2 
 .text.preStartChecksDone
                0x08010d44       0x34 /tmp/ccmQ8kX7.ltrans1.ltrans.o
                0x08010d44                preStartChecksDone
 .text.getTipResistanceX10
                0x08010d78       0x28 /tmp/ccmQ8kX7.ltrans1.ltrans.o
                0x08010d78                getTipResistanceX10
 .text._Z22parseCapabilitiesArrayhPhPtS0_PbS1_.constprop.0
                0x08010da0      0x1ac /tmp/ccmQ8kX7.ltrans1.ltrans.o
 .text._Z25EPREvaluateCapabilityFuncPK10epr_pd_msgP6pd_msg
                0x08010f4c      0x118 /tmp/ccmQ8kX7.ltrans1.ltrans.o
 .text._Z28pdbs_dpm_evaluate_capabilityPK6pd_msgPS_
                0x08011064       0xfc /tmp/ccmQ8kX7.ltrans1.ltrans.o
 .text._Z28pdbs_dpm_get_sink_capabilityP6pd_msgb
                0x08011160       0x6e /tmp/ccmQ8kX7.ltrans1.ltrans.o
 *fill*         0x080111ce        0x2 
 .text.getIsPoweredByDCIN
                0x080111d0       0x10 /tmp/ccmQ8kX7.ltrans1.ltrans.o
                0x080111d0                getIsPoweredByDCIN
 .text.getTipRawTemp.part.0
                0x080111e0       0x2c /tmp/ccmQ8kX7.ltrans1.ltrans.o
                0x080111e0                getTipRawTemp.part.0
 .text.preStartChecks
                0x0801120c      0x104 /tmp/ccmQ8kX7.ltrans1.ltrans.o
                0x0801120c                preStartChecks
 .text.startup._sub_I_65535_0.0
                0x08011310       0x90 /tmp/ccmQ8kX7.ltrans1.ltrans.o
 .text.memset   0x080113a0       0x10 /usr/lib/gcc/arm-none-eabi/15.2.0/../../../../arm-none-eabi/lib/thumb/v7-m/nofp/libc_nano.a(libc_a-memset.o)
                0x080113a0                memset
 .text.__libc_init_array
                0x080113b0       0x48 /usr/lib/gcc/arm-none-eabi/15.2.0/../../../../arm-none-eabi/lib/thumb/v7-m/nofp/libc_nano.a(libc_a-init.o)
                0x080113b0                __libc_init_array
 .text.memcmp   0x080113f8       0x20 /usr/lib/gcc/arm-none-eabi/15.2.0/../../../../arm-none-eabi/lib/thumb/v7-m/nofp/libc_nano.a(libc_a-memcmp.o)
                0x080113f8                memcmp
 .text.memmove  0x08011418       0x32 /usr/lib/gcc/arm-none-eabi/15.2.0/../../../../arm-none-eabi/lib/thumb/v7-m/nofp/libc_nano.a(libc_a-memmove.o)
                0x08011418                memmove
 .text.memcpy   0x0801144a       0x1c /usr/lib/gcc/arm-none-eabi/15.2.0/../../../../arm-none-eabi/lib/thumb/v7-m/nofp/libc_nano.a(libc_a-memcpy-stub.o)
                0x0801144a                memcpy
 *(.glue_7)
 .glue_7        0x08011466        0x0 linker stubs
 *(.glue_7t)
 .glue_7t       0x08011466        0x0 linker stubs
 *(.eh_frame)
 *fill*         0x08011466        0x2 
 .eh_frame      0x08011468        0x0 /usr/lib/gcc/arm-none-eabi/15.2.0/thumb/v7-m/nofp/crtbegin.o
 *(.init)
 .init          0x08011468        0x4 /usr/lib/gcc/arm-none-eabi/15.2.0/thumb/v7-m/nofp/crti.o
                0x08011468                _init
 .init          0x0801146c        0x8 /usr/lib/gcc/arm-none-eabi/15.2.0/thumb/v7-m/nofp/crtn.o
 *(.fini)
 .fini          0x08011474        0x4 /usr/lib/gcc/arm-none-eabi/15.2.0/thumb/v7-m/nofp/crti.o
                0x08011474                _fini
 .fini          0x08011478        0x8 /usr/lib/gcc/arm-none-eabi/15.2.0/thumb/v7-m/nofp/crtn.o
                0x08011480                        . = ALIGN (0x4)
                0x08011480                        _etext = .

.vfp11_veneer   0x08011480        0x0
 .vfp11_veneer  0x08011480        0x0 linker stubs

.v4_bx          0x08011480        0x0
 .v4_bx         0x08011480        0x0 linker stubs

.iplt           0x08011480        0x0
 .iplt          0x08011480        0x0 /usr/lib/gcc/arm-none-eabi/15.2.0/thumb/v7-m/nofp/crtbegin.o

.rodata         0x08011480     0x3294
                0x08011480                        . = ALIGN (0x4)
 *(.rodata)
 .rodata        0x08011480       0x10 /tmp/ccmQ8kX7.ltrans0.ltrans.o
 *(.rodata*)
 .rodata._ZL12displayTempFv.str1.1
                0x08011490      0x15b /tmp/ccmQ8kX7.ltrans0.ltrans.o
                                  0x4 (size before relaxing)
 .rodata._ZN12_GLOBAL__N_1L11drawVoltageEm.str1.1
                0x080115eb        0x0 /tmp/ccmQ8kX7.ltrans0.ltrans.o
                                  0x4 (size before relaxing)
 .rodata._ZN12_GLOBAL__N_1L11drawWattageEm.lto_priv.0.str1.1
                0x080115eb        0x0 /tmp/ccmQ8kX7.ltrans0.ltrans.o
                                  0x2 (size before relaxing)
 .rodata._ZL18displayInputVRangev.str1.1
                0x080115eb        0x0 /tmp/ccmQ8kX7.ltrans0.ltrans.o
                                  0x5 (size before relaxing)
 .rodata._ZL21displayInputMinVRangev.str1.1
                0x080115eb        0x0 /tmp/ccmQ8kX7.ltrans0.ltrans.o
                                  0x2 (size before relaxing)
 .rodata._ZL16displaySleepTimev.str1.1
                0x080115eb        0x0 /tmp/ccmQ8kX7.ltrans0.ltrans.o
                                  0x4 (size before relaxing)
 .rodata._ZL17displayPowerLimitv.str1.1
                0x080115eb        0x0 /tmp/ccmQ8kX7.ltrans0.ltrans.o
                                  0x2 (size before relaxing)
 .rodata._ZL15setCalibrateVINv.str1.1
                0x080115eb        0x0 /tmp/ccmQ8kX7.ltrans0.ltrans.o
                                  0x2 (size before relaxing)
 .rodata.main.str1.1
                0x080115eb        0x0 /tmp/ccmQ8kX7.ltrans0.ltrans.o
                                 0x16 (size before relaxing)
 .rodata._Z35ui_draw_soldering_fullscreen_statusb.str1.1
                0x080115eb        0x0 /tmp/ccmQ8kX7.ltrans0.ltrans.o
                                  0x2 (size before relaxing)
 .rodata._Z13guiHandleDrawv.str1.1
                0x080115eb        0x0 /tmp/ccmQ8kX7.ltrans0.ltrans.o
                                 0x4b (size before relaxing)
 .rodata._ZL13USER_FONT_6x8.lto_priv.0
                0x080115eb      0x288 /tmp/ccmQ8kX7.ltrans0.ltrans.o
                0x080115eb                _ZL13USER_FONT_6x8.lto_priv.0
 .rodata._ZL12USER_FONT_12.lto_priv.0
                0x08011873      0xa38 /tmp/ccmQ8kX7.ltrans0.ltrans.o
                0x08011873                _ZL12USER_FONT_12.lto_priv.0
 *fill*         0x080122ab        0x1 
 .rodata._ZL11translation
                0x080122ac      0xeb4 /tmp/ccmQ8kX7.ltrans0.ltrans.o
 .rodata._ZL12advancedMenu
                0x08013160       0xa0 /tmp/ccmQ8kX7.ltrans0.ltrans.o
 .rodata._ZL6UIMenu
                0x08013200      0x118 /tmp/ccmQ8kX7.ltrans0.ltrans.o
 .rodata._ZL15PowerSavingMenu
                0x08013318       0x64 /tmp/ccmQ8kX7.ltrans0.ltrans.o
 .rodata._ZL13solderingMenu
                0x0801337c       0x8c /tmp/ccmQ8kX7.ltrans0.ltrans.o
 .rodata._ZL9powerMenu
                0x08013408       0x64 /tmp/ccmQ8kX7.ltrans0.ltrans.o
 .rodata._ZL8uVtoDegC
                0x0801346c      0x198 /tmp/ccmQ8kX7.ltrans0.ltrans.o
 .rodata._ZL17SettingsMenuIcons
                0x08013604      0x4ec /tmp/ccmQ8kX7.ltrans0.ltrans.o
 .rodata._ZL9RepeatInf
                0x08013af0       0x80 /tmp/ccmQ8kX7.ltrans0.ltrans.o
 .rodata._ZL10RepeatOnce
                0x08013b70       0x80 /tmp/ccmQ8kX7.ltrans0.ltrans.o
 .rodata._ZL15UnavailableIcon
                0x08013bf0       0x80 /tmp/ccmQ8kX7.ltrans0.ltrans.o
 .rodata.AHBPrescTable
                0x08013c70       0x10 /tmp/ccmQ8kX7.ltrans0.ltrans.o
 .rodata.str1.1
                0x08013c80        0x0 /tmp/ccmQ8kX7.ltrans0.ltrans.o
                                 0xe9 (size before relaxing)
 .rodata.os_thread_def_GUITask.3
                0x08013c80       0x1c /tmp/ccmQ8kX7.ltrans0.ltrans.o
 .rodata.os_thread_def_MOVTask.2
                0x08013c9c       0x1c /tmp/ccmQ8kX7.ltrans0.ltrans.o
 .rodata.os_thread_def_POWTask.1
                0x08013cb8       0x1c /tmp/ccmQ8kX7.ltrans0.ltrans.o
 .rodata.os_thread_def_PIDTask.0
                0x08013cd4       0x1c /tmp/ccmQ8kX7.ltrans0.ltrans.o
 .rodata._ZZN12_GLOBAL__N_1L18drawTallSmallGlyphEsPKhaE13SourceColumns
                0x08013cf0        0x8 /tmp/ccmQ8kX7.ltrans0.ltrans.o
 .rodata._ZL13i2c_registers.lto_priv.2
                0x08013cf8       0x27 /tmp/ccmQ8kX7.ltrans0.ltrans.o
 .rodata._ZL13i2c_registers.lto_priv.1
                0x08013d1f       0x24 /tmp/ccmQ8kX7.ltrans0.ltrans.o
 .rodata._ZL13i2c_registers.lto_priv.0
                0x08013d43       0x18 /tmp/ccmQ8kX7.ltrans0.ltrans.o
 .rodata._ZL17i2c_registers_alt
                0x08013d5b       0x24 /tmp/ccmQ8kX7.ltrans0.ltrans.o
 .rodata._ZL13i2c_registers.lto_priv.4
                0x08013d7f       0x24 /tmp/ccmQ8kX7.ltrans0.ltrans.o
 .rodata._ZL13i2c_registers.lto_priv.3
                0x08013da3        0xf /tmp/ccmQ8kX7.ltrans0.ltrans.o
 .rodata._ZL15disconnectedTip.lto_priv.2
                0x08013db2       0xe0 /tmp/ccmQ8kX7.ltrans0.ltrans.o
 .rodata._ZL7buttonB.lto_priv.1
                0x08013e92       0xe0 /tmp/ccmQ8kX7.ltrans0.ltrans.o
 .rodata._ZL7buttonA.lto_priv.1
                0x08013f72       0xe0 /tmp/ccmQ8kX7.ltrans0.ltrans.o
 .rodata._ZZN12_GLOBAL__N_1L16drawHotTipStatusEsPKhlbE12DegreeSymbol
                0x08014052        0x3 /tmp/ccmQ8kX7.ltrans0.ltrans.o
 .rodata._ZL15disconnectedTip.lto_priv.1
                0x08014055       0xe0 /tmp/ccmQ8kX7.ltrans0.ltrans.o
 .rodata._ZL7buttonB.lto_priv.0
                0x08014135       0xe0 /tmp/ccmQ8kX7.ltrans0.ltrans.o
 .rodata._ZL7buttonA.lto_priv.0
                0x08014215       0xe0 /tmp/ccmQ8kX7.ltrans0.ltrans.o
 .rodata._ZL15disconnectedTip.lto_priv.0
                0x080142f5       0xe0 /tmp/ccmQ8kX7.ltrans0.ltrans.o
 *fill*         0x080143d5        0x3 
 .rodata.PowerSourceNames
                0x080143d8       0x14 /tmp/ccmQ8kX7.ltrans0.ltrans.o
 .rodata.AccelTypeNames
                0x080143ec       0x24 /tmp/ccmQ8kX7.ltrans0.ltrans.o
 .rodata.DebugMenu
                0x08014410       0x44 /tmp/ccmQ8kX7.ltrans0.ltrans.o
 .rodata.subSettingsMenus
                0x08014454       0x14 /tmp/ccmQ8kX7.ltrans0.ltrans.o
 .rodata.rootSettingsMenu
                0x08014468       0x8c /tmp/ccmQ8kX7.ltrans0.ltrans.o
 .rodata.APBPrescTable
                0x080144f4        0x8 /tmp/ccmQ8kX7.ltrans0.ltrans.o
 .rodata._ZN4OLED14printSymbolDegE9FontStyle.part.0.str1.1
                0x080144fc        0x0 /tmp/ccmQ8kX7.ltrans1.ltrans.o
                                  0x4 (size before relaxing)
 .rodata.CSWTCH.47
                0x080144fc        0x3 /tmp/ccmQ8kX7.ltrans1.ltrans.o
 *fill*         0x080144ff        0x1 
 .rodata._ZL15NTCHandleLookup
                0x08014500       0x60 /tmp/ccmQ8kX7.ltrans1.ltrans.o
 .rodata._ZL14ExtraFontChars
                0x08014560      0x1b0 /tmp/ccmQ8kX7.ltrans1.ltrans.o
 .rodata._ZZNK7FUSB30217fusb_send_messageEPK6pd_msgE7eop_seq
                0x08014710        0x4 /tmp/ccmQ8kX7.ltrans1.ltrans.o
                0x08014714                        . = ALIGN (0x4)

.rel.dyn        0x08014714        0x0
 .rel.iplt      0x08014714        0x0 /usr/lib/gcc/arm-none-eabi/15.2.0/thumb/v7-m/nofp/crtbegin.o

.ARM.extab      0x08014714        0x0
                0x08014714                        . = ALIGN (0x4)
 *(.ARM.extab* .gnu.linkonce.armextab.*)
                0x08014714                        . = ALIGN (0x4)

.ARM            0x08014714        0x0
                0x08014714                        . = ALIGN (0x4)
                0x08014714                        __exidx_start = .
 *(.ARM.exidx*)
                0x08014714                        __exidx_end = .
                0x08014714                        . = ALIGN (0x4)

.preinit_array  0x08014714        0x0
                0x08014714                        . = ALIGN (0x4)
                0x08014714                        PROVIDE (__preinit_array_start = .)
 *(.preinit_array*)
                0x08014714                        PROVIDE (__preinit_array_end = .)
                0x08014714                        . = ALIGN (0x4)

.init_array     0x08014714        0x8
                0x08014714                        . = ALIGN (0x4)
                0x08014714                        PROVIDE (__init_array_start = .)
 *(SORT_BY_NAME(.init_array.*))
 *(.init_array*)
 .init_array    0x08014714        0x4 /usr/lib/gcc/arm-none-eabi/15.2.0/thumb/v7-m/nofp/crtbegin.o
 .init_array    0x08014718        0x4 /tmp/ccmQ8kX7.ltrans1.ltrans.o
                0x0801471c                        PROVIDE (__init_array_end = .)
                0x0801471c                        . = ALIGN (0x4)

.fini_array     0x0801471c        0x4
                0x0801471c                        . = ALIGN (0x4)
                0x0801471c                        PROVIDE (__fini_array_start = .)
 *(SORT_BY_NAME(.fini_array.*))
 *(.fini_array*)
 .fini_array    0x0801471c        0x4 /usr/lib/gcc/arm-none-eabi/15.2.0/thumb/v7-m/nofp/crtbegin.o
                0x08014720                        PROVIDE (__fini_array_end = .)
                0x08014720                        . = ALIGN (0x4)
                0x08014720                        _sidata = LOADADDR (.data)

.data           0x20000000      0x234 load address 0x08014720
                0x20000000                        . = ALIGN (0x4)
                0x20000000                        _sdata = .
 *(.data)
 *(.data*)
 .data._ZZL11displayMenujE16menuCurrentIndex
                0x20000000        0x4 /tmp/ccmQ8kX7.ltrans0.ltrans.o
 .data._ZZ24shouldBeUsingFastPWMModehE14lastPWMWasFast
                0x20000004        0x1 /tmp/ccmQ8kX7.ltrans0.ltrans.o
 *fill*         0x20000005        0x1 
 .data._ZL17settingsConstants.lto_priv.0
                0x20000006      0x1c0 /tmp/ccmQ8kX7.ltrans0.ltrans.o
                0x20000006                _ZL17settingsConstants.lto_priv.0
 *fill*         0x200001c6        0x2 
 .data._ZZL20detectThermalRunawaylmE10tiptempMin
                0x200001c8        0x4 /tmp/ccmQ8kX7.ltrans0.ltrans.o
 .data.OLED_Setup_Array
                0x200001cc       0x4b /tmp/ccmQ8kX7.ltrans0.ltrans.o
                0x200001cc                OLED_Setup_Array
 *fill*         0x20000217        0x1 
 .data.currentOperatingMode
                0x20000218        0x4 /tmp/ccmQ8kX7.ltrans0.ltrans.o
 .data.SystemCoreClock
                0x2000021c        0x4 /tmp/ccmQ8kX7.ltrans0.ltrans.o
 .data.uxCriticalNesting
                0x20000220        0x4 /tmp/ccmQ8kX7.ltrans0.ltrans.o
 .data.tipMeasurementOccuring
                0x20000224        0x1 /tmp/ccmQ8kX7.ltrans1.ltrans.o
 *fill*         0x20000225        0x3 
 .data.nextTipMeasurement
                0x20000228        0x4 /tmp/ccmQ8kX7.ltrans1.ltrans.o
 .data._ZZNK7FUSB30217fusb_send_messageEPK6pd_msgE7sop_seq
                0x2000022c        0x5 /tmp/ccmQ8kX7.ltrans1.ltrans.o
                0x20000234                        . = ALIGN (0x4)
 *fill*         0x20000231        0x3 
                0x20000234                        _edata = .

.tm_clone_table
                0x20000234        0x0 load address 0x08014954
 .tm_clone_table
                0x20000234        0x0 /usr/lib/gcc/arm-none-eabi/15.2.0/thumb/v7-m/nofp/crtbegin.o
 .tm_clone_table
                0x20000234        0x0 /usr/lib/gcc/arm-none-eabi/15.2.0/thumb/v7-m/nofp/crtend.o

.igot.plt       0x20000234        0x0 load address 0x08014954
 .igot.plt      0x20000234        0x0 /usr/lib/gcc/arm-none-eabi/15.2.0/thumb/v7-m/nofp/crtbegin.o

.bss            0x20000238     0x2fbc load address 0x08014954
                0x20000238                        . = ALIGN (0x4)
                0x20000238                        _sbss = .
                0x20000238                        __bss_start__ = _sbss
 *(.bss)
 .bss           0x20000238       0x1c /usr/lib/gcc/arm-none-eabi/15.2.0/thumb/v7-m/nofp/crtbegin.o
 *(.bss*)
 .bss.GUITaskControlBlock
                0x20000254       0x64 /tmp/ccmQ8kX7.ltrans0.ltrans.o
 .bss.GUITaskBuffer
                0x200002b8      0x800 /tmp/ccmQ8kX7.ltrans0.ltrans.o
 .bss.MOVTaskControlBlock
                0x20000ab8       0x64 /tmp/ccmQ8kX7.ltrans0.ltrans.o
 .bss.MOVTaskBuffer
                0x20000b1c      0x800 /tmp/ccmQ8kX7.ltrans0.ltrans.o
 .bss.POWTaskControlBlock
                0x2000131c       0x64 /tmp/ccmQ8kX7.ltrans0.ltrans.o
 .bss.POWTaskBuffer
                0x20001380      0x400 /tmp/ccmQ8kX7.ltrans0.ltrans.o
 .bss.PIDTaskControlBlock
                0x20001780       0x64 /tmp/ccmQ8kX7.ltrans0.ltrans.o
 .bss.PIDTaskBuffer
                0x200017e4      0x800 /tmp/ccmQ8kX7.ltrans0.ltrans.o
 .bss._ZN16USBPowerDelivery14detectionStateE
                0x20001fe4        0x4 /tmp/ccmQ8kX7.ltrans0.ltrans.o
 .bss.lastuv    0x20001fe8        0x4 /tmp/ccmQ8kX7.ltrans0.ltrans.o
 .bss._ZZ14getButtonStatevE11longPressed
                0x20001fec        0x1 /tmp/ccmQ8kX7.ltrans0.ltrans.o
 *fill*         0x20001fed        0x3 
 .bss._ZZ14getButtonStatevE19previousStateChange
                0x20001ff0        0x4 /tmp/ccmQ8kX7.ltrans0.ltrans.o
 .bss._ZZ14getButtonStatevE13previousState
                0x20001ff4        0x1 /tmp/ccmQ8kX7.ltrans0.ltrans.o
 *fill*         0x20001ff5        0x3 
 .bss._ZZL11displayMenujE18menuSwitchLoopTick
                0x20001ff8        0x4 /tmp/ccmQ8kX7.ltrans0.ltrans.o
 .bss.hiwdg     0x20001ffc        0xc /tmp/ccmQ8kX7.ltrans0.ltrans.o
                0x20001ffc                hiwdg
 .bss.hadc2     0x20002008       0x30 /tmp/ccmQ8kX7.ltrans0.ltrans.o
                0x20002008                hadc2
 .bss.ADCReadings
                0x20002038       0x20 /tmp/ccmQ8kX7.ltrans0.ltrans.o
                0x20002038                ADCReadings
 .bss._ZN6I2CBB212I2CSemaphoreE
                0x20002058        0x4 /tmp/ccmQ8kX7.ltrans0.ltrans.o
                0x20002058                I2CBB2::I2CSemaphore
 .bss._ZN6I2CBB216xSemaphoreBufferE
                0x2000205c       0x48 /tmp/ccmQ8kX7.ltrans0.ltrans.o
 .bss._ZN6I2CBB112I2CSemaphoreE
                0x200020a4        0x4 /tmp/ccmQ8kX7.ltrans0.ltrans.o
 .bss._ZN6I2CBB116xSemaphoreBufferE
                0x200020a8       0x48 /tmp/ccmQ8kX7.ltrans0.ltrans.o
 .bss.xIdleStack
                0x200020f0      0x400 /tmp/ccmQ8kX7.ltrans0.ltrans.o
 .bss.xIdleTaskTCBBuffer
                0x200024f0       0x64 /tmp/ccmQ8kX7.ltrans0.ltrans.o
 .bss._ZZL20detectThermalRunawaylmE10tipTempMax
                0x20002554        0x4 /tmp/ccmQ8kX7.ltrans0.ltrans.o
 .bss._ZZL20detectThermalRunawaylmE14heatCycleStart
                0x20002558        0x4 /tmp/ccmQ8kX7.ltrans0.ltrans.o
 .bss._ZZL20detectThermalRunawaylmE13haveSeenDelta
                0x2000255c        0x1 /tmp/ccmQ8kX7.ltrans0.ltrans.o
 .bss.haveSeenCapabilityOffer
                0x2000255d        0x1 /tmp/ccmQ8kX7.ltrans0.ltrans.o
                0x2000255d                haveSeenCapabilityOffer
 .bss.lastTipResistance
                0x2000255e        0x1 /tmp/ccmQ8kX7.ltrans0.ltrans.o
                0x2000255e                lastTipResistance
 *fill*         0x2000255f        0x1 
 .bss.powerSupplyWattageLimit
                0x20002560        0x4 /tmp/ccmQ8kX7.ltrans0.ltrans.o
                0x20002560                powerSupplyWattageLimit
 .bss._ZZL20getPIDResultX10WattsllE10powerStore
                0x20002564        0x4 /tmp/ccmQ8kX7.ltrans0.ltrans.o
 .bss._ZZL20getPIDResultX10WattsllE8lastCall
                0x20002568        0x4 /tmp/ccmQ8kX7.ltrans0.ltrans.o
 .bss._ZZL27setOutputx10WattsViaFilterslE17lastPowerPulseEnd
                0x2000256c        0x4 /tmp/ccmQ8kX7.ltrans0.ltrans.o
 .bss._ZZL27setOutputx10WattsViaFilterslE19lastPowerPulseStart
                0x20002570        0x4 /tmp/ccmQ8kX7.ltrans0.ltrans.o
 .bss._ZN12_GLOBAL__N_1L21temperatureAnimationsE
                0x20002574       0x3c /tmp/ccmQ8kX7.ltrans0.ltrans.o
 .bss.fusb      0x200025b0       0x10 /tmp/ccmQ8kX7.ltrans0.ltrans.o
                0x200025b0                fusb
 .bss._ZZNK7FUSB30217fusb_read_messageEP6pd_msgE7garbage
                0x200025c0        0x4 /tmp/ccmQ8kX7.ltrans0.ltrans.o
 .bss._ZN6SC7A2017isInImitationModeE
                0x200025c4        0x1 /tmp/ccmQ8kX7.ltrans0.ltrans.o
 .bss.accelInit
                0x200025c5        0x1 /tmp/ccmQ8kX7.ltrans0.ltrans.o
 .bss._ZN4OLED17secondFrameBufferE
                0x200025c6      0x21a /tmp/ccmQ8kX7.ltrans0.ltrans.o
                0x200025c6                OLED::secondFrameBuffer
 .bss._ZN4OLED12screenBufferE
                0x200027e0      0x21a /tmp/ccmQ8kX7.ltrans0.ltrans.o
                0x200027e0                OLED::screenBuffer
 .bss.settingsWereReset
                0x200029fa        0x1 /tmp/ccmQ8kX7.ltrans0.ltrans.o
 *fill*         0x200029fb        0x1 
 .bss.lastCapabilities
                0x200029fc       0x2c /tmp/ccmQ8kX7.ltrans0.ltrans.o
                0x200029fc                lastCapabilities
 .bss.pe        0x20002a28      0x174 /tmp/ccmQ8kX7.ltrans0.ltrans.o
                0x20002a28                pe
 .bss.disconnectedTipF
                0x20002b9c       0xe0 /tmp/ccmQ8kX7.ltrans0.ltrans.o
 .bss.buttonBF  0x20002c7c       0xe0 /tmp/ccmQ8kX7.ltrans0.ltrans.o
 .bss.buttonAF  0x20002d5c       0xe0 /tmp/ccmQ8kX7.ltrans0.ltrans.o
 .bss.x10WattHistory
                0x20002e3c        0x4 /tmp/ccmQ8kX7.ltrans0.ltrans.o
 .bss.heaterThermalRunawayCounter
                0x20002e40        0x1 /tmp/ccmQ8kX7.ltrans0.ltrans.o
 .bss._ZN4OLED16inLeftHandedModeE
                0x20002e41        0x1 /tmp/ccmQ8kX7.ltrans0.ltrans.o
                0x20002e41                OLED::inLeftHandedMode
 *fill*         0x20002e42        0x2 
 .bss.currentTempTargetDegC
                0x20002e44        0x4 /tmp/ccmQ8kX7.ltrans0.ltrans.o
 .bss.PIDTaskHandle
                0x20002e48        0x4 /tmp/ccmQ8kX7.ltrans0.ltrans.o
 .bss.MOVTaskHandle
                0x20002e4c        0x4 /tmp/ccmQ8kX7.ltrans0.ltrans.o
 .bss.GUITaskHandle
                0x20002e50        0x4 /tmp/ccmQ8kX7.ltrans0.ltrans.o
 .bss.DetectedAccelerometerVersion
                0x20002e54        0x4 /tmp/ccmQ8kX7.ltrans0.ltrans.o
 .bss._ZZ13getTipRawTempE6filter.lto_priv.0
                0x20002e58       0x10 /tmp/ccmQ8kX7.ltrans0.ltrans.o
                0x20002e58                _ZZ13getTipRawTempE6filter.lto_priv.0
 .bss._ZN4OLED8cursor_yE
                0x20002e68        0x2 /tmp/ccmQ8kX7.ltrans0.ltrans.o
                0x20002e68                OLED::cursor_y
 .bss._ZN4OLED8cursor_xE
                0x20002e6a        0x2 /tmp/ccmQ8kX7.ltrans0.ltrans.o
                0x20002e6a                OLED::cursor_x
 .bss.systemSettings
                0x20002e6c       0x78 /tmp/ccmQ8kX7.ltrans0.ltrans.o
                0x20002e6c                systemSettings
 .bss.buttonsAtDeviceBoot
                0x20002ee4        0x1 /tmp/ccmQ8kX7.ltrans0.ltrans.o
 *fill*         0x20002ee5        0x3 
 .bss.context   0x20002ee8       0x20 /tmp/ccmQ8kX7.ltrans0.ltrans.o
 .bss.lastButtonTime
                0x20002f08        0x4 /tmp/ccmQ8kX7.ltrans0.ltrans.o
 .bss.lastMovementTime
                0x20002f0c        0x4 /tmp/ccmQ8kX7.ltrans0.ltrans.o
 .bss._ZZ13guiHandleDrawvE30suppressWakeButtonUntilRelease
                0x20002f10        0x1 /tmp/ccmQ8kX7.ltrans0.ltrans.o
 .bss._ZN4OLED12displayStateE
                0x20002f11        0x1 /tmp/ccmQ8kX7.ltrans0.ltrans.o
                0x20002f11                OLED::displayState
 *fill*         0x20002f12        0x2 
 .bss._ZN4OLED13stripPointersE
                0x20002f14       0x10 /tmp/ccmQ8kX7.ltrans0.ltrans.o
                0x20002f14                OLED::stripPointers
 .bss.xNextTaskUnblockTime
                0x20002f24        0x4 /tmp/ccmQ8kX7.ltrans0.ltrans.o
 .bss.xPendedTicks
                0x20002f28        0x4 /tmp/ccmQ8kX7.ltrans0.ltrans.o
 .bss.pxOverflowDelayedTaskList
                0x20002f2c        0x4 /tmp/ccmQ8kX7.ltrans0.ltrans.o
 .bss.pxDelayedTaskList
                0x20002f30        0x4 /tmp/ccmQ8kX7.ltrans0.ltrans.o
 .bss.xDelayedTaskList2
                0x20002f34       0x14 /tmp/ccmQ8kX7.ltrans0.ltrans.o
 .bss.xDelayedTaskList1
                0x20002f48       0x14 /tmp/ccmQ8kX7.ltrans0.ltrans.o
 .bss.uxTaskNumber
                0x20002f5c        0x4 /tmp/ccmQ8kX7.ltrans0.ltrans.o
 .bss.xSchedulerRunning
                0x20002f60        0x4 /tmp/ccmQ8kX7.ltrans0.ltrans.o
 .bss.uxCurrentNumberOfTasks
                0x20002f64        0x4 /tmp/ccmQ8kX7.ltrans0.ltrans.o
 .bss.xNumOfOverflows
                0x20002f68        0x4 /tmp/ccmQ8kX7.ltrans0.ltrans.o
 .bss.totalPWM  0x20002f6c        0x2 /tmp/ccmQ8kX7.ltrans0.ltrans.o
                0x20002f6c                totalPWM
 .bss._ZL9infastPWM.lto_priv.0
                0x20002f6e        0x1 /tmp/ccmQ8kX7.ltrans0.ltrans.o
                0x20002f6e                _ZL9infastPWM.lto_priv.0
 .bss._ZL7fastPWM
                0x20002f6f        0x1 /tmp/ccmQ8kX7.ltrans0.ltrans.o
 .bss.pendingPWM
                0x20002f70        0x1 /tmp/ccmQ8kX7.ltrans0.ltrans.o
 *fill*         0x20002f71        0x1 
 .bss.PWMSafetyTimer
                0x20002f72        0x2 /tmp/ccmQ8kX7.ltrans0.ltrans.o
 *fill*         0x20002f74        0x4 
 .bss.pFlash    0x20002f78       0x20 /tmp/ccmQ8kX7.ltrans0.ltrans.o
 .bss.uwTick    0x20002f98        0x4 /tmp/ccmQ8kX7.ltrans0.ltrans.o
 .bss.xTickCount.lto_priv.0
                0x20002f9c        0x4 /tmp/ccmQ8kX7.ltrans0.ltrans.o
                0x20002f9c                xTickCount.lto_priv.0
 .bss.POWTaskHandle
                0x20002fa0        0x4 /tmp/ccmQ8kX7.ltrans0.ltrans.o
 .bss.htimADC   0x20002fa4       0x48 /tmp/ccmQ8kX7.ltrans0.ltrans.o
                0x20002fa4                htimADC
 .bss.htimTip   0x20002fec       0x48 /tmp/ccmQ8kX7.ltrans0.ltrans.o
                0x20002fec                htimTip
 .bss.xYieldPendings
                0x20003034        0x4 /tmp/ccmQ8kX7.ltrans0.ltrans.o
 .bss.pxCurrentTCB
                0x20003038        0x4 /tmp/ccmQ8kX7.ltrans0.ltrans.o
                0x20003038                pxCurrentTCB
 .bss.xPendingReadyList
                0x2000303c       0x14 /tmp/ccmQ8kX7.ltrans0.ltrans.o
 .bss.pxReadyTasksLists
                0x20003050       0x8c /tmp/ccmQ8kX7.ltrans0.ltrans.o
 .bss.uxTopReadyPriority
                0x200030dc        0x4 /tmp/ccmQ8kX7.ltrans0.ltrans.o
 .bss.uxSchedulerSuspended
                0x200030e0        0x4 /tmp/ccmQ8kX7.ltrans0.ltrans.o
 .bss.pidTaskNotification
                0x200030e4        0x4 /tmp/ccmQ8kX7.ltrans0.ltrans.o
 .bss.hadc1     0x200030e8       0x30 /tmp/ccmQ8kX7.ltrans0.ltrans.o
                0x200030e8                hadc1
 .bss.hdma_adc1
                0x20003118       0x44 /tmp/ccmQ8kX7.ltrans0.ltrans.o
 .bss.htim1     0x2000315c       0x48 /tmp/ccmQ8kX7.ltrans0.ltrans.o
 .bss.ulMaxPRIGROUPValue
                0x200031a4        0x4 /tmp/ccmQ8kX7.ltrans0.ltrans.o
 .bss.ucMaxSysCallPriority
                0x200031a8        0x1 /tmp/ccmQ8kX7.ltrans0.ltrans.o
 .bss.tipShorted
                0x200031a9        0x1 /tmp/ccmQ8kX7.ltrans1.ltrans.o
 *fill*         0x200031aa        0x2 
 .bss.tipResistanceReadings
                0x200031ac        0xc /tmp/ccmQ8kX7.ltrans1.ltrans.o
 .bss.tipResistanceReadingSlot
                0x200031b8        0x1 /tmp/ccmQ8kX7.ltrans1.ltrans.o
 *fill*         0x200031b9        0x3 
 .bss._ZL10filteredPD
                0x200031bc       0x10 /tmp/ccmQ8kX7.ltrans1.ltrans.o
 .bss._ZL10filteredDC
                0x200031cc       0x10 /tmp/ccmQ8kX7.ltrans1.ltrans.o
 .bss._ZZ16getADCHandleTempE6filter
                0x200031dc       0x10 /tmp/ccmQ8kX7.ltrans1.ltrans.o
 .bss._ZZN4OLED8drawCharEt9FontStylehE9fontWidth
                0x200031ec        0x1 /tmp/ccmQ8kX7.ltrans1.ltrans.o
 .bss._ZZN4OLED8drawCharEt9FontStylehE10fontHeight
                0x200031ed        0x1 /tmp/ccmQ8kX7.ltrans1.ltrans.o
 *fill*         0x200031ee        0x2 
 .bss._ZN4OLED15displayChecksumE
                0x200031f0        0x4 /tmp/ccmQ8kX7.ltrans1.ltrans.o
 *(COMMON)
                0x200031f4                        . = ALIGN (0x4)
                0x200031f4                        _ebss = .
                0x200031f4                        __bss_end__ = _ebss

._user_heap_stack
                0x200031f4      0x704 load address 0x08014954
                0x200031f8                        . = ALIGN (0x8)
 *fill*         0x200031f4        0x4 
                0x200031f8                        PROVIDE (end = .)
                [!provide]                        PROVIDE (_end = .)
                0x200034f8                        . = (. + _Min_Heap_Size)
 *fill*         0x200031f8      0x300 
                0x200038f8                        . = (. + _Min_Stack_Size)
 *fill*         0x200034f8      0x400 
                0x200038f8                        . = ALIGN (0x8)

/DISCARD/
 libc.a(*)
 libm.a(*)
 libgcc.a(*)

.ARM.attributes
                0x00000000       0x2b
 *(.ARM.attributes)
 .ARM.attributes
                0x00000000       0x1d /usr/lib/gcc/arm-none-eabi/15.2.0/thumb/v7-m/nofp/crti.o
 .ARM.attributes
                0x0000001d       0x2d /usr/lib/gcc/arm-none-eabi/15.2.0/thumb/v7-m/nofp/crtbegin.o
 .ARM.attributes
                0x0000004a       0x21 objects/ts101/./core/bsp/miniware/startup/startup_stm32f103t8ux.o
 .ARM.attributes
                0x0000006b       0x27 /tmp/ccmQ8kX7.ltrans0.ltrans.o
 .ARM.attributes
                0x00000092       0x27 /tmp/ccmQ8kX7.ltrans1.ltrans.o
 .ARM.attributes
                0x000000b9       0x2d /usr/lib/gcc/arm-none-eabi/15.2.0/../../../../arm-none-eabi/lib/thumb/v7-m/nofp/libc_nano.a(libc_a-memset.o)
 .ARM.attributes
                0x000000e6       0x2d /usr/lib/gcc/arm-none-eabi/15.2.0/../../../../arm-none-eabi/lib/thumb/v7-m/nofp/libc_nano.a(libc_a-init.o)
 .ARM.attributes
                0x00000113       0x2d /usr/lib/gcc/arm-none-eabi/15.2.0/../../../../arm-none-eabi/lib/thumb/v7-m/nofp/libc_nano.a(libc_a-memcmp.o)
 .ARM.attributes
                0x00000140       0x2d /usr/lib/gcc/arm-none-eabi/15.2.0/../../../../arm-none-eabi/lib/thumb/v7-m/nofp/libc_nano.a(libc_a-memmove.o)
 .ARM.attributes
                0x0000016d       0x2d /usr/lib/gcc/arm-none-eabi/15.2.0/../../../../arm-none-eabi/lib/thumb/v7-m/nofp/libc_nano.a(libc_a-memcpy-stub.o)
 .ARM.attributes
                0x0000019a       0x2d /usr/lib/gcc/arm-none-eabi/15.2.0/thumb/v7-m/nofp/crtend.o
 .ARM.attributes
                0x000001c7       0x1d /usr/lib/gcc/arm-none-eabi/15.2.0/thumb/v7-m/nofp/crtn.o
OUTPUT(hexfile/TS101_RU.elf elf32-littlearm)
LOAD linker stubs
LOAD /usr/lib/gcc/arm-none-eabi/15.2.0/../../../../arm-none-eabi/lib/thumb/v7-m/nofp/libc.a
LOAD /usr/lib/gcc/arm-none-eabi/15.2.0/../../../../arm-none-eabi/lib/thumb/v7-m/nofp/libm.a
LOAD /usr/lib/gcc/arm-none-eabi/15.2.0/thumb/v7-m/nofp/libgcc.a

.comment        0x00000000       0x46
 .comment       0x00000000       0x46 /usr/lib/gcc/arm-none-eabi/15.2.0/thumb/v7-m/nofp/crtbegin.o
                                 0x24 (size before relaxing)
 .comment       0x00000046        0x0 /tmp/ccmQ8kX7.ltrans0.ltrans.o
                                 0x24 (size before relaxing)
 .comment       0x00000046        0x0 /tmp/ccmQ8kX7.ltrans1.ltrans.o
                                 0x24 (size before relaxing)
 .comment       0x00000046        0x0 /usr/lib/gcc/arm-none-eabi/15.2.0/../../../../arm-none-eabi/lib/thumb/v7-m/nofp/libc_nano.a(libc_a-memset.o)
                                 0x24 (size before relaxing)
 .comment       0x00000046        0x0 /usr/lib/gcc/arm-none-eabi/15.2.0/../../../../arm-none-eabi/lib/thumb/v7-m/nofp/libc_nano.a(libc_a-init.o)
                                 0x24 (size before relaxing)
 .comment       0x00000046        0x0 /usr/lib/gcc/arm-none-eabi/15.2.0/../../../../arm-none-eabi/lib/thumb/v7-m/nofp/libc_nano.a(libc_a-memcmp.o)
                                 0x24 (size before relaxing)
 .comment       0x00000046        0x0 /usr/lib/gcc/arm-none-eabi/15.2.0/../../../../arm-none-eabi/lib/thumb/v7-m/nofp/libc_nano.a(libc_a-memmove.o)
                                 0x24 (size before relaxing)
 .comment       0x00000046        0x0 /usr/lib/gcc/arm-none-eabi/15.2.0/../../../../arm-none-eabi/lib/thumb/v7-m/nofp/libc_nano.a(libc_a-memcpy-stub.o)
                                 0x24 (size before relaxing)
 .comment       0x00000046        0x0 /usr/lib/gcc/arm-none-eabi/15.2.0/thumb/v7-m/nofp/crtend.o
                                 0x24 (size before relaxing)

.debug_info     0x00000000    0x19bd0
 .debug_info    0x00000000     0x980f /tmp/ccmQ8kX7.ltrans0.ltrans.o
 .debug_info    0x0000980f     0x190b /tmp/ccmQ8kX7.ltrans1.ltrans.o
 .debug_info    0x0000b11a      0x2c0 /tmp/ccYxa8Qn.debug.temp.o
                0x0000b11a                FreeRTOSHooks.c.cff86c4c
 .debug_info    0x0000b3da      0x182 /tmp/ccD2n4RH.debug.temp.o
                0x0000b3da                syscalls.c.13f0fa64
 .debug_info    0x0000b55c      0x2fe /tmp/ccyxH6rw.debug.temp.o
                0x0000b55c                flash.c.c876ca24
 .debug_info    0x0000b85a      0x26e /tmp/ccokNIp2.debug.temp.o
                0x0000b85a                port.c.a50ea21c
 .debug_info    0x0000bac8      0xbb7 /tmp/cchsSrcP.debug.temp.o
                0x0000bac8                stm32f1xx_hal_msp.c.0d53d529
 .debug_info    0x0000c67f      0x938 /tmp/ccxpUQv6.debug.temp.o
                0x0000c67f                stm32f1xx_hal_timebase_TIM.c.b19f0588
 .debug_info    0x0000cfb7      0x8b3 /tmp/ccAH2ImE.debug.temp.o
                0x0000cfb7                stm32f1xx_it.c.87e2882e
 .debug_info    0x0000d86a      0x3ba /tmp/ccUVoIH2.debug.temp.o
                0x0000d86a                system_stm32f1xx.c.ac7975bf
 .debug_info    0x0000dc24      0x5e8 /tmp/cch2qMF4.debug.temp.o
                0x0000dc24                stm32f1xx_hal.c.444cda01
 .debug_info    0x0000e20c      0x9bf /tmp/cc6uMp4T.debug.temp.o
                0x0000e20c                stm32f1xx_hal_adc.c.a1f70f66
 .debug_info    0x0000ebcb      0x8d5 /tmp/ccX5FJ5c.debug.temp.o
                0x0000ebcb                stm32f1xx_hal_adc_ex.c.0c74f3e7
 .debug_info    0x0000f4a0      0x899 /tmp/ccDqQ5uX.debug.temp.o
                0x0000f4a0                stm32f1xx_hal_cortex.c.e4748ab4
 .debug_info    0x0000fd39      0x5dc /tmp/ccDaalbw.debug.temp.o
                0x0000fd39                stm32f1xx_hal_dma.c.0491c0e6
 .debug_info    0x00010315      0x42e /tmp/cceI0pPb.debug.temp.o
                0x00010315                stm32f1xx_hal_flash.c.9c471abf
 .debug_info    0x00010743      0x66a /tmp/ccuuaYN1.debug.temp.o
                0x00010743                stm32f1xx_hal_flash_ex.c.54b0196b
 .debug_info    0x00010dad      0x4e8 /tmp/ccVXbTtV.debug.temp.o
                0x00010dad                stm32f1xx_hal_gpio.c.9d6f0306
 .debug_info    0x00011295      0x1d0 /tmp/ccp1VbvR.debug.temp.o
                0x00011295                stm32f1xx_hal_iwdg.c.11268520
 .debug_info    0x00011465      0x62e /tmp/ccpDYGmQ.debug.temp.o
                0x00011465                stm32f1xx_hal_rcc.c.f1cdfa71
 .debug_info    0x00011a93      0x354 /tmp/cccCSyfp.debug.temp.o
                0x00011a93                stm32f1xx_hal_rcc_ex.c.798d8182
 .debug_info    0x00011de7     0x1f4b /tmp/cc6CvQ48.debug.temp.o
                0x00011de7                stm32f1xx_hal_tim.c.342b6022
 .debug_info    0x00013d32     0x10c6 /tmp/ccoqQzWg.debug.temp.o
                0x00013d32                stm32f1xx_hal_tim_ex.c.9c17afd4
 .debug_info    0x00014df8      0x24f /tmp/cc4yT6F1.debug.temp.o
                0x00014df8                list.c.d34a8afc
 .debug_info    0x00015047      0xf89 /tmp/ccCKxVus.debug.temp.o
                0x00015047                queue.c.1e5e5b13
 .debug_info    0x00015fd0      0xc9d /tmp/cc1VgnWj.debug.temp.o
                0x00015fd0                stream_buffer.c.6522d75e
 .debug_info    0x00016c6d     0x155c /tmp/ccQnA9p7.debug.temp.o
                0x00016c6d                tasks.c.b341126b
 .debug_info    0x000181c9     0x14cf /tmp/ccvC6KEF.debug.temp.o
                0x000181c9                cmsis_os.c.e1a4a977
 .debug_info    0x00019698       0xe5 /usr/lib/gcc/arm-none-eabi/15.2.0/../../../../arm-none-eabi/lib/thumb/v7-m/nofp/libc_nano.a(libc_a-memset.o)
 .debug_info    0x0001977d      0x110 /usr/lib/gcc/arm-none-eabi/15.2.0/../../../../arm-none-eabi/lib/thumb/v7-m/nofp/libc_nano.a(libc_a-init.o)
 .debug_info    0x0001988d      0x109 /usr/lib/gcc/arm-none-eabi/15.2.0/../../../../arm-none-eabi/lib/thumb/v7-m/nofp/libc_nano.a(libc_a-memcmp.o)
 .debug_info    0x00019996      0x114 /usr/lib/gcc/arm-none-eabi/15.2.0/../../../../arm-none-eabi/lib/thumb/v7-m/nofp/libc_nano.a(libc_a-memmove.o)
 .debug_info    0x00019aaa      0x126 /usr/lib/gcc/arm-none-eabi/15.2.0/../../../../arm-none-eabi/lib/thumb/v7-m/nofp/libc_nano.a(libc_a-memcpy-stub.o)

.debug_abbrev   0x00000000     0x42ed
 .debug_abbrev  0x00000000      0xbe1 /tmp/ccmQ8kX7.ltrans0.ltrans.o
 .debug_abbrev  0x00000be1      0x660 /tmp/ccmQ8kX7.ltrans1.ltrans.o
 .debug_abbrev  0x00001241       0xf8 /tmp/ccYxa8Qn.debug.temp.o
 .debug_abbrev  0x00001339       0x95 /tmp/ccD2n4RH.debug.temp.o
 .debug_abbrev  0x000013ce      0x1a0 /tmp/ccyxH6rw.debug.temp.o
 .debug_abbrev  0x0000156e      0x162 /tmp/ccokNIp2.debug.temp.o
 .debug_abbrev  0x000016d0      0x1de /tmp/cchsSrcP.debug.temp.o
 .debug_abbrev  0x000018ae      0x1c6 /tmp/ccxpUQv6.debug.temp.o
 .debug_abbrev  0x00001a74      0x1ba /tmp/ccAH2ImE.debug.temp.o
 .debug_abbrev  0x00001c2e      0x124 /tmp/ccUVoIH2.debug.temp.o
 .debug_abbrev  0x00001d52      0x1e9 /tmp/cch2qMF4.debug.temp.o
 .debug_abbrev  0x00001f3b      0x1c7 /tmp/cc6uMp4T.debug.temp.o
 .debug_abbrev  0x00002102      0x1fc /tmp/ccX5FJ5c.debug.temp.o
 .debug_abbrev  0x000022fe      0x21c /tmp/ccDqQ5uX.debug.temp.o
 .debug_abbrev  0x0000251a      0x1b8 /tmp/ccDaalbw.debug.temp.o
 .debug_abbrev  0x000026d2      0x1d9 /tmp/cceI0pPb.debug.temp.o
 .debug_abbrev  0x000028ab      0x1b9 /tmp/ccuuaYN1.debug.temp.o
 .debug_abbrev  0x00002a64      0x190 /tmp/ccVXbTtV.debug.temp.o
 .debug_abbrev  0x00002bf4      0x120 /tmp/ccp1VbvR.debug.temp.o
 .debug_abbrev  0x00002d14      0x1fa /tmp/ccpDYGmQ.debug.temp.o
 .debug_abbrev  0x00002f0e      0x160 /tmp/cccCSyfp.debug.temp.o
 .debug_abbrev  0x0000306e      0x1e8 /tmp/cc6CvQ48.debug.temp.o
 .debug_abbrev  0x00003256      0x1f8 /tmp/ccoqQzWg.debug.temp.o
 .debug_abbrev  0x0000344e       0xce /tmp/cc4yT6F1.debug.temp.o
 .debug_abbrev  0x0000351c      0x2a9 /tmp/ccCKxVus.debug.temp.o
 .debug_abbrev  0x000037c5      0x244 /tmp/cc1VgnWj.debug.temp.o
 .debug_abbrev  0x00003a09      0x28f /tmp/ccQnA9p7.debug.temp.o
 .debug_abbrev  0x00003c98      0x2d3 /tmp/ccvC6KEF.debug.temp.o
 .debug_abbrev  0x00003f6b       0xa4 /usr/lib/gcc/arm-none-eabi/15.2.0/../../../../arm-none-eabi/lib/thumb/v7-m/nofp/libc_nano.a(libc_a-memset.o)
 .debug_abbrev  0x0000400f       0xcf /usr/lib/gcc/arm-none-eabi/15.2.0/../../../../arm-none-eabi/lib/thumb/v7-m/nofp/libc_nano.a(libc_a-init.o)
 .debug_abbrev  0x000040de       0x96 /usr/lib/gcc/arm-none-eabi/15.2.0/../../../../arm-none-eabi/lib/thumb/v7-m/nofp/libc_nano.a(libc_a-memcmp.o)
 .debug_abbrev  0x00004174       0xb2 /usr/lib/gcc/arm-none-eabi/15.2.0/../../../../arm-none-eabi/lib/thumb/v7-m/nofp/libc_nano.a(libc_a-memmove.o)
 .debug_abbrev  0x00004226       0xc7 /usr/lib/gcc/arm-none-eabi/15.2.0/../../../../arm-none-eabi/lib/thumb/v7-m/nofp/libc_nano.a(libc_a-memcpy-stub.o)

.debug_loclists
                0x00000000     0x1ed1
 .debug_loclists
                0x00000000     0x1bfd /tmp/ccmQ8kX7.ltrans0.ltrans.o
 .debug_loclists
                0x00001bfd       0x3b /usr/lib/gcc/arm-none-eabi/15.2.0/../../../../arm-none-eabi/lib/thumb/v7-m/nofp/libc_nano.a(libc_a-memset.o)
 .debug_loclists
                0x00001c38       0x48 /usr/lib/gcc/arm-none-eabi/15.2.0/../../../../arm-none-eabi/lib/thumb/v7-m/nofp/libc_nano.a(libc_a-init.o)
 .debug_loclists
                0x00001c80       0xaf /usr/lib/gcc/arm-none-eabi/15.2.0/../../../../arm-none-eabi/lib/thumb/v7-m/nofp/libc_nano.a(libc_a-memcmp.o)
 .debug_loclists
                0x00001d2f      0x105 /usr/lib/gcc/arm-none-eabi/15.2.0/../../../../arm-none-eabi/lib/thumb/v7-m/nofp/libc_nano.a(libc_a-memmove.o)
 .debug_loclists
                0x00001e34       0x9d /usr/lib/gcc/arm-none-eabi/15.2.0/../../../../arm-none-eabi/lib/thumb/v7-m/nofp/libc_nano.a(libc_a-memcpy-stub.o)

.debug_aranges  0x00000000      0x888
 .debug_aranges
                0x00000000      0x620 /tmp/ccmQ8kX7.ltrans0.ltrans.o
 .debug_aranges
                0x00000620      0x1c8 /tmp/ccmQ8kX7.ltrans1.ltrans.o
 .debug_aranges
                0x000007e8       0x20 /usr/lib/gcc/arm-none-eabi/15.2.0/../../../../arm-none-eabi/lib/thumb/v7-m/nofp/libc_nano.a(libc_a-memset.o)
 .debug_aranges
                0x00000808       0x20 /usr/lib/gcc/arm-none-eabi/15.2.0/../../../../arm-none-eabi/lib/thumb/v7-m/nofp/libc_nano.a(libc_a-init.o)
 .debug_aranges
                0x00000828       0x20 /usr/lib/gcc/arm-none-eabi/15.2.0/../../../../arm-none-eabi/lib/thumb/v7-m/nofp/libc_nano.a(libc_a-memcmp.o)
 .debug_aranges
                0x00000848       0x20 /usr/lib/gcc/arm-none-eabi/15.2.0/../../../../arm-none-eabi/lib/thumb/v7-m/nofp/libc_nano.a(libc_a-memmove.o)
 .debug_aranges
                0x00000868       0x20 /usr/lib/gcc/arm-none-eabi/15.2.0/../../../../arm-none-eabi/lib/thumb/v7-m/nofp/libc_nano.a(libc_a-memcpy-stub.o)

.debug_rnglists
                0x00000000     0x2219
 .debug_rnglists
                0x00000000     0x1d98 /tmp/ccmQ8kX7.ltrans0.ltrans.o
 .debug_rnglists
                0x00001d98      0x422 /tmp/ccmQ8kX7.ltrans1.ltrans.o
 .debug_rnglists
                0x000021ba       0x13 /usr/lib/gcc/arm-none-eabi/15.2.0/../../../../arm-none-eabi/lib/thumb/v7-m/nofp/libc_nano.a(libc_a-memset.o)
 .debug_rnglists
                0x000021cd       0x13 /usr/lib/gcc/arm-none-eabi/15.2.0/../../../../arm-none-eabi/lib/thumb/v7-m/nofp/libc_nano.a(libc_a-init.o)
 .debug_rnglists
                0x000021e0       0x13 /usr/lib/gcc/arm-none-eabi/15.2.0/../../../../arm-none-eabi/lib/thumb/v7-m/nofp/libc_nano.a(libc_a-memcmp.o)
 .debug_rnglists
                0x000021f3       0x13 /usr/lib/gcc/arm-none-eabi/15.2.0/../../../../arm-none-eabi/lib/thumb/v7-m/nofp/libc_nano.a(libc_a-memmove.o)
 .debug_rnglists
                0x00002206       0x13 /usr/lib/gcc/arm-none-eabi/15.2.0/../../../../arm-none-eabi/lib/thumb/v7-m/nofp/libc_nano.a(libc_a-memcpy-stub.o)

.debug_line     0x00000000     0xd8ae
 .debug_line    0x00000000     0x9cc6 /tmp/ccmQ8kX7.ltrans0.ltrans.o
 .debug_line    0x00009cc6     0x172c /tmp/ccmQ8kX7.ltrans1.ltrans.o
 .debug_line    0x0000b3f2       0xf9 /tmp/ccYxa8Qn.debug.temp.o
 .debug_line    0x0000b4eb      0x12b /tmp/ccD2n4RH.debug.temp.o
 .debug_line    0x0000b616      0x185 /tmp/ccyxH6rw.debug.temp.o
 .debug_line    0x0000b79b       0x9e /tmp/ccokNIp2.debug.temp.o
 .debug_line    0x0000b839      0x14a /tmp/cchsSrcP.debug.temp.o
 .debug_line    0x0000b983      0x13b /tmp/ccxpUQv6.debug.temp.o
 .debug_line    0x0000babe      0x198 /tmp/ccAH2ImE.debug.temp.o
 .debug_line    0x0000bc56      0x13b /tmp/ccUVoIH2.debug.temp.o
 .debug_line    0x0000bd91      0x13b /tmp/cch2qMF4.debug.temp.o
 .debug_line    0x0000becc      0x13b /tmp/cc6uMp4T.debug.temp.o
 .debug_line    0x0000c007      0x13b /tmp/ccX5FJ5c.debug.temp.o
 .debug_line    0x0000c142      0x13b /tmp/ccDqQ5uX.debug.temp.o
 .debug_line    0x0000c27d      0x13b /tmp/ccDaalbw.debug.temp.o
 .debug_line    0x0000c3b8      0x13b /tmp/cceI0pPb.debug.temp.o
 .debug_line    0x0000c4f3      0x13b /tmp/ccuuaYN1.debug.temp.o
 .debug_line    0x0000c62e      0x13b /tmp/ccVXbTtV.debug.temp.o
 .debug_line    0x0000c769      0x13b /tmp/ccp1VbvR.debug.temp.o
 .debug_line    0x0000c8a4      0x13b /tmp/ccpDYGmQ.debug.temp.o
 .debug_line    0x0000c9df      0x13b /tmp/cccCSyfp.debug.temp.o
 .debug_line    0x0000cb1a      0x13b /tmp/cc6CvQ48.debug.temp.o
 .debug_line    0x0000cc55      0x13b /tmp/ccoqQzWg.debug.temp.o
 .debug_line    0x0000cd90       0xd9 /tmp/cc4yT6F1.debug.temp.o
 .debug_line    0x0000ce69       0xf7 /tmp/ccCKxVus.debug.temp.o
 .debug_line    0x0000cf60       0xe8 /tmp/cc1VgnWj.debug.temp.o
 .debug_line    0x0000d048       0xfc /tmp/ccQnA9p7.debug.temp.o
 .debug_line    0x0000d144       0xfc /tmp/ccvC6KEF.debug.temp.o
 .debug_line    0x0000d240      0x130 /usr/lib/gcc/arm-none-eabi/15.2.0/../../../../arm-none-eabi/lib/thumb/v7-m/nofp/libc_nano.a(libc_a-memset.o)
 .debug_line    0x0000d370      0x100 /usr/lib/gcc/arm-none-eabi/15.2.0/../../../../arm-none-eabi/lib/thumb/v7-m/nofp/libc_nano.a(libc_a-init.o)
 .debug_line    0x0000d470      0x14a /usr/lib/gcc/arm-none-eabi/15.2.0/../../../../arm-none-eabi/lib/thumb/v7-m/nofp/libc_nano.a(libc_a-memcmp.o)
 .debug_line    0x0000d5ba      0x16a /usr/lib/gcc/arm-none-eabi/15.2.0/../../../../arm-none-eabi/lib/thumb/v7-m/nofp/libc_nano.a(libc_a-memmove.o)
 .debug_line    0x0000d724      0x18a /usr/lib/gcc/arm-none-eabi/15.2.0/../../../../arm-none-eabi/lib/thumb/v7-m/nofp/libc_nano.a(libc_a-memcpy-stub.o)

.debug_str      0x00000000    0x8cc44
 .debug_str     0x00000000        0x0 /tmp/ccmQ8kX7.ltrans0.ltrans.o
                               0x258f (size before relaxing)
 .debug_str     0x00000000        0x0 /tmp/ccmQ8kX7.ltrans1.ltrans.o
                                0xf99 (size before relaxing)
 .debug_str     0x00000000        0x0 /tmp/ccYxa8Qn.debug.temp.o
                              0x118e3 (size before relaxing)
 .debug_str     0x00000000        0x0 /tmp/ccD2n4RH.debug.temp.o
                               0x941e (size before relaxing)
 .debug_str     0x00000000        0x0 /tmp/ccyxH6rw.debug.temp.o
                              0x737ae (size before relaxing)
 .debug_str     0x00000000        0x0 /tmp/ccokNIp2.debug.temp.o
                               0xf384 (size before relaxing)
 .debug_str     0x00000000        0x0 /tmp/cchsSrcP.debug.temp.o
                              0x73e6b (size before relaxing)
 .debug_str     0x00000000        0x0 /tmp/ccxpUQv6.debug.temp.o
                              0x731fa (size before relaxing)
 .debug_str     0x00000000        0x0 /tmp/ccAH2ImE.debug.temp.o
                              0x806e2 (size before relaxing)
 .debug_str     0x00000000        0x0 /tmp/ccUVoIH2.debug.temp.o
                              0x729a1 (size before relaxing)
 .debug_str     0x00000000        0x0 /tmp/cch2qMF4.debug.temp.o
                              0x7307e (size before relaxing)
 .debug_str     0x00000000        0x0 /tmp/cc6uMp4T.debug.temp.o
                              0x72f76 (size before relaxing)
 .debug_str     0x00000000        0x0 /tmp/ccX5FJ5c.debug.temp.o
                              0x72fba (size before relaxing)
 .debug_str     0x00000000        0x0 /tmp/ccDqQ5uX.debug.temp.o
                              0x72fb4 (size before relaxing)
 .debug_str     0x00000000        0x0 /tmp/ccDaalbw.debug.temp.o
                              0x72cf4 (size before relaxing)
 .debug_str     0x00000000        0x0 /tmp/cceI0pPb.debug.temp.o
                              0x72c26 (size before relaxing)
 .debug_str     0x00000000        0x0 /tmp/ccuuaYN1.debug.temp.o
                              0x72dd4 (size before relaxing)
 .debug_str     0x00000000        0x0 /tmp/ccVXbTtV.debug.temp.o
                              0x72cd7 (size before relaxing)
 .debug_str     0x00000000        0x0 /tmp/ccp1VbvR.debug.temp.o
                              0x72995 (size before relaxing)
 .debug_str     0x00000000        0x0 /tmp/ccpDYGmQ.debug.temp.o
                              0x72d28 (size before relaxing)
 .debug_str     0x00000000        0x0 /tmp/cccCSyfp.debug.temp.o
                              0x72aca (size before relaxing)
 .debug_str     0x00000000        0x0 /tmp/cc6CvQ48.debug.temp.o
                              0x73d34 (size before relaxing)
 .debug_str     0x00000000        0x0 /tmp/ccoqQzWg.debug.temp.o
                              0x735aa (size before relaxing)
 .debug_str     0x00000000        0x0 /tmp/cc4yT6F1.debug.temp.o
                              0x1056b (size before relaxing)
 .debug_str     0x00000000        0x0 /tmp/ccCKxVus.debug.temp.o
                              0x12f00 (size before relaxing)
 .debug_str     0x00000000        0x0 /tmp/cc1VgnWj.debug.temp.o
                              0x12e28 (size before relaxing)
 .debug_str     0x00000000        0x0 /tmp/ccQnA9p7.debug.temp.o
                              0x13d29 (size before relaxing)
 .debug_str     0x00000000        0x0 /tmp/ccvC6KEF.debug.temp.o
                              0x1470e (size before relaxing)
 .debug_str     0x00000000    0x8cc44 /usr/lib/gcc/arm-none-eabi/15.2.0/../../../../arm-none-eabi/lib/thumb/v7-m/nofp/libc_nano.a(libc_a-memset.o)
                                0x1d7 (size before relaxing)
 .debug_str     0x0008cc44        0x0 /usr/lib/gcc/arm-none-eabi/15.2.0/../../../../arm-none-eabi/lib/thumb/v7-m/nofp/libc_nano.a(libc_a-init.o)
                                0x238 (size before relaxing)
 .debug_str     0x0008cc44        0x0 /usr/lib/gcc/arm-none-eabi/15.2.0/../../../../arm-none-eabi/lib/thumb/v7-m/nofp/libc_nano.a(libc_a-memcmp.o)
                                0x1d7 (size before relaxing)
 .debug_str     0x0008cc44        0x0 /usr/lib/gcc/arm-none-eabi/15.2.0/../../../../arm-none-eabi/lib/thumb/v7-m/nofp/libc_nano.a(libc_a-memmove.o)
                                0x1f2 (size before relaxing)
 .debug_str     0x0008cc44        0x0 /usr/lib/gcc/arm-none-eabi/15.2.0/../../../../arm-none-eabi/lib/thumb/v7-m/nofp/libc_nano.a(libc_a-memcpy-stub.o)
                                0x1f5 (size before relaxing)

.debug_frame    0x00000000     0x1a24
 .debug_frame   0x00000000     0x134c /tmp/ccmQ8kX7.ltrans0.ltrans.o
 .debug_frame   0x0000134c      0x614 /tmp/ccmQ8kX7.ltrans1.ltrans.o
 .debug_frame   0x00001960       0x20 /usr/lib/gcc/arm-none-eabi/15.2.0/../../../../arm-none-eabi/lib/thumb/v7-m/nofp/libc_nano.a(libc_a-memset.o)
 .debug_frame   0x00001980       0x2c /usr/lib/gcc/arm-none-eabi/15.2.0/../../../../arm-none-eabi/lib/thumb/v7-m/nofp/libc_nano.a(libc_a-init.o)