Archive member included to satisfy reference by file (symbol)

/usr/lib/gcc/arm-none-eabi/15.2.0/../../../../arm-none-eabi/lib/thumb/v7-m/nofp/libc_nano.a(libc_a-atexit.o)
                              /usr/lib/gcc/arm-none-eabi/15.2.0/../../../../arm-none-eabi/lib/thumb/v7-m/nofp/crt0.o (atexit)
/usr/lib/gcc/arm-none-eabi/15.2.0/../../../../arm-none-eabi/lib/thumb/v7-m/nofp/libc_nano.a(libc_a-exit.o)
                              /usr/lib/gcc/arm-none-eabi/15.2.0/../../../../arm-none-eabi/lib/thumb/v7-m/nofp/crt0.o (exit)
/usr/lib/gcc/arm-none-eabi/15.2.0/../../../../arm-none-eabi/lib/thumb/v7-m/nofp/libc_nano.a(libc_a-findfp.o)
                              /usr/lib/gcc/arm-none-eabi/15.2.0/../../../../arm-none-eabi/lib/thumb/v7-m/nofp/libc_nano.a(libc_a-exit.o) (__stdio_exit_handler)
/usr/lib/gcc/arm-none-eabi/15.2.0/../../../../arm-none-eabi/lib/thumb/v7-m/nofp/libc_nano.a(libc_a-fwalk.o)
                              /usr/lib/gcc/arm-none-eabi/15.2.0/../../../../arm-none-eabi/lib/thumb/v7-m/nofp/libc_nano.a(libc_a-findfp.o) (_fwalk_sglue)
/usr/lib/gcc/arm-none-eabi/15.2.0/../../../../arm-none-eabi/lib/thumb/v7-m/nofp/libc_nano.a(libc_a-stdio.o)
                              /usr/lib/gcc/arm-none-eabi/15.2.0/../../../../arm-none-eabi/lib/thumb/v7-m/nofp/libc_nano.a(libc_a-findfp.o) (__sread)
/usr/lib/gcc/arm-none-eabi/15.2.0/../../../../arm-none-eabi/lib/thumb/v7-m/nofp/libc_nano.a(libc_a-memset.o)
                              /usr/lib/gcc/arm-none-eabi/15.2.0/../../../../arm-none-eabi/lib/thumb/v7-m/nofp/crt0.o (memset)
/usr/lib/gcc/arm-none-eabi/15.2.0/../../../../arm-none-eabi/lib/thumb/v7-m/nofp/libc_nano.a(libc_a-closer.o)
                              /usr/lib/gcc/arm-none-eabi/15.2.0/../../../../arm-none-eabi/lib/thumb/v7-m/nofp/libc_nano.a(libc_a-stdio.o) (_close_r)
/usr/lib/gcc/arm-none-eabi/15.2.0/../../../../arm-none-eabi/lib/thumb/v7-m/nofp/libc_nano.a(libc_a-reent.o)
                              /usr/lib/gcc/arm-none-eabi/15.2.0/../../../../arm-none-eabi/lib/thumb/v7-m/nofp/libc_nano.a(libc_a-closer.o) (errno)
/usr/lib/gcc/arm-none-eabi/15.2.0/../../../../arm-none-eabi/lib/thumb/v7-m/nofp/libc_nano.a(libc_a-impure.o)
                              /usr/lib/gcc/arm-none-eabi/15.2.0/../../../../arm-none-eabi/lib/thumb/v7-m/nofp/libc_nano.a(libc_a-reent.o) (_impure_ptr)
/usr/lib/gcc/arm-none-eabi/15.2.0/../../../../arm-none-eabi/lib/thumb/v7-m/nofp/libc_nano.a(libc_a-lseekr.o)
                              /usr/lib/gcc/arm-none-eabi/15.2.0/../../../../arm-none-eabi/lib/thumb/v7-m/nofp/libc_nano.a(libc_a-stdio.o) (_lseek_r)
/usr/lib/gcc/arm-none-eabi/15.2.0/../../../../arm-none-eabi/lib/thumb/v7-m/nofp/libc_nano.a(libc_a-readr.o)
                              /usr/lib/gcc/arm-none-eabi/15.2.0/../../../../arm-none-eabi/lib/thumb/v7-m/nofp/libc_nano.a(libc_a-stdio.o) (_read_r)
/usr/lib/gcc/arm-none-eabi/15.2.0/../../../../arm-none-eabi/lib/thumb/v7-m/nofp/libc_nano.a(libc_a-writer.o)
                              /usr/lib/gcc/arm-none-eabi/15.2.0/../../../../arm-none-eabi/lib/thumb/v7-m/nofp/libc_nano.a(libc_a-stdio.o) (_write_r)
/usr/lib/gcc/arm-none-eabi/15.2.0/../../../../arm-none-eabi/lib/thumb/v7-m/nofp/libc_nano.a(libc_a-init.o)
                              /usr/lib/gcc/arm-none-eabi/15.2.0/../../../../arm-none-eabi/lib/thumb/v7-m/nofp/crt0.o (__libc_init_array)
/usr/lib/gcc/arm-none-eabi/15.2.0/../../../../arm-none-eabi/lib/thumb/v7-m/nofp/libc_nano.a(libc_a-fini.o)
                              /usr/lib/gcc/arm-none-eabi/15.2.0/../../../../arm-none-eabi/lib/thumb/v7-m/nofp/crt0.o (__libc_fini_array)
/usr/lib/gcc/arm-none-eabi/15.2.0/../../../../arm-none-eabi/lib/thumb/v7-m/nofp/libc_nano.a(libc_a-lock.o)
                              /usr/lib/gcc/arm-none-eabi/15.2.0/../../../../arm-none-eabi/lib/thumb/v7-m/nofp/libc_nano.a(libc_a-findfp.o) (__retarget_lock_init_recursive)
/usr/lib/gcc/arm-none-eabi/15.2.0/../../../../arm-none-eabi/lib/thumb/v7-m/nofp/libc_nano.a(libc_a-__atexit.o)
                              /usr/lib/gcc/arm-none-eabi/15.2.0/../../../../arm-none-eabi/lib/thumb/v7-m/nofp/libc_nano.a(libc_a-atexit.o) (__register_exitproc)
/usr/lib/gcc/arm-none-eabi/15.2.0/../../../../arm-none-eabi/lib/thumb/v7-m/nofp/libc_nano.a(libc_a-__call_atexit.o)
                              /usr/lib/gcc/arm-none-eabi/15.2.0/../../../../arm-none-eabi/lib/thumb/v7-m/nofp/libc_nano.a(libc_a-__atexit.o) (__call_exitprocs)
/usr/lib/gcc/arm-none-eabi/15.2.0/../../../../arm-none-eabi/lib/thumb/v7-m/nofp/libc_nano.a(libc_a-freer.o)
                              /usr/lib/gcc/arm-none-eabi/15.2.0/../../../../arm-none-eabi/lib/thumb/v7-m/nofp/libc_nano.a(libc_a-reent.o) (_free_r)
/usr/lib/gcc/arm-none-eabi/15.2.0/../../../../arm-none-eabi/lib/thumb/v7-m/nofp/libc_nano.a(libc_a-mallocr.o)
                              /usr/lib/gcc/arm-none-eabi/15.2.0/../../../../arm-none-eabi/lib/thumb/v7-m/nofp/libc_nano.a(libc_a-findfp.o) (_malloc_r)
[...]
Memory Configuration

Name             Origin             Length             Attributes
RAM              0x20000000         0x00005000         xrw
ROM              0x08008000         0x00010800         xr
*default*        0x00000000         0xffffffff

Linker script and memory map

LOAD /usr/lib/gcc/arm-none-eabi/15.2.0/thumb/v7-m/nofp/crtfastmath.o
LOAD /usr/lib/gcc/arm-none-eabi/15.2.0/thumb/v7-m/nofp/crti.o
LOAD /usr/lib/gcc/arm-none-eabi/15.2.0/thumb/v7-m/nofp/crtbegin.o
LOAD /usr/lib/gcc/arm-none-eabi/15.2.0/../../../../arm-none-eabi/lib/thumb/v7-m/nofp/crt0.o
LOAD objects/ts101/./core/bsp/miniware/startup/startup_stm32f103t8ux.o
LOAD objects/ts101/./core/src/FreeRTOSHooks.o
LOAD /tmp/ccwW0idz.ltrans0.ltrans.o
LOAD /tmp/ccwW0idz.ltrans1.ltrans.o
LOAD /tmp/ccKoXUIm.debug.temp.o
LOAD /tmp/ccotb11R.debug.temp.o
LOAD /tmp/cc1qcd9v.debug.temp.o
LOAD /tmp/cc5dgj7M.debug.temp.o
LOAD /tmp/cc8LRGeT.debug.temp.o
LOAD /tmp/ccWwgamH.debug.temp.o
LOAD /tmp/ccVjFrqM.debug.temp.o
LOAD /tmp/ccK9wlp5.debug.temp.o
LOAD /tmp/ccveg3Ir.debug.temp.o
LOAD /tmp/cclNeQoF.debug.temp.o
LOAD /tmp/ccq8yoD7.debug.temp.o
LOAD /tmp/cct046P7.debug.temp.o
LOAD /tmp/ccvqywCP.debug.temp.o
LOAD /tmp/cc02IQHs.debug.temp.o
LOAD /tmp/ccZWfSl0.debug.temp.o
LOAD /tmp/cc1hesyC.debug.temp.o
LOAD /tmp/cctI3wTX.debug.temp.o
LOAD /tmp/ccAz1OeX.debug.temp.o
LOAD /tmp/ccVC4lAC.debug.temp.o
LOAD /tmp/ccay4khx.debug.temp.o
LOAD /tmp/ccm5jArw.debug.temp.o
LOAD /tmp/ccvxzN1Y.debug.temp.o
LOAD /tmp/cc61uXMj.debug.temp.o
LOAD /tmp/ccVBwWHy.debug.temp.o
LOAD /tmp/ccO2c012.debug.temp.o
LOAD /tmp/ccdxLGnQ.debug.temp.o
LOAD /tmp/cc4JEpOv.debug.temp.o
LOAD /tmp/ccdcjh0c.debug.temp.o
LOAD /tmp/ccYVmxx9.debug.temp.o
LOAD /tmp/ccnyqnAW.debug.temp.o
LOAD /tmp/ccLnxBWr.debug.temp.o
LOAD /tmp/cclOrD4w.debug.temp.o
LOAD /tmp/cckAnKpr.debug.temp.o
LOAD objects/ts101/./core/src/freertos.o
LOAD objects/ts101/./core/src/syscalls.o
LOAD objects/ts101/./core/bsp/miniware/flash.o
LOAD objects/ts101/./core/bsp/miniware/port.o
LOAD objects/ts101/./core/bsp/miniware/stm32f1xx_hal_msp.o
LOAD objects/ts101/./core/bsp/miniware/stm32f1xx_hal_timebase_TIM.o
LOAD objects/ts101/./core/bsp/miniware/stm32f1xx_it.o
LOAD objects/ts101/./core/bsp/miniware/system_stm32f1xx.o
LOAD objects/ts101/./core/bsp/miniware/vendor/stm32f1xx_hal_driver/src/stm32f1xx_hal.o
LOAD objects/ts101/./core/bsp/miniware/vendor/stm32f1xx_hal_driver/src/stm32f1xx_hal_adc.o
LOAD objects/ts101/./core/bsp/miniware/vendor/stm32f1xx_hal_driver/src/stm32f1xx_hal_adc_ex.o
LOAD objects/ts101/./core/bsp/miniware/vendor/stm32f1xx_hal_driver/src/stm32f1xx_hal_cortex.o
LOAD objects/ts101/./core/bsp/miniware/vendor/stm32f1xx_hal_driver/src/stm32f1xx_hal_dma.o
LOAD objects/ts101/./core/bsp/miniware/vendor/stm32f1xx_hal_driver/src/stm32f1xx_hal_flash.o
LOAD objects/ts101/./core/bsp/miniware/vendor/stm32f1xx_hal_driver/src/stm32f1xx_hal_flash_ex.o
LOAD objects/ts101/./core/bsp/miniware/vendor/stm32f1xx_hal_driver/src/stm32f1xx_hal_gpio.o
LOAD objects/ts101/./core/bsp/miniware/vendor/stm32f1xx_hal_driver/src/stm32f1xx_hal_gpio_ex.o
LOAD objects/ts101/./core/bsp/miniware/vendor/stm32f1xx_hal_driver/src/stm32f1xx_hal_iwdg.o
LOAD objects/ts101/./core/bsp/miniware/vendor/stm32f1xx_hal_driver/src/stm32f1xx_hal_pwr.o
LOAD objects/ts101/./core/bsp/miniware/vendor/stm32f1xx_hal_driver/src/stm32f1xx_hal_rcc.o
LOAD objects/ts101/./core/bsp/miniware/vendor/stm32f1xx_hal_driver/src/stm32f1xx_hal_rcc_ex.o
LOAD objects/ts101/./core/bsp/miniware/vendor/stm32f1xx_hal_driver/src/stm32f1xx_hal_tim.o
LOAD objects/ts101/./core/bsp/miniware/vendor/stm32f1xx_hal_driver/src/stm32f1xx_hal_tim_ex.o
LOAD objects/ts101/./middlewares/third_party/freertos/source/croutine.o
LOAD objects/ts101/./middlewares/third_party/freertos/source/event_groups.o
LOAD objects/ts101/./middlewares/third_party/freertos/source/list.o
LOAD objects/ts101/./middlewares/third_party/freertos/source/queue.o
LOAD objects/ts101/./middlewares/third_party/freertos/source/stream_buffer.o
LOAD objects/ts101/./middlewares/third_party/freertos/source/tasks.o
LOAD objects/ts101/./middlewares/third_party/freertos/source/timers.o
LOAD objects/ts101/./middlewares/third_party/freertos/source/cmsis_rtos/cmsis_os.o
LOAD objects/ts101/./core/brieflz/depack.o
LOAD objects/ts101/./core/threads/GUIThread.o
LOAD objects/ts101/./core/threads/MOVThread.o
LOAD objects/ts101/./core/threads/PIDThread.o
LOAD objects/ts101/./core/threads/POWThread.o
LOAD objects/ts101/./core/threads/ui/drawing/mono_128x32/draw_cjc_sampling.o
LOAD objects/ts101/./core/threads/ui/drawing/mono_128x32/draw_debug_menu.o
LOAD objects/ts101/./core/threads/ui/drawing/mono_128x32/draw_homescreen_detailed.o
LOAD objects/ts101/./core/threads/ui/drawing/mono_128x32/draw_homescreen_simplified.o
LOAD objects/ts101/./core/threads/ui/drawing/mono_128x32/draw_power_source_icon.o
LOAD objects/ts101/./core/threads/ui/drawing/mono_128x32/draw_profile_advanced.o
LOAD objects/ts101/./core/threads/ui/drawing/mono_128x32/draw_soldering_basic_status.o
LOAD objects/ts101/./core/threads/ui/drawing/mono_128x32/draw_soldering_power_status.o
LOAD objects/ts101/./core/threads/ui/drawing/mono_128x32/draw_soldering_sleep_mode.o
LOAD objects/ts101/./core/threads/ui/drawing/mono_128x32/draw_temperature_change.o
LOAD objects/ts101/./core/threads/ui/drawing/mono_128x32/draw_tip_temperature.o
LOAD objects/ts101/./core/threads/ui/drawing/mono_128x32/draw_usb_pd_debug.o
LOAD objects/ts101/./core/threads/ui/drawing/mono_128x32/draw_warning_undervoltage.o
LOAD objects/ts101/./core/threads/ui/drawing/mono_128x32/pre_render_assets.o
LOAD objects/ts101/./core/threads/ui/drawing/mono_128x32/printSleepCountdown.o
LOAD objects/ts101/./core/threads/ui/drawing/mono_128x32/print_voltage.o
LOAD objects/ts101/./core/threads/ui/drawing/mono_128x32/show_warning.o
LOAD objects/ts101/./core/threads/ui/logic/CJC.o
LOAD objects/ts101/./core/threads/ui/logic/DebugMenu.o
LOAD objects/ts101/./core/threads/ui/logic/HomeScreen.o
LOAD objects/ts101/./core/threads/ui/logic/OperatingModes.o
LOAD objects/ts101/./core/threads/ui/logic/SettingsMenu.o
LOAD objects/ts101/./core/threads/ui/logic/ShowStartupWarnings.o
LOAD objects/ts101/./core/threads/ui/logic/Sleep.o
LOAD objects/ts101/./core/threads/ui/logic/Soldering.o
LOAD objects/ts101/./core/threads/ui/logic/SolderingProfile.o
LOAD objects/ts101/./core/threads/ui/logic/TemperatureAdjust.o
LOAD objects/ts101/./core/threads/ui/logic/USBPDDebug_FS2711.o
LOAD objects/ts101/./core/threads/ui/logic/USBPDDebug_FUSB.o
LOAD objects/ts101/./core/threads/ui/logic/USBPDDebug_HUSB238.o
LOAD objects/ts101/./core/threads/ui/logic/utils/GUIDelay.o
LOAD objects/ts101/./core/threads/ui/logic/utils/SolderingCommon.o
LOAD objects/ts101/./core/threads/ui/logic/utils/checkUndervoltage.o
LOAD objects/ts101/./core/threads/ui/logic/utils/getHallEffectSleepTimeout.o
LOAD objects/ts101/./core/threads/ui/logic/utils/getSleepTimeout.o
LOAD objects/ts101/./core/threads/ui/logic/utils/min.o
LOAD objects/ts101/./core/threads/ui/logic/utils/shouldDeviceShutdown.o
LOAD objects/ts101/./core/threads/ui/logic/utils/shouldDeviceSleep.o
LOAD objects/ts101/./core/src/QC3.o
LOAD objects/ts101/./core/src/ScrollMessage.o
LOAD objects/ts101/./core/src/Settings.o
LOAD objects/ts101/./core/src/Translation.o
LOAD objects/ts101/./core/src/main.o
LOAD objects/ts101/./core/src/power.o
LOAD objects/ts101/./core/src/settingsGUI.o
LOAD objects/ts101/./core/drivers/BMA223.o
LOAD objects/ts101/./core/drivers/BootLogo.o
LOAD objects/ts101/./core/drivers/Buttons.o
LOAD objects/ts101/./core/drivers/FS2711.o
LOAD objects/ts101/./core/drivers/HUB238.o
LOAD objects/ts101/./core/drivers/I2CBB1.o
LOAD objects/ts101/./core/drivers/I2CBB2.o
LOAD objects/ts101/./core/drivers/LIS2DH12.o
LOAD objects/ts101/./core/drivers/MMA8652FC.o
LOAD objects/ts101/./core/drivers/MSA301.o
LOAD objects/ts101/./core/drivers/SC7A20.o
LOAD objects/ts101/./core/drivers/Si7210.o
LOAD objects/ts101/./core/drivers/TipThermoModel.o
LOAD objects/ts101/./core/drivers/USBPD.o
LOAD objects/ts101/./core/drivers/Utils.o
LOAD objects/ts101/./core/drivers/usb-pd/src/fusb302b.o
LOAD objects/ts101/./core/drivers/usb-pd/src/policy_engine.o
LOAD objects/ts101/./core/drivers/usb-pd/src/policy_engine_states.o
LOAD objects/ts101/./core/drivers/OLED.o
LOAD objects/ts101/./core/bsp/miniware/BSP.o
LOAD objects/ts101/./core/bsp/miniware/IRQ.o
LOAD objects/ts101/./core/bsp/miniware/Power.o
LOAD objects/ts101/./core/bsp/miniware/QC_GPIO.o
LOAD objects/ts101/./core/bsp/miniware/Setup.o
LOAD objects/ts101/./core/bsp/miniware/fusb_user.o
LOAD objects/ts101/./core/bsp/miniware/postRTOS.o
LOAD objects/ts101/./core/bsp/miniware/preRTOS.o
LOAD objects/ts101/./core/bsp/miniware/ThermoModel.o
LOAD objects/ts101/core/gen/Translation.RU.o
LOAD objects/ts101/core/lang_support/lang_single.o
                0x00018800                        __FLASH_SIZE__ = 0x18800
                0x00008000                        __BOOTLDR_SIZE__ = 0x8000
LOAD /usr/lib/gcc/arm-none-eabi/15.2.0/../../../../arm-none-eabi/lib/thumb/v7-m/nofp/libstdc++_nano.a
LOAD /usr/lib/gcc/arm-none-eabi/15.2.0/../../../../arm-none-eabi/lib/thumb/v7-m/nofp/libm.a
START GROUP
LOAD /usr/lib/gcc/arm-none-eabi/15.2.0/thumb/v7-m/nofp/libgcc.a
LOAD /usr/lib/gcc/arm-none-eabi/15.2.0/../../../../arm-none-eabi/lib/thumb/v7-m/nofp/libc_nano.a
END GROUP
START GROUP
LOAD /usr/lib/gcc/arm-none-eabi/15.2.0/thumb/v7-m/nofp/libgcc.a
LOAD /usr/lib/gcc/arm-none-eabi/15.2.0/../../../../arm-none-eabi/lib/thumb/v7-m/nofp/libc_nano.a
LOAD /usr/lib/gcc/arm-none-eabi/15.2.0/../../../../arm-none-eabi/lib/thumb/v7-m/nofp/libnosys.a
END GROUP
START GROUP
LOAD /usr/lib/gcc/arm-none-eabi/15.2.0/thumb/v7-m/nofp/libgcc.a
LOAD /usr/lib/gcc/arm-none-eabi/15.2.0/../../../../arm-none-eabi/lib/thumb/v7-m/nofp/libc_nano.a
LOAD /usr/lib/gcc/arm-none-eabi/15.2.0/../../../../arm-none-eabi/lib/thumb/v7-m/nofp/libnosys.a
END GROUP
LOAD /usr/lib/gcc/arm-none-eabi/15.2.0/thumb/v7-m/nofp/crtend.o
LOAD /usr/lib/gcc/arm-none-eabi/15.2.0/thumb/v7-m/nofp/crtn.o
                0x20005000                        _estack = 0x20005000
                0x00000300                        _Min_Heap_Size = 0x300
                0x00000400                        _Min_Stack_Size = 0x400
                0x08008000                        __APP_BASE_ADDRESS__ = (0x8000000 + __BOOTLDR_SIZE__)
                0x00010800                        __ROM_REGION_LENGTH__ = (__FLASH_SIZE__ - __BOOTLDR_SIZE__)
                0x08018800                        __FLASH_END_ADDR__ = (__APP_BASE_ADDRESS__ + __ROM_REGION_LENGTH__)

.isr_vector     0x08008000      0x10c
                0x08008000                        . = ALIGN (0x4)
 *(.isr_vector)
 .isr_vector    0x08008000      0x10c objects/ts101/./core/bsp/miniware/startup/startup_stm32f103t8ux.o
                0x08008000                g_pfnVectors
                0x0800810c                        . = ALIGN (0x4)

.text           0x08008110     0x8808
                0x08008110                        . = ALIGN (0x4)
 *(.text)
 .text          0x08008110       0x88 /usr/lib/gcc/arm-none-eabi/15.2.0/thumb/v7-m/nofp/crtbegin.o
 *(.text*)
 .text.Reset_Handler
                0x08008198       0x48 objects/ts101/./core/bsp/miniware/startup/startup_stm32f103t8ux.o
                0x08008198                Reset_Handler
 .text.Default_Handler
                0x080081e0        0x2 objects/ts101/./core/bsp/miniware/startup/startup_stm32f103t8ux.o
                0x080081e0                RTC_Alarm_IRQHandler
                0x080081e0                EXTI2_IRQHandler
                0x080081e0                DebugMon_Handler
                0x080081e0                TIM1_CC_IRQHandler
                0x080081e0                HardFault_Handler
                0x080081e0                PVD_IRQHandler
                0x080081e0                NMI_Handler
                0x080081e0                EXTI3_IRQHandler
                0x080081e0                EXTI0_IRQHandler
                0x080081e0                I2C2_EV_IRQHandler
                0x080081e0                UsageFault_Handler
                0x080081e0                SPI1_IRQHandler
                0x080081e0                TAMPER_IRQHandler
                0x080081e0                DMA1_Channel4_IRQHandler
                0x080081e0                USART3_IRQHandler
                0x080081e0                RTC_IRQHandler
                0x080081e0                DMA1_Channel7_IRQHandler
                0x080081e0                CAN1_RX1_IRQHandler
                0x080081e0                I2C1_EV_IRQHandler
                0x080081e0                DMA1_Channel6_IRQHandler
                0x080081e0                RCC_IRQHandler
                0x080081e0                TIM1_TRG_COM_IRQHandler
                0x080081e0                Default_Handler
                0x080081e0                EXTI15_10_IRQHandler
                0x080081e0                SPI2_IRQHandler
                0x080081e0                MemManage_Handler
                0x080081e0                DMA1_Channel5_IRQHandler
                0x080081e0                EXTI4_IRQHandler
                0x080081e0                USB_LP_CAN1_RX0_IRQHandler
                0x080081e0                USB_HP_CAN1_TX_IRQHandler
                0x080081e0                DMA1_Channel3_IRQHandler
                0x080081e0                WWDG_IRQHandler
                0x080081e0                TIM1_BRK_IRQHandler
                0x080081e0                EXTI1_IRQHandler
                0x080081e0                USART2_IRQHandler
                0x080081e0                I2C2_ER_IRQHandler
                0x080081e0                DMA1_Channel2_IRQHandler
                0x080081e0                CAN1_SCE_IRQHandler
                0x080081e0                FLASH_IRQHandler
                0x080081e0                BusFault_Handler
                0x080081e0                USART1_IRQHandler
                0x080081e0                I2C1_ER_IRQHandler
                0x080081e0                USBWakeUp_IRQHandler
 .text.prvTaskExitError
                0x080081e2        0x2 /tmp/ccwW0idz.ltrans0.ltrans.o
 .text.prvPortStartFirstTask
                0x080081e4       0x20 /tmp/ccwW0idz.ltrans0.ltrans.o
 .text.vPortEnterCritical.part.0
                0x08008204       0x12 /tmp/ccwW0idz.ltrans0.ltrans.o
 *fill*         0x08008216        0x2 
 .text.vPortEnterCritical
                0x08008218       0x34 /tmp/ccwW0idz.ltrans0.ltrans.o
 .text.vPortExitCritical
                0x0800824c       0x1c /tmp/ccwW0idz.ltrans0.ltrans.o
 .text.vPortValidateInterruptPriority
                0x08008268       0x50 /tmp/ccwW0idz.ltrans0.ltrans.o
 .text.ADC_Enable
                0x080082b8       0x6c /tmp/ccwW0idz.ltrans0.ltrans.o
 .text.ADC_ConversionStop_Disable
                0x08008324       0x40 /tmp/ccwW0idz.ltrans0.ltrans.o
 .text.ADC_DMAConvCplt
                0x08008364       0x44 /tmp/ccwW0idz.ltrans0.ltrans.o
 .text.HAL_ADCEx_Calibration_Start
                0x080083a8       0xe4 /tmp/ccwW0idz.ltrans0.ltrans.o
 .text.HAL_ADCEx_InjectedStart.isra.0
                0x0800848c       0xa8 /tmp/ccwW0idz.ltrans0.ltrans.o
 .text.HAL_ADCEx_InjectedConfigChannel.isra.0
                0x08008534      0x118 /tmp/ccwW0idz.ltrans0.ltrans.o
 .text.HAL_NVIC_SetPriority.constprop.0
                0x0800864c       0x50 /tmp/ccwW0idz.ltrans0.ltrans.o
 .text.HAL_FLASH_Unlock.isra.0
                0x0800869c       0x20 /tmp/ccwW0idz.ltrans0.ltrans.o
 .text.FLASH_WaitForLastOperation.constprop.0
                0x080086bc       0x94 /tmp/ccwW0idz.ltrans0.ltrans.o
 .text.HAL_GPIO_Init
                0x08008750      0x1b8 /tmp/ccwW0idz.ltrans0.ltrans.o
 .text.HAL_ADC_Init.constprop.0.isra.0
                0x08008908      0x1c4 /tmp/ccwW0idz.ltrans0.ltrans.o
 .text.HAL_TIM_PWM_Start.constprop.0.isra.0
                0x08008acc       0x54 /tmp/ccwW0idz.ltrans0.ltrans.o
 .text.TIM_Base_SetConfig
                0x08008b20       0x70 /tmp/ccwW0idz.ltrans0.ltrans.o
 .text.HAL_TIM_Base_Init.constprop.0
                0x08008b90       0xb4 /tmp/ccwW0idz.ltrans0.ltrans.o
 .text.HAL_TIM_OC_Init.isra.0
                0x08008c44       0x4c /tmp/ccwW0idz.ltrans0.ltrans.o
 .text.HAL_TIM_Base_Start_IT.part.0.isra.0
                0x08008c90       0x44 /tmp/ccwW0idz.ltrans0.ltrans.o
 .text.HAL_InitTick.constprop.0.isra.0
                0x08008cd4       0x9c /tmp/ccwW0idz.ltrans0.ltrans.o
 .text.HAL_TIMEx_MasterConfigSynchronization.constprop.0.isra.0
                0x08008d70       0x54 /tmp/ccwW0idz.ltrans0.ltrans.o
 .text.vListInsert
                0x08008dc4       0x2e /tmp/ccwW0idz.ltrans0.ltrans.o
 .text.uxListRemove
                0x08008df2       0x1e /tmp/ccwW0idz.ltrans0.ltrans.o
 .text.vTaskSuspendAll
                0x08008e10       0x10 /tmp/ccwW0idz.ltrans0.ltrans.o
 .text.xTaskRemoveFromEventList.isra.0
                0x08008e20       0xc8 /tmp/ccwW0idz.ltrans0.ltrans.o
 .text.prvUnlockQueue
                0x08008ee8       0x6c /tmp/ccwW0idz.ltrans0.ltrans.o
 .text.uxTaskGetStackHighWaterMark
                0x08008f54       0x1c /tmp/ccwW0idz.ltrans0.ltrans.o
 .text.prvResetNextTaskUnblockTime
                0x08008f70       0x24 /tmp/ccwW0idz.ltrans0.ltrans.o
 .text.xTaskIncrementTick
                0x08008f94      0x188 /tmp/ccwW0idz.ltrans0.ltrans.o
 .text.xTaskResumeAll
                0x0800911c      0x170 /tmp/ccwW0idz.ltrans0.ltrans.o
 .text.xTaskGetSchedulerState
                0x0800928c       0x20 /tmp/ccwW0idz.ltrans0.ltrans.o
 .text.prvAddCurrentTaskToDelayedList.isra.0
                0x080092ac       0x78 /tmp/ccwW0idz.ltrans0.ltrans.o
 .text.xTaskDelayUntil.isra.0
                0x08009324       0x6c /tmp/ccwW0idz.ltrans0.ltrans.o
 .text.ulTaskGenericNotifyTake.part.0.constprop.0
                0x08009390       0x68 /tmp/ccwW0idz.ltrans0.ltrans.o
 .text._ZN16USBPowerDelivery15isVBUSConnectedEv
                0x080093f8        0x4 /tmp/ccwW0idz.ltrans0.ltrans.o
 .text._Z11noOpDisplayv
                0x080093fc        0x2 /tmp/ccwW0idz.ltrans0.ltrans.o
                0x080093fc                noOpDisplay()
 .text._Z13getMenuLengthPK8menuitemt
                0x080093fe       0x2e /tmp/ccwW0idz.ltrans0.ltrans.o
 .text._Z15getSleepTimeoutv
                0x0800942c       0x30 /tmp/ccwW0idz.ltrans0.ltrans.o
 .text._Z16shouldBeSleepingv
                0x0800945c       0x58 /tmp/ccwW0idz.ltrans0.ltrans.o
 .text._Z15setSettingValue15SettingsOptionst
                0x080094b4       0x28 /tmp/ccwW0idz.ltrans0.ltrans.o
 .text._Z16nextSettingValue15SettingsOptions
                0x080094dc       0x40 /tmp/ccwW0idz.ltrans0.ltrans.o
 .text._ZZ16gui_SettingsMenu11ButtonStateP10guiContextENKUlvE_clEv.isra.0
                0x0800951c       0x20 /tmp/ccwW0idz.ltrans0.ltrans.o
 .text._ZL20showSolderingTipTypev
                0x0800953c        0x4 /tmp/ccwW0idz.ltrans0.ltrans.o
 .text._Z18isLastSettingValue15SettingsOptions
                0x08009540       0x74 /tmp/ccwW0idz.ltrans0.ltrans.o
 .text._ZL17showInputVOptionsv
                0x080095b4       0x14 /tmp/ccwW0idz.ltrans0.ltrans.o
 .text._ZL12setBoostTempv
                0x080095c8       0x40 /tmp/ccwW0idz.ltrans0.ltrans.o
 .text._ZL16showSleepOptionsv
                0x08009608       0x14 /tmp/ccwW0idz.ltrans0.ltrans.o
 .text._ZL12setSleepTempv
                0x0800961c       0x30 /tmp/ccwW0idz.ltrans0.ltrans.o
 .text._ZL8setTempF15SettingsOptions
                0x0800964c       0x44 /tmp/ccwW0idz.ltrans0.ltrans.o
 .text._ZL8setTempFv
                0x08009690       0x1e /tmp/ccwW0idz.ltrans0.ltrans.o
 *fill*         0x080096ae        0x2 
 .text._ZL23displayAnimationOptionsv
                0x080096b0       0x14 /tmp/ccwW0idz.ltrans0.ltrans.o
 .text._ZL21showPowerPulseOptionsv
                0x080096c4       0x14 /tmp/ccwW0idz.ltrans0.ltrans.o
 .text._Z14getButtonStatev
                0x080096d8       0xa8 /tmp/ccwW0idz.ltrans0.ltrans.o
 .text._ZN6I2CBB15startEv
                0x08009780       0x3c /tmp/ccwW0idz.ltrans0.ltrans.o
 .text._ZN6I2CBB14stopEv
                0x080097bc       0x30 /tmp/ccwW0idz.ltrans0.ltrans.o
 .text._ZN6I2CBB18read_bitEv
                0x080097ec       0x30 /tmp/ccwW0idz.ltrans0.ltrans.o
 .text._ZN6I2CBB19write_bitEh
                0x0800981c       0x30 /tmp/ccwW0idz.ltrans0.ltrans.o
 .text._ZN6I2CBB14sendEh
                0x0800984c       0x34 /tmp/ccwW0idz.ltrans0.ltrans.o
 .text._Z16get_ms_timestampv
                0x08009880        0xc /tmp/ccwW0idz.ltrans0.ltrans.o
                0x08009880                get_ms_timestamp()
 .text._ZNK7FUSB30212fusb_read_idEv.constprop.0
                0x0800988c       0x34 /tmp/ccwW0idz.ltrans0.ltrans.o
 .text._ZN16USBPowerDelivery11fusbPresentEv
                0x080098c0       0x20 /tmp/ccwW0idz.ltrans0.ltrans.o
 .text._ZN16USBPowerDelivery19negotiationCompleteEv
                0x080098e0       0x64 /tmp/ccwW0idz.ltrans0.ltrans.o
 .text._ZNK7FUSB30214fusb_read_byteEh
                0x08009944       0x16 /tmp/ccwW0idz.ltrans0.ltrans.o
 *fill*         0x0800995a        0x2 
 .text._ZNK7FUSB30215fusb_write_byteEhh.constprop.0
                0x0800995c       0x20 /tmp/ccwW0idz.ltrans0.ltrans.o
 .text._ZNK10ringbufferI6pd_msgLj4EE11getOccupiedEv.constprop.0
                0x0800997c       0x20 /tmp/ccwW0idz.ltrans0.ltrans.o
 .text._ZN12PolicyEngine12waitForEventENS_19policy_engine_stateEmm.constprop.0
                0x0800999c       0x44 /tmp/ccwW0idz.ltrans0.ltrans.o
 .text._ZN12PolicyEngine19pe_start_message_txENS_19policy_engine_stateES0_P6pd_msg.constprop.0
                0x080099e0       0x90 /tmp/ccwW0idz.ltrans0.ltrans.o
 .text.HAL_TIM_PWM_ConfigChannel.constprop.0.isra.0
                0x08009a70       0x74 /tmp/ccwW0idz.ltrans0.ltrans.o
 .text._ZL20detectThermalRunawaylm
                0x08009ae4       0x98 /tmp/ccwW0idz.ltrans0.ltrans.o
 .text.xQueueGenericSend.constprop.0.isra.0
                0x08009b7c      0x158 /tmp/ccwW0idz.ltrans0.ltrans.o
 .text.xQueueCreateMutexStatic.constprop.0
                0x08009cd4       0x84 /tmp/ccwW0idz.ltrans0.ltrans.o
 .text._ZN6I2CBB16unlockEv
                0x08009d58        0xc /tmp/ccwW0idz.ltrans0.ltrans.o
 .text._ZN10ringbufferI6pd_msgLj4EE3popEPS0_.constprop.0
                0x08009d64       0x54 /tmp/ccwW0idz.ltrans0.ltrans.o
 .text._ZN12PolicyEngine21pe_sink_wait_good_crcEv.constprop.0
                0x08009db8       0x70 /tmp/ccwW0idz.ltrans0.ltrans.o
 .text.xTaskCreateStatic.constprop.0
                0x08009e28      0x204 /tmp/ccwW0idz.ltrans0.ltrans.o
 .text.osThreadCreate.constprop.0
                0x0800a02c       0x28 /tmp/ccwW0idz.ltrans0.ltrans.o
 .text._ZN4OLED11clearScreenEv
                0x0800a054       0x14 /tmp/ccwW0idz.ltrans0.ltrans.o
 .text._ZN16USBPowerDelivery4stepEv
                0x0800a068      0x750 /tmp/ccwW0idz.ltrans0.ltrans.o
 .text.prvIdleTask
                0x0800a7b8       0x28 /tmp/ccwW0idz.ltrans0.ltrans.o
 .text._Z8warnUserPKc11ButtonState
                0x0800a7e0       0x34 /tmp/ccwW0idz.ltrans0.ltrans.o
 .text._Z17drawScrollingTextPKcm
                0x0800a814       0x94 /tmp/ccwW0idz.ltrans0.ltrans.o
 .text._ZL16displayUSBPDModev
                0x0800a8a8       0x44 /tmp/ccwW0idz.ltrans0.ltrans.o
 .text._ZL23displaySolderingTipTypev
                0x0800a8ec       0x44 /tmp/ccwW0idz.ltrans0.ltrans.o
 .text._ZL12displayTempFv
                0x0800a930       0x30 /tmp/ccwW0idz.ltrans0.ltrans.o
 .text._ZL22displayDisplayRotationv
                0x0800a960       0x34 /tmp/ccwW0idz.ltrans0.ltrans.o
 .text._ZL18displayScrollSpeedv
                0x0800a994       0x30 /tmp/ccwW0idz.ltrans0.ltrans.o
 .text._ZL18displayInputVRangev
                0x0800a9c4       0x40 /tmp/ccwW0idz.ltrans0.ltrans.o
 .text._ZL21displayInputMinVRangev
                0x0800aa04       0x48 /tmp/ccwW0idz.ltrans0.ltrans.o
 .text._ZL26displayTempChangeShortStepv
                0x0800aa4c       0x14 /tmp/ccwW0idz.ltrans0.ltrans.o
 .text._ZL25displayTempChangeLongStepv
                0x0800aa60       0x14 /tmp/ccwW0idz.ltrans0.ltrans.o
 .text._ZL16displaySleepTempv
                0x0800aa74       0x14 /tmp/ccwW0idz.ltrans0.ltrans.o
 .text._ZL21displayPowerPulseWaitv
                0x0800aa88       0x14 /tmp/ccwW0idz.ltrans0.ltrans.o
 .text._ZL25displayPowerPulseDurationv
                0x0800aa9c       0x14 /tmp/ccwW0idz.ltrans0.ltrans.o
 .text._Z22parseCapabilitiesArrayhPhPtS0_PbS1_.constprop.0
                0x0800aab0      0x1b8 /tmp/ccwW0idz.ltrans0.ltrans.o
 .text._Z25EPREvaluateCapabilityFuncPK10epr_pd_msgP6pd_msg
                0x0800ac68      0x118 /tmp/ccwW0idz.ltrans0.ltrans.o
                0x0800ac68                EPREvaluateCapabilityFunc(epr_pd_msg const*, pd_msg*)
 .text._Z28pdbs_dpm_evaluate_capabilityPK6pd_msgPS_
                0x0800ad80       0xfc /tmp/ccwW0idz.ltrans0.ltrans.o
                0x0800ad80                pdbs_dpm_evaluate_capability(pd_msg const*, pd_msg*)
 .text._Z28pdbs_dpm_get_sink_capabilityP6pd_msgb
                0x0800ae7c       0x6e /tmp/ccwW0idz.ltrans0.ltrans.o
                0x0800ae7c                pdbs_dpm_get_sink_capability(pd_msg*, bool)
 .text._ZN4OLED12drawCheckboxEb
                0x0800aeea        0xa /tmp/ccwW0idz.ltrans0.ltrans.o
 .text._ZL26displayCoolingBlinkEnabledv
                0x0800aef4       0x14 /tmp/ccwW0idz.ltrans0.ltrans.o
 .text._ZL37displayReverseButtonTempChangeEnabledv
                0x0800af08       0x14 /tmp/ccwW0idz.ltrans0.ltrans.o
 .text._ZL28displayReverseButtonSettingsv
                0x0800af1c       0x18 /tmp/ccwW0idz.ltrans0.ltrans.o
 .text._ZL20displayAnimationLoopv
                0x0800af34       0x14 /tmp/ccwW0idz.ltrans0.ltrans.o
 .text._ZL26displayAdvancedIDLEScreensv
                0x0800af48       0x14 /tmp/ccwW0idz.ltrans0.ltrans.o
 .text._ZL31displayAdvancedSolderingScreensv
                0x0800af5c       0x14 /tmp/ccwW0idz.ltrans0.ltrans.o
 .text._ZL16displayCalibratev
                0x0800af70       0x18 /tmp/ccwW0idz.ltrans0.ltrans.o
 .text._Z12printVoltagev
                0x0800af88       0x4c /tmp/ccwW0idz.ltrans0.ltrans.o
 .text._Z12availableW10h
                0x0800afd4       0x38 /tmp/ccwW0idz.ltrans0.ltrans.o
 .text._Z13X10WattsToPWMlh
                0x0800b00c       0x30 /tmp/ccwW0idz.ltrans0.ltrans.o
 .text._Z14setTipX10Wattsl
                0x0800b03c       0x6c /tmp/ccwW0idz.ltrans0.ltrans.o
 .text._ZN4OLED19drawUnavailableIconEv
                0x0800b0a8       0x1c /tmp/ccwW0idz.ltrans0.ltrans.o
 .text._ZL19displayPDNegTimeoutv
                0x0800b0c4       0x1c /tmp/ccwW0idz.ltrans0.ltrans.o
 .text._ZL16displayBoostTempv
                0x0800b0e0       0x20 /tmp/ccwW0idz.ltrans0.ltrans.o
 .text._ZL25displayAutomaticStartModev
                0x0800b100       0x44 /tmp/ccwW0idz.ltrans0.ltrans.o
 .text._ZL18displayLockingModev
                0x0800b144       0x34 /tmp/ccwW0idz.ltrans0.ltrans.o
 .text._ZL18displaySensitivityv
                0x0800b178       0x20 /tmp/ccwW0idz.ltrans0.ltrans.o
 .text._ZL16displaySleepTimev
                0x0800b198       0x64 /tmp/ccwW0idz.ltrans0.ltrans.o
 .text._ZL19displayShutdownTimev
                0x0800b1fc       0x38 /tmp/ccwW0idz.ltrans0.ltrans.o
 .text._ZL21displayAnimationSpeedv
                0x0800b234       0x44 /tmp/ccwW0idz.ltrans0.ltrans.o
 .text._ZL17displayPowerLimitv
                0x0800b278       0x38 /tmp/ccwW0idz.ltrans0.ltrans.o
 .text._ZL17displayPowerPulsev
                0x0800b2b0       0x58 /tmp/ccwW0idz.ltrans0.ltrans.o
 .text._ZL15displayLogoTimev
                0x0800b308       0x68 /tmp/ccwW0idz.ltrans0.ltrans.o
 .text._ZL11displayMenuj
                0x0800b370       0xbc /tmp/ccwW0idz.ltrans0.ltrans.o
 .text._ZL16displayPowerMenuv
                0x0800b42c        0x6 /tmp/ccwW0idz.ltrans0.ltrans.o
 .text._ZL20displaySolderingMenuv
                0x0800b432        0x6 /tmp/ccwW0idz.ltrans0.ltrans.o
 .text._ZL22displayPowerSavingMenuv
                0x0800b438        0x6 /tmp/ccwW0idz.ltrans0.ltrans.o
 .text._ZL13displayUIMenuv
                0x0800b43e        0x6 /tmp/ccwW0idz.ltrans0.ltrans.o
 .text._ZL19displayAdvancedMenuv
                0x0800b444        0x6 /tmp/ccwW0idz.ltrans0.ltrans.o
 *fill*         0x0800b44a        0x2 
 .text._ZL18setDisplayRotationv
                0x0800b44c       0x24 /tmp/ccwW0idz.ltrans0.ltrans.o
 .text._ZL18displayInvertColorv
                0x0800b470       0x2c /tmp/ccwW0idz.ltrans0.ltrans.o
 .text._ZL22displayBrightnessLevelv
                0x0800b49c       0x30 /tmp/ccwW0idz.ltrans0.ltrans.o
 .text._Z25ui_draw_power_source_iconv
                0x0800b4cc       0xb4 /tmp/ccwW0idz.ltrans0.ltrans.o
 .text._Z20getPowerSourceNumberv
                0x0800b580       0x22 /tmp/ccwW0idz.ltrans0.ltrans.o
 *fill*         0x0800b5a2        0x2 
 .text._Z12saveSettingsv
                0x0800b5a4       0xe4 /tmp/ccwW0idz.ltrans0.ltrans.o
 .text._Z16sanitiseSettingsv
                0x0800b688       0x9c /tmp/ccwW0idz.ltrans0.ltrans.o
 *fill*         0x0800b724        0xc 
 .text.SVC_Handler
                0x0800b730       0x24 /tmp/ccwW0idz.ltrans0.ltrans.o
                0x0800b730                SVC_Handler
 *fill*         0x0800b754        0xc 
 .text.PendSV_Handler
                0x0800b760       0x44 /tmp/ccwW0idz.ltrans0.ltrans.o
                0x0800b760                PendSV_Handler
 .text.SysTick_Handler
                0x0800b7a4       0x34 /tmp/ccwW0idz.ltrans0.ltrans.o
                0x0800b7a4                SysTick_Handler
 .text.DMA1_Channel1_IRQHandler
                0x0800b7d8      0x120 /tmp/ccwW0idz.ltrans0.ltrans.o
                0x0800b7d8                DMA1_Channel1_IRQHandler
 .text.ADC1_2_IRQHandler
                0x0800b8f8      0x1c0 /tmp/ccwW0idz.ltrans0.ltrans.o
                0x0800b8f8                ADC1_2_IRQHandler
 .text.EXTI9_5_IRQHandler
                0x0800bab8      0x118 /tmp/ccwW0idz.ltrans0.ltrans.o
                0x0800bab8                EXTI9_5_IRQHandler
 .text.SystemInit
                0x0800bbd0       0x4c /tmp/ccwW0idz.ltrans0.ltrans.o
                0x0800bbd0                SystemInit
 .text.HAL_TIM_PWM_Stop.constprop.0.isra.0
                0x0800bc1c       0x60 /tmp/ccwW0idz.ltrans0.ltrans.o
                0x0800bc1c                HAL_TIM_PWM_Stop.constprop.0.isra.0
 .text.HAL_TIM_IRQHandler
                0x0800bc7c      0x15c /tmp/ccwW0idz.ltrans0.ltrans.o
 .text.TIM1_UP_IRQHandler
                0x0800bdd8        0xc /tmp/ccwW0idz.ltrans0.ltrans.o
                0x0800bdd8                TIM1_UP_IRQHandler
 .text.TIM3_IRQHandler
                0x0800bde4       0x20 /tmp/ccwW0idz.ltrans0.ltrans.o
                0x0800bde4                TIM3_IRQHandler
 .text.TIM2_IRQHandler
                0x0800be04       0x1c /tmp/ccwW0idz.ltrans0.ltrans.o
                0x0800be04                TIM2_IRQHandler
 .text.TIM4_IRQHandler
                0x0800be20       0x20 /tmp/ccwW0idz.ltrans0.ltrans.o
                0x0800be20                TIM4_IRQHandler
 .text.xQueueSemaphoreTake.constprop.0
                0x0800be40      0x320 /tmp/ccwW0idz.ltrans0.ltrans.o
                0x0800be40                xQueueSemaphoreTake.constprop.0
 .text._ZN6I2CBB14lockEv
                0x0800c160       0x14 /tmp/ccwW0idz.ltrans0.ltrans.o
 .text._ZN6I2CBB15probeEh
                0x0800c174       0x24 /tmp/ccwW0idz.ltrans0.ltrans.o
 .text._ZN6I2CBB18Mem_ReadEttPht
                0x0800c198       0xa4 /tmp/ccwW0idz.ltrans0.ltrans.o
 .text._ZN6I2CBB116I2C_RegisterReadEhh
                0x0800c23c       0x1a /tmp/ccwW0idz.ltrans0.ltrans.o
 .text._ZN6I2CBB19Mem_WriteEttPKht
                0x0800c256       0x5a /tmp/ccwW0idz.ltrans0.ltrans.o
 .text._ZN6I2CBB118writeRegistersBulkEhPKNS_7I2C_REGEh
                0x0800c2b0       0x48 /tmp/ccwW0idz.ltrans0.ltrans.o
 .text.vTaskDelay
                0x0800c2f8       0x3c /tmp/ccwW0idz.ltrans0.ltrans.o
                0x0800c2f8                vTaskDelay
 .text.startMOVTask
                0x0800c334      0x450 /tmp/ccwW0idz.ltrans0.ltrans.o
 .text.startPOWTask
                0x0800c784      0x390 /tmp/ccwW0idz.ltrans0.ltrans.o
 .text._Z18waitForButtonPressv
                0x0800cb14       0x2a /tmp/ccwW0idz.ltrans0.ltrans.o
 *fill*         0x0800cb3e        0x2 
 .text._Z27waitForButtonPressOrTimeoutm
                0x0800cb40       0x40 /tmp/ccwW0idz.ltrans0.ltrans.o
 .text._Z5delayv
                0x0800cb80       0x24 /tmp/ccwW0idz.ltrans0.ltrans.o
 .text._Z8ms_delaym
                0x0800cba4        0xa /tmp/ccwW0idz.ltrans0.ltrans.o
                0x0800cba4                ms_delay(unsigned long)
 *fill*         0x0800cbae        0x2 
 .text.vTaskSwitchContext
                0x0800cbb0       0x8c /tmp/ccwW0idz.ltrans0.ltrans.o
                0x0800cbb0                vTaskSwitchContext
 .text._ZN6I2CBB25startEv
                0x0800cc3c       0x3c /tmp/ccwW0idz.ltrans0.ltrans.o
                0x0800cc3c                I2CBB2::start()
 .text._ZN6I2CBB24stopEv
                0x0800cc78       0x30 /tmp/ccwW0idz.ltrans0.ltrans.o
                0x0800cc78                I2CBB2::stop()
 .text._ZN6I2CBB28read_bitEv
                0x0800cca8       0x30 /tmp/ccwW0idz.ltrans0.ltrans.o
                0x0800cca8                I2CBB2::read_bit()
 .text._ZN6I2CBB26unlockEv
                0x0800ccd8        0xc /tmp/ccwW0idz.ltrans0.ltrans.o
                0x0800ccd8                I2CBB2::unlock()
 .text.startup.main
                0x0800cce4      0xb88 /tmp/ccwW0idz.ltrans0.ltrans.o
                0x0800cce4                main
 .text._ZN6I2CBB29write_bitEh
                0x0800d86c       0x30 /tmp/ccwW0idz.ltrans0.ltrans.o
                0x0800d86c                I2CBB2::write_bit(unsigned char)
 .text._ZN6I2CBB24sendEh
                0x0800d89c       0x34 /tmp/ccwW0idz.ltrans0.ltrans.o
                0x0800d89c                I2CBB2::send(unsigned char)
 .text._ZN14TipThermoModel20convertTipRawADCTouVEtb
                0x0800d8d0       0x3c /tmp/ccwW0idz.ltrans0.ltrans.o
                0x0800d8d0                TipThermoModel::convertTipRawADCTouV(unsigned short, bool)
 .text._ZN14TipThermoModel22convertTipRawADCToDegCEt
                0x0800d90c       0x70 /tmp/ccwW0idz.ltrans0.ltrans.o
 .text._ZN14TipThermoModel9getTipInCEb
                0x0800d97c       0x34 /tmp/ccwW0idz.ltrans0.ltrans.o
                0x0800d97c                TipThermoModel::getTipInC(bool)
 .text._Z23ui_draw_tip_temperatureb9FontStyle.constprop.0
                0x0800d9b0       0x4c /tmp/ccwW0idz.ltrans0.ltrans.o
 .text._Z30ui_draw_soldering_basic_statusb
                0x0800d9fc       0xa0 /tmp/ccwW0idz.ltrans0.ltrans.o
 .text._Z30ui_draw_soldering_power_statusb
                0x0800da9c      0x1cc /tmp/ccwW0idz.ltrans0.ltrans.o
 .text._ZN14TipThermoModel12getTipMaxInCEv
                0x0800dc68       0x20 /tmp/ccwW0idz.ltrans0.ltrans.o
                0x0800dc68                TipThermoModel::getTipMaxInC()
 .text.startPIDTask
                0x0800dc88      0x248 /tmp/ccwW0idz.ltrans0.ltrans.o
 .text._ZN4OLED26checkDisplayBufferChecksumEv
                0x0800ded0       0x30 /tmp/ccwW0idz.ltrans0.ltrans.o
                0x0800ded0                OLED::checkDisplayBufferChecksum()
 .text._Z21i2c_send_command_byteh
                0x0800df00       0x18 /tmp/ccwW0idz.ltrans0.ltrans.o
                0x0800df00                i2c_send_command_byte(unsigned char)
 .text._ZN4OLED15setDisplayStateENS_12DisplayStateE
                0x0800df18       0x24 /tmp/ccwW0idz.ltrans0.ltrans.o
 .text._Z15oled_bulk_writemmiiPKh.constprop.0
                0x0800df3c       0x38 /tmp/ccwW0idz.ltrans0.ltrans.o
                0x0800df3c                oled_bulk_write(unsigned long, unsigned long, int, int, unsigned char const*) [clone .constprop.0]
 .text._ZN4OLED7refreshEv
                0x0800df74       0x12 /tmp/ccwW0idz.ltrans0.ltrans.o
                0x0800df74                OLED::refresh()
 *fill*         0x0800df86        0x2 
 .text._Z20checkForUnderVoltagev
                0x0800df88       0xcc /tmp/ccwW0idz.ltrans0.ltrans.o
 .text._Z25gui_SolderingSleepingMode11ButtonStateP10guiContext.constprop.0
                0x0800e054      0x1c0 /tmp/ccwW0idz.ltrans0.ltrans.o
 .text._Z13guiHandleDrawv
                0x0800e214     0x16b0 /tmp/ccwW0idz.ltrans0.ltrans.o
 .text._ZL16userConfirmationPKc
                0x0800f8c4       0x30 /tmp/ccwW0idz.ltrans0.ltrans.o
 .text._ZL12setCalibratev
                0x0800f8f4       0x30 /tmp/ccwW0idz.ltrans0.ltrans.o
 .text._ZL15setCalibrateVINv
                0x0800f924      0x10c /tmp/ccwW0idz.ltrans0.ltrans.o
 .text._ZL16setResetSettingsv
                0x0800fa30       0x4c /tmp/ccwW0idz.ltrans0.ltrans.o
 .text._ZN4OLED30transitionSecondaryFramebufferEbm.isra.0
                0x0800fa7c      0x15c /tmp/ccwW0idz.ltrans0.ltrans.o
 .text.startGUITask
                0x0800fbd8      0x398 /tmp/ccwW0idz.ltrans0.ltrans.o
 .text._ZN4OLED8drawCharEt9FontStyleh
                0x0800ff70       0x98 /tmp/ccwW0idz.ltrans0.ltrans.o
                0x0800ff70                OLED::drawChar(unsigned short, FontStyle, unsigned char)
 .text._ZN7historyItLh4EE6updateEt
                0x08010008       0x1e /tmp/ccwW0idz.ltrans1.ltrans.o
 .text._Z26settings_setLanguageSwitchv
                0x08010026        0x2 /tmp/ccwW0idz.ltrans1.ltrans.o
                0x08010026                settings_setLanguageSwitch()
 .text._Z30settings_displayLanguageSwitchv
                0x08010028        0x2 /tmp/ccwW0idz.ltrans1.ltrans.o
                0x08010028                settings_displayLanguageSwitch()
 *fill*         0x0801002a        0x2 
 .text._Z13fusb_read_bufhhhPh
                0x0801002c       0xa8 /tmp/ccwW0idz.ltrans1.ltrans.o
 .text._ZN4OLED11setRotationEb
                0x080100d4       0x70 /tmp/ccwW0idz.ltrans1.ltrans.o
                0x080100d4                OLED::setRotation(bool)
 .text._ZN4OLED13setBrightnessEh
                0x08010144       0x2c /tmp/ccwW0idz.ltrans1.ltrans.o
                0x08010144                OLED::setBrightness(unsigned char)
 .text._ZN4OLED17setInverseDisplayEb
                0x08010170       0x1c /tmp/ccwW0idz.ltrans1.ltrans.o
                0x08010170                OLED::setInverseDisplay(bool)
 .text._ZN4OLED5printEPKc9FontStylehh
                0x0801018c       0x4a /tmp/ccwW0idz.ltrans1.ltrans.o
                0x0801018c                OLED::print(char const*, FontStyle, unsigned char, unsigned char)
 *fill*         0x080101d6        0x2 
 .text._ZN4OLED16printWholeScreenEPKc
                0x080101d8       0x24 /tmp/ccwW0idz.ltrans1.ltrans.o
                0x080101d8                OLED::printWholeScreen(char const*)
 .text._ZN4OLED7drawHexEm9FontStyleh.constprop.0
                0x080101fc       0x20 /tmp/ccwW0idz.ltrans1.ltrans.o
                0x080101fc                OLED::drawHex(unsigned long, FontStyle, unsigned char) [clone .constprop.0]
 .text._ZN4OLED11printNumberEth9FontStyleb
                0x0801021c       0xac /tmp/ccwW0idz.ltrans1.ltrans.o
                0x0801021c                OLED::printNumber(unsigned short, unsigned char, FontStyle, bool)
 .text._ZN4OLED10drawSymbolEh
                0x080102c8        0x8 /tmp/ccwW0idz.ltrans1.ltrans.o
                0x080102c8                OLED::drawSymbol(unsigned char)
 .text._ZN4OLED8drawAreaEsahhPKh
                0x080102d0       0x8c /tmp/ccwW0idz.ltrans1.ltrans.o
                0x080102d0                OLED::drawArea(short, signed char, unsigned char, unsigned char, unsigned char const*)
 .text._ZN4OLED8fillAreaEsahhh
                0x0801035c       0x40 /tmp/ccwW0idz.ltrans1.ltrans.o
                0x0801035c                OLED::fillArea(short, signed char, unsigned char, unsigned char, unsigned char)
 .text._ZN4OLED14drawHeatSymbolEh
                0x0801039c       0x88 /tmp/ccwW0idz.ltrans1.ltrans.o
                0x0801039c                OLED::drawHeatSymbol(unsigned char)
 .text._ZN4OLED30transitionSecondaryFramebufferEbm.part.0
                0x08010424       0x20 /tmp/ccwW0idz.ltrans1.ltrans.o
                0x08010424                OLED::transitionSecondaryFramebuffer(bool, unsigned long) [clone .part.0]
                0x08010424                OLED::transitionScrollUp(unsigned long) [clone .part.0]
                0x08010424                OLED::transitionScrollDown(unsigned long) [clone .part.0]
 .text._ZN4OLED14printSymbolDegE9FontStyle.part.0
                0x08010444       0x2c /tmp/ccwW0idz.ltrans1.ltrans.o
                0x08010444                OLED::printSymbolDeg(FontStyle) [clone .part.0]
 .text.NVIC_SystemReset.lto_priv.0
                0x08010470       0x24 /tmp/ccwW0idz.ltrans1.ltrans.o
                0x08010470                NVIC_SystemReset.lto_priv.0
 .text.resetWatchdog
                0x08010494       0x10 /tmp/ccwW0idz.ltrans1.ltrans.o
                0x08010494                resetWatchdog
 .text._Z14fusb_write_bufhhhPh
                0x080104a4       0x64 /tmp/ccwW0idz.ltrans1.ltrans.o
 .text.getHandleTemperature
                0x08010508       0x5c /tmp/ccwW0idz.ltrans1.ltrans.o
                0x08010508                getHandleTemperature
 .text.getInputVoltageX10
                0x08010564       0x58 /tmp/ccwW0idz.ltrans1.ltrans.o
                0x08010564                getInputVoltageX10
 .text._ZL15switchToFastPWMv.lto_priv.0
                0x080105bc       0x30 /tmp/ccwW0idz.ltrans1.ltrans.o
                0x080105bc                switchToFastPWM() [clone .lto_priv.0]
 .text.HAL_TIM_PWM_PulseFinishedCallback
                0x080105ec        0xc /tmp/ccwW0idz.ltrans1.ltrans.o
                0x080105ec                HAL_TIM_PWM_PulseFinishedCallback
 .text.isTipDisconnected
                0x080105f8       0x1a /tmp/ccwW0idz.ltrans1.ltrans.o
                0x080105f8                isTipDisconnected
 *fill*         0x08010612        0x2 
 .text.preStartChecksDone
                0x08010614       0x34 /tmp/ccwW0idz.ltrans1.ltrans.o
                0x08010614                preStartChecksDone
 .text.getTipResistanceX10
                0x08010648       0x28 /tmp/ccwW0idz.ltrans1.ltrans.o
                0x08010648                getTipResistanceX10
 .text.getIsPoweredByDCIN
                0x08010670       0x10 /tmp/ccwW0idz.ltrans1.ltrans.o
                0x08010670                getIsPoweredByDCIN
 .text.getTipRawTemp.part.0
                0x08010680       0x2c /tmp/ccwW0idz.ltrans1.ltrans.o
                0x08010680                getTipRawTemp.part.0
 .text.preStartChecks
                0x080106ac       0xfc /tmp/ccwW0idz.ltrans1.ltrans.o
                0x080106ac                preStartChecks
 .text.startup._sub_I_65535_0.0
                0x080107a8       0x90 /tmp/ccwW0idz.ltrans1.ltrans.o
 .text.memset   0x08010838       0x10 /usr/lib/gcc/arm-none-eabi/15.2.0/../../../../arm-none-eabi/lib/thumb/v7-m/nofp/libc_nano.a(libc_a-memset.o)
                0x08010838                memset
 .text.__libc_init_array
                0x08010848       0x48 /usr/lib/gcc/arm-none-eabi/15.2.0/../../../../arm-none-eabi/lib/thumb/v7-m/nofp/libc_nano.a(libc_a-init.o)
                0x08010848                __libc_init_array
 .text.memcmp   0x08010890       0x20 /usr/lib/gcc/arm-none-eabi/15.2.0/../../../../arm-none-eabi/lib/thumb/v7-m/nofp/libc_nano.a(libc_a-memcmp.o)
                0x08010890                memcmp
 .text.memmove  0x080108b0       0x32 /usr/lib/gcc/arm-none-eabi/15.2.0/../../../../arm-none-eabi/lib/thumb/v7-m/nofp/libc_nano.a(libc_a-memmove.o)
                0x080108b0                memmove
 .text.memcpy   0x080108e2       0x1c /usr/lib/gcc/arm-none-eabi/15.2.0/../../../../arm-none-eabi/lib/thumb/v7-m/nofp/libc_nano.a(libc_a-memcpy-stub.o)
                0x080108e2                memcpy
 *(.glue_7)
 .glue_7        0x080108fe        0x0 linker stubs
 *(.glue_7t)
 .glue_7t       0x080108fe        0x0 linker stubs
 *(.eh_frame)
 *fill*         0x080108fe        0x2 
 .eh_frame      0x08010900        0x0 /usr/lib/gcc/arm-none-eabi/15.2.0/thumb/v7-m/nofp/crtbegin.o
 *(.init)
 .init          0x08010900        0x4 /usr/lib/gcc/arm-none-eabi/15.2.0/thumb/v7-m/nofp/crti.o
                0x08010900                _init
 .init          0x08010904        0x8 /usr/lib/gcc/arm-none-eabi/15.2.0/thumb/v7-m/nofp/crtn.o
 *(.fini)
 .fini          0x0801090c        0x4 /usr/lib/gcc/arm-none-eabi/15.2.0/thumb/v7-m/nofp/crti.o
                0x0801090c                _fini
 .fini          0x08010910        0x8 /usr/lib/gcc/arm-none-eabi/15.2.0/thumb/v7-m/nofp/crtn.o
                0x08010918                        . = ALIGN (0x4)
                0x08010918                        _etext = .

.vfp11_veneer   0x08010918        0x0
 .vfp11_veneer  0x08010918        0x0 linker stubs

.v4_bx          0x08010918        0x0
 .v4_bx         0x08010918        0x0 linker stubs

.iplt           0x08010918        0x0
 .iplt          0x08010918        0x0 /usr/lib/gcc/arm-none-eabi/15.2.0/thumb/v7-m/nofp/crtbegin.o

.rodata         0x08010918     0x3288
                0x08010918                        . = ALIGN (0x4)
 *(.rodata)
 *(.rodata*)
 .rodata._ZL12displayTempFv.str1.1
                0x08010918      0x169 /tmp/ccwW0idz.ltrans0.ltrans.o
                                  0x4 (size before relaxing)
 .rodata._ZL18displayInputVRangev.str1.1
                0x08010a81        0x0 /tmp/ccwW0idz.ltrans0.ltrans.o
                                  0x5 (size before relaxing)
 .rodata._ZL21displayInputMinVRangev.str1.1
                0x08010a81        0x0 /tmp/ccwW0idz.ltrans0.ltrans.o
                                  0x2 (size before relaxing)
 .rodata._Z12printVoltagev.str1.1
                0x08010a81        0x0 /tmp/ccwW0idz.ltrans0.ltrans.o
                                  0x2 (size before relaxing)
 .rodata._ZL16displaySleepTimev.str1.1
                0x08010a81        0x0 /tmp/ccwW0idz.ltrans0.ltrans.o
                                  0x4 (size before relaxing)
 .rodata._ZL17displayPowerLimitv.str1.1
                0x08010a81        0x0 /tmp/ccwW0idz.ltrans0.ltrans.o
                                  0x2 (size before relaxing)
 .rodata.main.str1.1
                0x08010a81        0x0 /tmp/ccwW0idz.ltrans0.ltrans.o
                                 0x16 (size before relaxing)
 .rodata._Z30ui_draw_soldering_basic_statusb.str1.1
                0x08010a81        0x0 /tmp/ccwW0idz.ltrans0.ltrans.o
                                  0x2 (size before relaxing)
 .rodata._Z30ui_draw_soldering_power_statusb.str1.1
                0x08010a81        0x0 /tmp/ccwW0idz.ltrans0.ltrans.o
                                  0x8 (size before relaxing)
 .rodata._Z25gui_SolderingSleepingMode11ButtonStateP10guiContext.constprop.0.str1.1
                0x08010a81        0x0 /tmp/ccwW0idz.ltrans0.ltrans.o
                                  0x9 (size before relaxing)
 .rodata._Z13guiHandleDrawv.str1.1
                0x08010a81        0x0 /tmp/ccwW0idz.ltrans0.ltrans.o
                                 0x2f (size before relaxing)
 .rodata._ZL15setCalibrateVINv.str1.1
                0x08010a81        0x0 /tmp/ccwW0idz.ltrans0.ltrans.o
                                  0x2 (size before relaxing)
 .rodata._ZL13USER_FONT_6x8
                0x08010a81      0x28e /tmp/ccwW0idz.ltrans0.ltrans.o
 .rodata._ZL12USER_FONT_12
                0x08010d0f      0xa38 /tmp/ccwW0idz.ltrans0.ltrans.o
 *fill*         0x08011747        0x1 
 .rodata._ZL11translation
                0x08011748      0xeb2 /tmp/ccwW0idz.ltrans0.ltrans.o
 *fill*         0x080125fa        0x2 
 .rodata._ZL12advancedMenu
                0x080125fc       0xa0 /tmp/ccwW0idz.ltrans0.ltrans.o
 .rodata._ZL6UIMenu
                0x0801269c      0x118 /tmp/ccwW0idz.ltrans0.ltrans.o
 .rodata._ZL15PowerSavingMenu
                0x080127b4       0x64 /tmp/ccwW0idz.ltrans0.ltrans.o
 .rodata._ZL13solderingMenu
                0x08012818       0x8c /tmp/ccwW0idz.ltrans0.ltrans.o
 .rodata._ZL9powerMenu
                0x080128a4       0x64 /tmp/ccwW0idz.ltrans0.ltrans.o
 .rodata._ZL14ExtraFontChars
                0x08012908      0x1b0 /tmp/ccwW0idz.ltrans0.ltrans.o
 .rodata._ZZNK7FUSB30217fusb_send_messageEPK6pd_msgE7eop_seq
                0x08012ab8        0x4 /tmp/ccwW0idz.ltrans0.ltrans.o
 .rodata._ZL8uVtoDegC
                0x08012abc      0x198 /tmp/ccwW0idz.ltrans0.ltrans.o
 .rodata._ZL17SettingsMenuIcons
                0x08012c54      0x4ec /tmp/ccwW0idz.ltrans0.ltrans.o
 .rodata._ZL9RepeatInf
                0x08013140       0x80 /tmp/ccwW0idz.ltrans0.ltrans.o
 .rodata._ZL10RepeatOnce
                0x080131c0       0x80 /tmp/ccwW0idz.ltrans0.ltrans.o
 .rodata._ZL15UnavailableIcon
                0x08013240       0x80 /tmp/ccwW0idz.ltrans0.ltrans.o
 .rodata.AHBPrescTable
                0x080132c0       0x10 /tmp/ccwW0idz.ltrans0.ltrans.o
 .rodata.str1.1
                0x080132d0        0x0 /tmp/ccwW0idz.ltrans0.ltrans.o
                                0x110 (size before relaxing)
 .rodata.os_thread_def_GUITask.3
                0x080132d0       0x1c /tmp/ccwW0idz.ltrans0.ltrans.o
 .rodata.os_thread_def_MOVTask.2
                0x080132ec       0x1c /tmp/ccwW0idz.ltrans0.ltrans.o
 .rodata.os_thread_def_POWTask.1
                0x08013308       0x1c /tmp/ccwW0idz.ltrans0.ltrans.o
 .rodata.os_thread_def_PIDTask.0
                0x08013324       0x1c /tmp/ccwW0idz.ltrans0.ltrans.o
 .rodata._ZL13i2c_registers.lto_priv.2
                0x08013340       0x27 /tmp/ccwW0idz.ltrans0.ltrans.o
 .rodata._ZL13i2c_registers.lto_priv.1
                0x08013367       0x24 /tmp/ccwW0idz.ltrans0.ltrans.o
 .rodata._ZL13i2c_registers.lto_priv.0
                0x0801338b       0x18 /tmp/ccwW0idz.ltrans0.ltrans.o
 .rodata._ZL17i2c_registers_alt
                0x080133a3       0x24 /tmp/ccwW0idz.ltrans0.ltrans.o
 .rodata._ZL13i2c_registers.lto_priv.4
                0x080133c7       0x24 /tmp/ccwW0idz.ltrans0.ltrans.o
 .rodata._ZL13i2c_registers.lto_priv.3
                0x080133eb        0xf /tmp/ccwW0idz.ltrans0.ltrans.o
 .rodata._ZL15disconnectedTip.lto_priv.2
                0x080133fa       0xe0 /tmp/ccwW0idz.ltrans0.ltrans.o
 .rodata._ZL7buttonB.lto_priv.1
                0x080134da       0xe0 /tmp/ccwW0idz.ltrans0.ltrans.o
 .rodata._ZL7buttonA.lto_priv.1
                0x080135ba       0xe0 /tmp/ccwW0idz.ltrans0.ltrans.o
 .rodata._ZL15disconnectedTip.lto_priv.1
                0x0801369a       0xe0 /tmp/ccwW0idz.ltrans0.ltrans.o
 .rodata._ZL7buttonB.lto_priv.0
                0x0801377a       0xe0 /tmp/ccwW0idz.ltrans0.ltrans.o
 .rodata._ZL7buttonA.lto_priv.0
                0x0801385a       0xe0 /tmp/ccwW0idz.ltrans0.ltrans.o
 .rodata._ZL15disconnectedTip.lto_priv.0
                0x0801393a       0xe0 /tmp/ccwW0idz.ltrans0.ltrans.o
 *fill*         0x08013a1a        0x2 
 .rodata.PowerSourceNames
                0x08013a1c       0x10 /tmp/ccwW0idz.ltrans0.ltrans.o
 .rodata.AccelTypeNames
                0x08013a2c       0x24 /tmp/ccwW0idz.ltrans0.ltrans.o
 .rodata.DebugMenu
                0x08013a50       0x44 /tmp/ccwW0idz.ltrans0.ltrans.o
 .rodata.subSettingsMenus
                0x08013a94       0x14 /tmp/ccwW0idz.ltrans0.ltrans.o
 .rodata.rootSettingsMenu
                0x08013aa8       0x8c /tmp/ccwW0idz.ltrans0.ltrans.o
 .rodata.APBPrescTable
                0x08013b34        0x8 /tmp/ccwW0idz.ltrans0.ltrans.o
 .rodata._ZN4OLED14printSymbolDegE9FontStyle.part.0.str1.1
                0x08013b3c        0x0 /tmp/ccwW0idz.ltrans1.ltrans.o
                                  0x4 (size before relaxing)
 .rodata.CSWTCH.44
                0x08013b3c        0x3 /tmp/ccwW0idz.ltrans1.ltrans.o
 *fill*         0x08013b3f        0x1 
 .rodata._ZL15NTCHandleLookup
                0x08013b40       0x60 /tmp/ccwW0idz.ltrans1.ltrans.o
                0x08013ba0                        . = ALIGN (0x4)

.rel.dyn        0x08013ba0        0x0
 .rel.iplt      0x08013ba0        0x0 /usr/lib/gcc/arm-none-eabi/15.2.0/thumb/v7-m/nofp/crtbegin.o

.ARM.extab      0x08013ba0        0x0
                0x08013ba0                        . = ALIGN (0x4)
 *(.ARM.extab* .gnu.linkonce.armextab.*)
                0x08013ba0                        . = ALIGN (0x4)

.ARM            0x08013ba0        0x0
                0x08013ba0                        . = ALIGN (0x4)
                0x08013ba0                        __exidx_start = .
 *(.ARM.exidx*)
                0x08013ba0                        __exidx_end = .
                0x08013ba0                        . = ALIGN (0x4)

.preinit_array  0x08013ba0        0x0
                0x08013ba0                        . = ALIGN (0x4)
                0x08013ba0                        PROVIDE (__preinit_array_start = .)
 *(.preinit_array*)
                0x08013ba0                        PROVIDE (__preinit_array_end = .)
                0x08013ba0                        . = ALIGN (0x4)

.init_array     0x08013ba0        0x8
                0x08013ba0                        . = ALIGN (0x4)
                0x08013ba0                        PROVIDE (__init_array_start = .)
 *(SORT_BY_NAME(.init_array.*))
 *(.init_array*)
 .init_array    0x08013ba0        0x4 /usr/lib/gcc/arm-none-eabi/15.2.0/thumb/v7-m/nofp/crtbegin.o
 .init_array    0x08013ba4        0x4 /tmp/ccwW0idz.ltrans1.ltrans.o
                0x08013ba8                        PROVIDE (__init_array_end = .)
                0x08013ba8                        . = ALIGN (0x4)

.fini_array     0x08013ba8        0x4
                0x08013ba8                        . = ALIGN (0x4)
                0x08013ba8                        PROVIDE (__fini_array_start = .)
 *(SORT_BY_NAME(.fini_array.*))
 *(.fini_array*)
 .fini_array    0x08013ba8        0x4 /usr/lib/gcc/arm-none-eabi/15.2.0/thumb/v7-m/nofp/crtbegin.o
                0x08013bac                        PROVIDE (__fini_array_end = .)
                0x08013bac                        . = ALIGN (0x4)
                0x08013bac                        _sidata = LOADADDR (.data)

.data           0x20000000      0x234 load address 0x08013bac
                0x20000000                        . = ALIGN (0x4)
                0x20000000                        _sdata = .
 *(.data)
 *(.data*)
 .data._ZZNK7FUSB30217fusb_send_messageEPK6pd_msgE7sop_seq
                0x20000000        0x5 /tmp/ccwW0idz.ltrans0.ltrans.o
 *fill*         0x20000005        0x3 
 .data._ZZL11displayMenujE16menuCurrentIndex
                0x20000008        0x4 /tmp/ccwW0idz.ltrans0.ltrans.o
 .data._ZZ24shouldBeUsingFastPWMModehE14lastPWMWasFast
                0x2000000c        0x1 /tmp/ccwW0idz.ltrans0.ltrans.o
 *fill*         0x2000000d        0x1 
 .data._ZL17settingsConstants.lto_priv.0
                0x2000000e      0x1c0 /tmp/ccwW0idz.ltrans0.ltrans.o
                0x2000000e                _ZL17settingsConstants.lto_priv.0
 *fill*         0x200001ce        0x2 
 .data._ZZL20detectThermalRunawaylmE10tiptempMin
                0x200001d0        0x4 /tmp/ccwW0idz.ltrans0.ltrans.o
 .data.OLED_Setup_Array
                0x200001d4       0x4b /tmp/ccwW0idz.ltrans0.ltrans.o
                0x200001d4                OLED_Setup_Array
 *fill*         0x2000021f        0x1 
 .data.currentOperatingMode
                0x20000220        0x4 /tmp/ccwW0idz.ltrans0.ltrans.o
 .data.SystemCoreClock
                0x20000224        0x4 /tmp/ccwW0idz.ltrans0.ltrans.o
 .data.uxCriticalNesting
                0x20000228        0x4 /tmp/ccwW0idz.ltrans0.ltrans.o
 .data.tipMeasurementOccuring
                0x2000022c        0x1 /tmp/ccwW0idz.ltrans1.ltrans.o
 *fill*         0x2000022d        0x3 
 .data.nextTipMeasurement
                0x20000230        0x4 /tmp/ccwW0idz.ltrans1.ltrans.o
                0x20000234                        . = ALIGN (0x4)
                0x20000234                        _edata = .

.tm_clone_table
                0x20000234        0x0 load address 0x08013de0
 .tm_clone_table
                0x20000234        0x0 /usr/lib/gcc/arm-none-eabi/15.2.0/thumb/v7-m/nofp/crtbegin.o
 .tm_clone_table
                0x20000234        0x0 /usr/lib/gcc/arm-none-eabi/15.2.0/thumb/v7-m/nofp/crtend.o

.igot.plt       0x20000234        0x0 load address 0x08013de0
 .igot.plt      0x20000234        0x0 /usr/lib/gcc/arm-none-eabi/15.2.0/thumb/v7-m/nofp/crtbegin.o

.bss            0x20000238     0x2f7c load address 0x08013de0
                0x20000238                        . = ALIGN (0x4)
                0x20000238                        _sbss = .
                0x20000238                        __bss_start__ = _sbss
 *(.bss)
 .bss           0x20000238       0x1c /usr/lib/gcc/arm-none-eabi/15.2.0/thumb/v7-m/nofp/crtbegin.o
 *(.bss*)
 .bss.GUITaskControlBlock
                0x20000254       0x64 /tmp/ccwW0idz.ltrans0.ltrans.o
 .bss.GUITaskBuffer
                0x200002b8      0x800 /tmp/ccwW0idz.ltrans0.ltrans.o
 .bss.MOVTaskControlBlock
                0x20000ab8       0x64 /tmp/ccwW0idz.ltrans0.ltrans.o
 .bss.MOVTaskBuffer
                0x20000b1c      0x800 /tmp/ccwW0idz.ltrans0.ltrans.o
 .bss.POWTaskControlBlock
                0x2000131c       0x64 /tmp/ccwW0idz.ltrans0.ltrans.o
 .bss.POWTaskBuffer
                0x20001380      0x400 /tmp/ccwW0idz.ltrans0.ltrans.o
 .bss.PIDTaskControlBlock
                0x20001780       0x64 /tmp/ccwW0idz.ltrans0.ltrans.o
 .bss.PIDTaskBuffer
                0x200017e4      0x800 /tmp/ccwW0idz.ltrans0.ltrans.o
 .bss._ZZN4OLED8drawCharEt9FontStylehE9fontWidth
                0x20001fe4        0x1 /tmp/ccwW0idz.ltrans0.ltrans.o
 .bss._ZZN4OLED8drawCharEt9FontStylehE10fontHeight
                0x20001fe5        0x1 /tmp/ccwW0idz.ltrans0.ltrans.o
 .bss._ZN4OLED12displayStateE
                0x20001fe6        0x1 /tmp/ccwW0idz.ltrans0.ltrans.o
 *fill*         0x20001fe7        0x1 
 .bss._ZN4OLED15displayChecksumE
                0x20001fe8        0x4 /tmp/ccwW0idz.ltrans0.ltrans.o
 .bss._ZN16USBPowerDelivery14detectionStateE
                0x20001fec        0x4 /tmp/ccwW0idz.ltrans0.ltrans.o
 .bss.lastuv    0x20001ff0        0x4 /tmp/ccwW0idz.ltrans0.ltrans.o
 .bss._ZZ14getButtonStatevE11longPressed
                0x20001ff4        0x1 /tmp/ccwW0idz.ltrans0.ltrans.o
 *fill*         0x20001ff5        0x3 
 .bss._ZZ14getButtonStatevE19previousStateChange
                0x20001ff8        0x4 /tmp/ccwW0idz.ltrans0.ltrans.o
 .bss._ZZ14getButtonStatevE13previousState
                0x20001ffc        0x1 /tmp/ccwW0idz.ltrans0.ltrans.o
 *fill*         0x20001ffd        0x3 
 .bss._ZZL11displayMenujE18menuSwitchLoopTick
                0x20002000        0x4 /tmp/ccwW0idz.ltrans0.ltrans.o
 .bss.hiwdg     0x20002004        0xc /tmp/ccwW0idz.ltrans0.ltrans.o
                0x20002004                hiwdg
 .bss.hadc2     0x20002010       0x30 /tmp/ccwW0idz.ltrans0.ltrans.o
                0x20002010                hadc2
 .bss.ADCReadings
                0x20002040       0x20 /tmp/ccwW0idz.ltrans0.ltrans.o
                0x20002040                ADCReadings
 .bss._ZN6I2CBB212I2CSemaphoreE
                0x20002060        0x4 /tmp/ccwW0idz.ltrans0.ltrans.o
                0x20002060                I2CBB2::I2CSemaphore
 .bss._ZN6I2CBB216xSemaphoreBufferE
                0x20002064       0x48 /tmp/ccwW0idz.ltrans0.ltrans.o
 .bss._ZN6I2CBB112I2CSemaphoreE
                0x200020ac        0x4 /tmp/ccwW0idz.ltrans0.ltrans.o
 .bss._ZN6I2CBB116xSemaphoreBufferE
                0x200020b0       0x48 /tmp/ccwW0idz.ltrans0.ltrans.o
 .bss.xIdleStack
                0x200020f8      0x400 /tmp/ccwW0idz.ltrans0.ltrans.o
 .bss.xIdleTaskTCBBuffer
                0x200024f8       0x64 /tmp/ccwW0idz.ltrans0.ltrans.o
 .bss.x10WattHistory
                0x2000255c        0x4 /tmp/ccwW0idz.ltrans0.ltrans.o
 .bss.fusb      0x20002560       0x10 /tmp/ccwW0idz.ltrans0.ltrans.o
                0x20002560                fusb
 .bss._ZZNK7FUSB30217fusb_read_messageEP6pd_msgE7garbage
                0x20002570        0x4 /tmp/ccwW0idz.ltrans0.ltrans.o
 .bss._ZZL20detectThermalRunawaylmE10tipTempMax
                0x20002574        0x4 /tmp/ccwW0idz.ltrans0.ltrans.o
 .bss._ZZL20detectThermalRunawaylmE14heatCycleStart
                0x20002578        0x4 /tmp/ccwW0idz.ltrans0.ltrans.o
 .bss._ZZL20detectThermalRunawaylmE13haveSeenDelta
                0x2000257c        0x1 /tmp/ccwW0idz.ltrans0.ltrans.o
 .bss.haveSeenCapabilityOffer
                0x2000257d        0x1 /tmp/ccwW0idz.ltrans0.ltrans.o
 .bss.lastTipResistance
                0x2000257e        0x1 /tmp/ccwW0idz.ltrans0.ltrans.o
                0x2000257e                lastTipResistance
 *fill*         0x2000257f        0x1 
 .bss.powerSupplyWattageLimit
                0x20002580        0x4 /tmp/ccwW0idz.ltrans0.ltrans.o
 .bss._ZZL20getPIDResultX10WattsllE10powerStore
                0x20002584        0x4 /tmp/ccwW0idz.ltrans0.ltrans.o
 .bss._ZZL20getPIDResultX10WattsllE8lastCall
                0x20002588        0x4 /tmp/ccwW0idz.ltrans0.ltrans.o
 .bss._ZZL27setOutputx10WattsViaFilterslE17lastPowerPulseEnd
                0x2000258c        0x4 /tmp/ccwW0idz.ltrans0.ltrans.o
 .bss._ZZL27setOutputx10WattsViaFilterslE19lastPowerPulseStart
                0x20002590        0x4 /tmp/ccwW0idz.ltrans0.ltrans.o
 .bss._ZN6SC7A2017isInImitationModeE
                0x20002594        0x1 /tmp/ccwW0idz.ltrans0.ltrans.o
 .bss.accelInit
                0x20002595        0x1 /tmp/ccwW0idz.ltrans0.ltrans.o
 .bss._ZN4OLED17secondFrameBufferE
                0x20002596      0x21a /tmp/ccwW0idz.ltrans0.ltrans.o
                0x20002596                OLED::secondFrameBuffer
 .bss._ZN4OLED12screenBufferE
                0x200027b0      0x21a /tmp/ccwW0idz.ltrans0.ltrans.o
                0x200027b0                OLED::screenBuffer
 .bss.settingsWereReset
                0x200029ca        0x1 /tmp/ccwW0idz.ltrans0.ltrans.o
 *fill*         0x200029cb        0x1 
 .bss.lastCapabilities
                0x200029cc       0x2c /tmp/ccwW0idz.ltrans0.ltrans.o
 .bss.pe        0x200029f8      0x174 /tmp/ccwW0idz.ltrans0.ltrans.o
                0x200029f8                pe
 .bss.buttonBF  0x20002b6c       0xe0 /tmp/ccwW0idz.ltrans0.ltrans.o
 .bss.buttonAF  0x20002c4c       0xe0 /tmp/ccwW0idz.ltrans0.ltrans.o
 .bss.disconnectedTipF
                0x20002d2c       0xe0 /tmp/ccwW0idz.ltrans0.ltrans.o
 .bss.heaterThermalRunawayCounter
                0x20002e0c        0x1 /tmp/ccwW0idz.ltrans0.ltrans.o
 .bss._ZN4OLED16inLeftHandedModeE
                0x20002e0d        0x1 /tmp/ccwW0idz.ltrans0.ltrans.o
                0x20002e0d                OLED::inLeftHandedMode
 *fill*         0x20002e0e        0x2 
 .bss.currentTempTargetDegC
                0x20002e10        0x4 /tmp/ccwW0idz.ltrans0.ltrans.o
 .bss.PIDTaskHandle
                0x20002e14        0x4 /tmp/ccwW0idz.ltrans0.ltrans.o
 .bss.MOVTaskHandle
                0x20002e18        0x4 /tmp/ccwW0idz.ltrans0.ltrans.o
 .bss.GUITaskHandle
                0x20002e1c        0x4 /tmp/ccwW0idz.ltrans0.ltrans.o
 .bss.DetectedAccelerometerVersion
                0x20002e20        0x4 /tmp/ccwW0idz.ltrans0.ltrans.o
 .bss._ZZ13getTipRawTempE6filter.lto_priv.0
                0x20002e24       0x10 /tmp/ccwW0idz.ltrans0.ltrans.o
                0x20002e24                _ZZ13getTipRawTempE6filter.lto_priv.0
 .bss._ZN4OLED8cursor_yE
                0x20002e34        0x2 /tmp/ccwW0idz.ltrans0.ltrans.o
                0x20002e34                OLED::cursor_y
 .bss._ZN4OLED8cursor_xE
                0x20002e36        0x2 /tmp/ccwW0idz.ltrans0.ltrans.o
                0x20002e36                OLED::cursor_x
 .bss.systemSettings
                0x20002e38       0x78 /tmp/ccwW0idz.ltrans0.ltrans.o
                0x20002e38                systemSettings
 .bss.buttonsAtDeviceBoot
                0x20002eb0        0x1 /tmp/ccwW0idz.ltrans0.ltrans.o
 *fill*         0x20002eb1        0x3 
 .bss.context   0x20002eb4       0x20 /tmp/ccwW0idz.ltrans0.ltrans.o
 .bss.lastButtonTime
                0x20002ed4        0x4 /tmp/ccwW0idz.ltrans0.ltrans.o
 .bss.lastMovementTime
                0x20002ed8        0x4 /tmp/ccwW0idz.ltrans0.ltrans.o
 .bss._ZN4OLED13stripPointersE
                0x20002edc       0x10 /tmp/ccwW0idz.ltrans0.ltrans.o
                0x20002edc                OLED::stripPointers
 .bss.xNextTaskUnblockTime
                0x20002eec        0x4 /tmp/ccwW0idz.ltrans0.ltrans.o
 .bss.xPendedTicks
                0x20002ef0        0x4 /tmp/ccwW0idz.ltrans0.ltrans.o
 .bss.pxOverflowDelayedTaskList
                0x20002ef4        0x4 /tmp/ccwW0idz.ltrans0.ltrans.o
 .bss.pxDelayedTaskList
                0x20002ef8        0x4 /tmp/ccwW0idz.ltrans0.ltrans.o
 .bss.xDelayedTaskList2
                0x20002efc       0x14 /tmp/ccwW0idz.ltrans0.ltrans.o
 .bss.xDelayedTaskList1
                0x20002f10       0x14 /tmp/ccwW0idz.ltrans0.ltrans.o
 .bss.uxTaskNumber
                0x20002f24        0x4 /tmp/ccwW0idz.ltrans0.ltrans.o
 .bss.xSchedulerRunning
                0x20002f28        0x4 /tmp/ccwW0idz.ltrans0.ltrans.o
 .bss.uxCurrentNumberOfTasks
                0x20002f2c        0x4 /tmp/ccwW0idz.ltrans0.ltrans.o
 .bss.xNumOfOverflows
                0x20002f30        0x4 /tmp/ccwW0idz.ltrans0.ltrans.o
 .bss.totalPWM  0x20002f34        0x2 /tmp/ccwW0idz.ltrans0.ltrans.o
                0x20002f34                totalPWM
 .bss._ZL9infastPWM.lto_priv.0
                0x20002f36        0x1 /tmp/ccwW0idz.ltrans0.ltrans.o
                0x20002f36                _ZL9infastPWM.lto_priv.0
 .bss._ZL7fastPWM
                0x20002f37        0x1 /tmp/ccwW0idz.ltrans0.ltrans.o
 .bss.pendingPWM
                0x20002f38        0x1 /tmp/ccwW0idz.ltrans0.ltrans.o
 *fill*         0x20002f39        0x1 
 .bss.PWMSafetyTimer
                0x20002f3a        0x2 /tmp/ccwW0idz.ltrans0.ltrans.o
 *fill*         0x20002f3c        0x4 
 .bss.pFlash    0x20002f40       0x20 /tmp/ccwW0idz.ltrans0.ltrans.o
 .bss.uwTick    0x20002f60        0x4 /tmp/ccwW0idz.ltrans0.ltrans.o
 .bss.xTickCount.lto_priv.0
                0x20002f64        0x4 /tmp/ccwW0idz.ltrans0.ltrans.o
                0x20002f64                xTickCount.lto_priv.0
 .bss.POWTaskHandle
                0x20002f68        0x4 /tmp/ccwW0idz.ltrans0.ltrans.o
 .bss.htimADC   0x20002f6c       0x48 /tmp/ccwW0idz.ltrans0.ltrans.o
                0x20002f6c                htimADC
 .bss.htimTip   0x20002fb4       0x48 /tmp/ccwW0idz.ltrans0.ltrans.o
                0x20002fb4                htimTip
 .bss.xYieldPendings
                0x20002ffc        0x4 /tmp/ccwW0idz.ltrans0.ltrans.o
 .bss.pxCurrentTCB
                0x20003000        0x4 /tmp/ccwW0idz.ltrans0.ltrans.o
                0x20003000                pxCurrentTCB
 .bss.xPendingReadyList
                0x20003004       0x14 /tmp/ccwW0idz.ltrans0.ltrans.o
 .bss.pxReadyTasksLists
                0x20003018       0x8c /tmp/ccwW0idz.ltrans0.ltrans.o
 .bss.uxTopReadyPriority
                0x200030a4        0x4 /tmp/ccwW0idz.ltrans0.ltrans.o
 .bss.uxSchedulerSuspended
                0x200030a8        0x4 /tmp/ccwW0idz.ltrans0.ltrans.o
 .bss.pidTaskNotification
                0x200030ac        0x4 /tmp/ccwW0idz.ltrans0.ltrans.o
 .bss.hadc1     0x200030b0       0x30 /tmp/ccwW0idz.ltrans0.ltrans.o
                0x200030b0                hadc1
 .bss.hdma_adc1
                0x200030e0       0x44 /tmp/ccwW0idz.ltrans0.ltrans.o
 .bss.htim1     0x20003124       0x48 /tmp/ccwW0idz.ltrans0.ltrans.o
 .bss.ulMaxPRIGROUPValue
                0x2000316c        0x4 /tmp/ccwW0idz.ltrans0.ltrans.o
 .bss.ucMaxSysCallPriority
                0x20003170        0x1 /tmp/ccwW0idz.ltrans0.ltrans.o
 .bss.tipShorted
                0x20003171        0x1 /tmp/ccwW0idz.ltrans1.ltrans.o
 *fill*         0x20003172        0x2 
 .bss.tipResistanceReadings
                0x20003174        0xc /tmp/ccwW0idz.ltrans1.ltrans.o
 .bss.tipResistanceReadingSlot
                0x20003180        0x1 /tmp/ccwW0idz.ltrans1.ltrans.o
 *fill*         0x20003181        0x3 
 .bss._ZL10filteredPD
                0x20003184       0x10 /tmp/ccwW0idz.ltrans1.ltrans.o
 .bss._ZL10filteredDC
                0x20003194       0x10 /tmp/ccwW0idz.ltrans1.ltrans.o
 .bss._ZZ16getADCHandleTempE6filter
                0x200031a4       0x10 /tmp/ccwW0idz.ltrans1.ltrans.o
 *(COMMON)
                0x200031b4                        . = ALIGN (0x4)
                0x200031b4                        _ebss = .
                0x200031b4                        __bss_end__ = _ebss

._user_heap_stack
                0x200031b4      0x704 load address 0x08013de0
                0x200031b8                        . = ALIGN (0x8)
 *fill*         0x200031b4        0x4 
                0x200031b8                        PROVIDE (end = .)
                [!provide]                        PROVIDE (_end = .)
                0x200034b8                        . = (. + _Min_Heap_Size)
 *fill*         0x200031b8      0x300 
                0x200038b8                        . = (. + _Min_Stack_Size)
 *fill*         0x200034b8      0x400 
                0x200038b8                        . = ALIGN (0x8)

/DISCARD/
 libc.a(*)
 libm.a(*)
 libgcc.a(*)

.ARM.attributes
                0x00000000       0x2b
 *(.ARM.attributes)
 .ARM.attributes
                0x00000000       0x1d /usr/lib/gcc/arm-none-eabi/15.2.0/thumb/v7-m/nofp/crti.o
 .ARM.attributes
                0x0000001d       0x2d /usr/lib/gcc/arm-none-eabi/15.2.0/thumb/v7-m/nofp/crtbegin.o
 .ARM.attributes
                0x0000004a       0x21 objects/ts101/./core/bsp/miniware/startup/startup_stm32f103t8ux.o
 .ARM.attributes
                0x0000006b       0x27 /tmp/ccwW0idz.ltrans0.ltrans.o
 .ARM.attributes
                0x00000092       0x27 /tmp/ccwW0idz.ltrans1.ltrans.o
 .ARM.attributes
                0x000000b9       0x2d /usr/lib/gcc/arm-none-eabi/15.2.0/../../../../arm-none-eabi/lib/thumb/v7-m/nofp/libc_nano.a(libc_a-memset.o)
 .ARM.attributes
                0x000000e6       0x2d /usr/lib/gcc/arm-none-eabi/15.2.0/../../../../arm-none-eabi/lib/thumb/v7-m/nofp/libc_nano.a(libc_a-init.o)
 .ARM.attributes
                0x00000113       0x2d /usr/lib/gcc/arm-none-eabi/15.2.0/../../../../arm-none-eabi/lib/thumb/v7-m/nofp/libc_nano.a(libc_a-memcmp.o)
 .ARM.attributes
                0x00000140       0x2d /usr/lib/gcc/arm-none-eabi/15.2.0/../../../../arm-none-eabi/lib/thumb/v7-m/nofp/libc_nano.a(libc_a-memmove.o)
 .ARM.attributes
                0x0000016d       0x2d /usr/lib/gcc/arm-none-eabi/15.2.0/../../../../arm-none-eabi/lib/thumb/v7-m/nofp/libc_nano.a(libc_a-memcpy-stub.o)
 .ARM.attributes
                0x0000019a       0x2d /usr/lib/gcc/arm-none-eabi/15.2.0/thumb/v7-m/nofp/crtend.o
 .ARM.attributes
                0x000001c7       0x1d /usr/lib/gcc/arm-none-eabi/15.2.0/thumb/v7-m/nofp/crtn.o
OUTPUT(hexfile/TS101_RU.elf elf32-littlearm)
LOAD linker stubs
LOAD /usr/lib/gcc/arm-none-eabi/15.2.0/../../../../arm-none-eabi/lib/thumb/v7-m/nofp/libc.a
LOAD /usr/lib/gcc/arm-none-eabi/15.2.0/../../../../arm-none-eabi/lib/thumb/v7-m/nofp/libm.a
LOAD /usr/lib/gcc/arm-none-eabi/15.2.0/thumb/v7-m/nofp/libgcc.a

.comment        0x00000000       0x46
 .comment       0x00000000       0x46 /usr/lib/gcc/arm-none-eabi/15.2.0/thumb/v7-m/nofp/crtbegin.o
                                 0x24 (size before relaxing)
 .comment       0x00000046        0x0 /tmp/ccwW0idz.ltrans0.ltrans.o
                                 0x24 (size before relaxing)
 .comment       0x00000046        0x0 /tmp/ccwW0idz.ltrans1.ltrans.o
                                 0x24 (size before relaxing)
 .comment       0x00000046        0x0 /usr/lib/gcc/arm-none-eabi/15.2.0/../../../../arm-none-eabi/lib/thumb/v7-m/nofp/libc_nano.a(libc_a-memset.o)
                                 0x24 (size before relaxing)
 .comment       0x00000046        0x0 /usr/lib/gcc/arm-none-eabi/15.2.0/../../../../arm-none-eabi/lib/thumb/v7-m/nofp/libc_nano.a(libc_a-init.o)
                                 0x24 (size before relaxing)
 .comment       0x00000046        0x0 /usr/lib/gcc/arm-none-eabi/15.2.0/../../../../arm-none-eabi/lib/thumb/v7-m/nofp/libc_nano.a(libc_a-memcmp.o)
                                 0x24 (size before relaxing)
 .comment       0x00000046        0x0 /usr/lib/gcc/arm-none-eabi/15.2.0/../../../../arm-none-eabi/lib/thumb/v7-m/nofp/libc_nano.a(libc_a-memmove.o)
                                 0x24 (size before relaxing)
 .comment       0x00000046        0x0 /usr/lib/gcc/arm-none-eabi/15.2.0/../../../../arm-none-eabi/lib/thumb/v7-m/nofp/libc_nano.a(libc_a-memcpy-stub.o)
                                 0x24 (size before relaxing)
 .comment       0x00000046        0x0 /usr/lib/gcc/arm-none-eabi/15.2.0/thumb/v7-m/nofp/crtend.o
                                 0x24 (size before relaxing)

.debug_info     0x00000000    0x1904f
 .debug_info    0x00000000     0x9755 /tmp/ccwW0idz.ltrans0.ltrans.o
 .debug_info    0x00009755      0xe44 /tmp/ccwW0idz.ltrans1.ltrans.o
 .debug_info    0x0000a599      0x2c0 /tmp/ccKoXUIm.debug.temp.o
                0x0000a599                FreeRTOSHooks.c.cff86c4c
 .debug_info    0x0000a859      0x182 /tmp/cc1qcd9v.debug.temp.o
                0x0000a859                syscalls.c.13f0fa64
 .debug_info    0x0000a9db      0x2fe /tmp/cc5dgj7M.debug.temp.o
                0x0000a9db                flash.c.c876ca24
 .debug_info    0x0000acd9      0x26e /tmp/cc8LRGeT.debug.temp.o
                0x0000acd9                port.c.a50ea21c
 .debug_info    0x0000af47      0xbb7 /tmp/ccWwgamH.debug.temp.o
                0x0000af47                stm32f1xx_hal_msp.c.0d53d529
 .debug_info    0x0000bafe      0x938 /tmp/ccVjFrqM.debug.temp.o
                0x0000bafe                stm32f1xx_hal_timebase_TIM.c.b19f0588
 .debug_info    0x0000c436      0x8b3 /tmp/ccK9wlp5.debug.temp.o
                0x0000c436                stm32f1xx_it.c.87e2882e
 .debug_info    0x0000cce9      0x3ba /tmp/ccveg3Ir.debug.temp.o
                0x0000cce9                system_stm32f1xx.c.ac7975bf
 .debug_info    0x0000d0a3      0x5e8 /tmp/cclNeQoF.debug.temp.o
                0x0000d0a3                stm32f1xx_hal.c.444cda01
 .debug_info    0x0000d68b      0x9bf /tmp/ccq8yoD7.debug.temp.o
                0x0000d68b                stm32f1xx_hal_adc.c.a1f70f66
 .debug_info    0x0000e04a      0x8d5 /tmp/cct046P7.debug.temp.o
                0x0000e04a                stm32f1xx_hal_adc_ex.c.0c74f3e7
 .debug_info    0x0000e91f      0x899 /tmp/ccvqywCP.debug.temp.o
                0x0000e91f                stm32f1xx_hal_cortex.c.e4748ab4
 .debug_info    0x0000f1b8      0x5dc /tmp/cc02IQHs.debug.temp.o
                0x0000f1b8                stm32f1xx_hal_dma.c.0491c0e6
 .debug_info    0x0000f794      0x42e /tmp/ccZWfSl0.debug.temp.o
                0x0000f794                stm32f1xx_hal_flash.c.9c471abf
 .debug_info    0x0000fbc2      0x66a /tmp/cc1hesyC.debug.temp.o
                0x0000fbc2                stm32f1xx_hal_flash_ex.c.54b0196b
 .debug_info    0x0001022c      0x4e8 /tmp/cctI3wTX.debug.temp.o
                0x0001022c                stm32f1xx_hal_gpio.c.9d6f0306
 .debug_info    0x00010714      0x1d0 /tmp/ccVC4lAC.debug.temp.o
                0x00010714                stm32f1xx_hal_iwdg.c.11268520
 .debug_info    0x000108e4      0x62e /tmp/ccm5jArw.debug.temp.o
                0x000108e4                stm32f1xx_hal_rcc.c.f1cdfa71
 .debug_info    0x00010f12      0x354 /tmp/ccvxzN1Y.debug.temp.o
                0x00010f12                stm32f1xx_hal_rcc_ex.c.798d8182
 .debug_info    0x00011266     0x1f4b /tmp/cc61uXMj.debug.temp.o
                0x00011266                stm32f1xx_hal_tim.c.342b6022
 .debug_info    0x000131b1     0x10c6 /tmp/ccVBwWHy.debug.temp.o
                0x000131b1                stm32f1xx_hal_tim_ex.c.9c17afd4
 .debug_info    0x00014277      0x24f /tmp/cc4JEpOv.debug.temp.o
                0x00014277                list.c.d34a8afc
 .debug_info    0x000144c6      0xf89 /tmp/ccdcjh0c.debug.temp.o
                0x000144c6                queue.c.1e5e5b13
 .debug_info    0x0001544f      0xc9d /tmp/ccYVmxx9.debug.temp.o
                0x0001544f                stream_buffer.c.6522d75e
 .debug_info    0x000160ec     0x155c /tmp/ccnyqnAW.debug.temp.o
                0x000160ec                tasks.c.b341126b
 .debug_info    0x00017648     0x14cf /tmp/cclOrD4w.debug.temp.o
                0x00017648                cmsis_os.c.e1a4a977
 .debug_info    0x00018b17       0xe5 /usr/lib/gcc/arm-none-eabi/15.2.0/../../../../arm-none-eabi/lib/thumb/v7-m/nofp/libc_nano.a(libc_a-memset.o)
 .debug_info    0x00018bfc      0x110 /usr/lib/gcc/arm-none-eabi/15.2.0/../../../../arm-none-eabi/lib/thumb/v7-m/nofp/libc_nano.a(libc_a-init.o)
 .debug_info    0x00018d0c      0x109 /usr/lib/gcc/arm-none-eabi/15.2.0/../../../../arm-none-eabi/lib/thumb/v7-m/nofp/libc_nano.a(libc_a-memcmp.o)
 .debug_info    0x00018e15      0x114 /usr/lib/gcc/arm-none-eabi/15.2.0/../../../../arm-none-eabi/lib/thumb/v7-m/nofp/libc_nano.a(libc_a-memmove.o)
 .debug_info    0x00018f29      0x126 /usr/lib/gcc/arm-none-eabi/15.2.0/../../../../arm-none-eabi/lib/thumb/v7-m/nofp/libc_nano.a(libc_a-memcpy-stub.o)

.debug_abbrev   0x00000000     0x41da
 .debug_abbrev  0x00000000      0xc8a /tmp/ccwW0idz.ltrans0.ltrans.o
 .debug_abbrev  0x00000c8a      0x4a4 /tmp/ccwW0idz.ltrans1.ltrans.o
 .debug_abbrev  0x0000112e       0xf8 /tmp/ccKoXUIm.debug.temp.o
 .debug_abbrev  0x00001226       0x95 /tmp/cc1qcd9v.debug.temp.o
 .debug_abbrev  0x000012bb      0x1a0 /tmp/cc5dgj7M.debug.temp.o
 .debug_abbrev  0x0000145b      0x162 /tmp/cc8LRGeT.debug.temp.o
 .debug_abbrev  0x000015bd      0x1de /tmp/ccWwgamH.debug.temp.o
 .debug_abbrev  0x0000179b      0x1c6 /tmp/ccVjFrqM.debug.temp.o
 .debug_abbrev  0x00001961      0x1ba /tmp/ccK9wlp5.debug.temp.o
 .debug_abbrev  0x00001b1b      0x124 /tmp/ccveg3Ir.debug.temp.o
 .debug_abbrev  0x00001c3f      0x1e9 /tmp/cclNeQoF.debug.temp.o
 .debug_abbrev  0x00001e28      0x1c7 /tmp/ccq8yoD7.debug.temp.o
 .debug_abbrev  0x00001fef      0x1fc /tmp/cct046P7.debug.temp.o
 .debug_abbrev  0x000021eb      0x21c /tmp/ccvqywCP.debug.temp.o
 .debug_abbrev  0x00002407      0x1b8 /tmp/cc02IQHs.debug.temp.o
 .debug_abbrev  0x000025bf      0x1d9 /tmp/ccZWfSl0.debug.temp.o
 .debug_abbrev  0x00002798      0x1b9 /tmp/cc1hesyC.debug.temp.o
 .debug_abbrev  0x00002951      0x190 /tmp/cctI3wTX.debug.temp.o
 .debug_abbrev  0x00002ae1      0x120 /tmp/ccVC4lAC.debug.temp.o
 .debug_abbrev  0x00002c01      0x1fa /tmp/ccm5jArw.debug.temp.o
 .debug_abbrev  0x00002dfb      0x160 /tmp/ccvxzN1Y.debug.temp.o
 .debug_abbrev  0x00002f5b      0x1e8 /tmp/cc61uXMj.debug.temp.o
 .debug_abbrev  0x00003143      0x1f8 /tmp/ccVBwWHy.debug.temp.o
 .debug_abbrev  0x0000333b       0xce /tmp/cc4JEpOv.debug.temp.o
 .debug_abbrev  0x00003409      0x2a9 /tmp/ccdcjh0c.debug.temp.o
 .debug_abbrev  0x000036b2      0x244 /tmp/ccYVmxx9.debug.temp.o
 .debug_abbrev  0x000038f6      0x28f /tmp/ccnyqnAW.debug.temp.o
 .debug_abbrev  0x00003b85      0x2d3 /tmp/cclOrD4w.debug.temp.o
 .debug_abbrev  0x00003e58       0xa4 /usr/lib/gcc/arm-none-eabi/15.2.0/../../../../arm-none-eabi/lib/thumb/v7-m/nofp/libc_nano.a(libc_a-memset.o)
 .debug_abbrev  0x00003efc       0xcf /usr/lib/gcc/arm-none-eabi/15.2.0/../../../../arm-none-eabi/lib/thumb/v7-m/nofp/libc_nano.a(libc_a-init.o)
 .debug_abbrev  0x00003fcb       0x96 /usr/lib/gcc/arm-none-eabi/15.2.0/../../../../arm-none-eabi/lib/thumb/v7-m/nofp/libc_nano.a(libc_a-memcmp.o)
 .debug_abbrev  0x00004061       0xb2 /usr/lib/gcc/arm-none-eabi/15.2.0/../../../../arm-none-eabi/lib/thumb/v7-m/nofp/libc_nano.a(libc_a-memmove.o)
 .debug_abbrev  0x00004113       0xc7 /usr/lib/gcc/arm-none-eabi/15.2.0/../../../../arm-none-eabi/lib/thumb/v7-m/nofp/libc_nano.a(libc_a-memcpy-stub.o)

.debug_loclists
                0x00000000     0x1ed1
 .debug_loclists
                0x00000000     0x1bfd /tmp/ccwW0idz.ltrans0.ltrans.o
 .debug_loclists
                0x00001bfd       0x3b /usr/lib/gcc/arm-none-eabi/15.2.0/../../../../arm-none-eabi/lib/thumb/v7-m/nofp/libc_nano.a(libc_a-memset.o)
 .debug_loclists
                0x00001c38       0x48 /usr/lib/gcc/arm-none-eabi/15.2.0/../../../../arm-none-eabi/lib/thumb/v7-m/nofp/libc_nano.a(libc_a-init.o)
 .debug_loclists
                0x00001c80       0xaf /usr/lib/gcc/arm-none-eabi/15.2.0/../../../../arm-none-eabi/lib/thumb/v7-m/nofp/libc_nano.a(libc_a-memcmp.o)
 .debug_loclists
                0x00001d2f      0x105 /usr/lib/gcc/arm-none-eabi/15.2.0/../../../../arm-none-eabi/lib/thumb/v7-m/nofp/libc_nano.a(libc_a-memmove.o)
 .debug_loclists
                0x00001e34       0x9d /usr/lib/gcc/arm-none-eabi/15.2.0/../../../../arm-none-eabi/lib/thumb/v7-m/nofp/libc_nano.a(libc_a-memcpy-stub.o)

.debug_aranges  0x00000000      0x7f8
 .debug_aranges
                0x00000000      0x650 /tmp/ccwW0idz.ltrans0.ltrans.o
 .debug_aranges
                0x00000650      0x108 /tmp/ccwW0idz.ltrans1.ltrans.o
 .debug_aranges
                0x00000758       0x20 /usr/lib/gcc/arm-none-eabi/15.2.0/../../../../arm-none-eabi/lib/thumb/v7-m/nofp/libc_nano.a(libc_a-memset.o)
 .debug_aranges
                0x00000778       0x20 /usr/lib/gcc/arm-none-eabi/15.2.0/../../../../arm-none-eabi/lib/thumb/v7-m/nofp/libc_nano.a(libc_a-init.o)
 .debug_aranges
                0x00000798       0x20 /usr/lib/gcc/arm-none-eabi/15.2.0/../../../../arm-none-eabi/lib/thumb/v7-m/nofp/libc_nano.a(libc_a-memcmp.o)
 .debug_aranges
                0x000007b8       0x20 /usr/lib/gcc/arm-none-eabi/15.2.0/../../../../arm-none-eabi/lib/thumb/v7-m/nofp/libc_nano.a(libc_a-memmove.o)
 .debug_aranges
                0x000007d8       0x20 /usr/lib/gcc/arm-none-eabi/15.2.0/../../../../arm-none-eabi/lib/thumb/v7-m/nofp/libc_nano.a(libc_a-memcpy-stub.o)

.debug_rnglists
                0x00000000     0x1f97
 .debug_rnglists
                0x00000000     0x1cb3 /tmp/ccwW0idz.ltrans0.ltrans.o
 .debug_rnglists
                0x00001cb3      0x285 /tmp/ccwW0idz.ltrans1.ltrans.o
 .debug_rnglists
                0x00001f38       0x13 /usr/lib/gcc/arm-none-eabi/15.2.0/../../../../arm-none-eabi/lib/thumb/v7-m/nofp/libc_nano.a(libc_a-memset.o)
 .debug_rnglists
                0x00001f4b       0x13 /usr/lib/gcc/arm-none-eabi/15.2.0/../../../../arm-none-eabi/lib/thumb/v7-m/nofp/libc_nano.a(libc_a-init.o)
 .debug_rnglists
                0x00001f5e       0x13 /usr/lib/gcc/arm-none-eabi/15.2.0/../../../../arm-none-eabi/lib/thumb/v7-m/nofp/libc_nano.a(libc_a-memcmp.o)
 .debug_rnglists
                0x00001f71       0x13 /usr/lib/gcc/arm-none-eabi/15.2.0/../../../../arm-none-eabi/lib/thumb/v7-m/nofp/libc_nano.a(libc_a-memmove.o)
 .debug_rnglists
                0x00001f84       0x13 /usr/lib/gcc/arm-none-eabi/15.2.0/../../../../arm-none-eabi/lib/thumb/v7-m/nofp/libc_nano.a(libc_a-memcpy-stub.o)

.debug_line     0x00000000     0xcdcf
 .debug_line    0x00000000     0x9d09 /tmp/ccwW0idz.ltrans0.ltrans.o
 .debug_line    0x00009d09      0xc0a /tmp/ccwW0idz.ltrans1.ltrans.o
 .debug_line    0x0000a913       0xf9 /tmp/ccKoXUIm.debug.temp.o
 .debug_line    0x0000aa0c      0x12b /tmp/cc1qcd9v.debug.temp.o
 .debug_line    0x0000ab37      0x185 /tmp/cc5dgj7M.debug.temp.o
 .debug_line    0x0000acbc       0x9e /tmp/cc8LRGeT.debug.temp.o
 .debug_line    0x0000ad5a      0x14a /tmp/ccWwgamH.debug.temp.o
 .debug_line    0x0000aea4      0x13b /tmp/ccVjFrqM.debug.temp.o
 .debug_line    0x0000afdf      0x198 /tmp/ccK9wlp5.debug.temp.o
 .debug_line    0x0000b177      0x13b /tmp/ccveg3Ir.debug.temp.o
 .debug_line    0x0000b2b2      0x13b /tmp/cclNeQoF.debug.temp.o
 .debug_line    0x0000b3ed      0x13b /tmp/ccq8yoD7.debug.temp.o
 .debug_line    0x0000b528      0x13b /tmp/cct046P7.debug.temp.o
 .debug_line    0x0000b663      0x13b /tmp/ccvqywCP.debug.temp.o
 .debug_line    0x0000b79e      0x13b /tmp/cc02IQHs.debug.temp.o
 .debug_line    0x0000b8d9      0x13b /tmp/ccZWfSl0.debug.temp.o
 .debug_line    0x0000ba14      0x13b /tmp/cc1hesyC.debug.temp.o
 .debug_line    0x0000bb4f      0x13b /tmp/cctI3wTX.debug.temp.o
 .debug_line    0x0000bc8a      0x13b /tmp/ccVC4lAC.debug.temp.o
 .debug_line    0x0000bdc5      0x13b /tmp/ccm5jArw.debug.temp.o
 .debug_line    0x0000bf00      0x13b /tmp/ccvxzN1Y.debug.temp.o
 .debug_line    0x0000c03b      0x13b /tmp/cc61uXMj.debug.temp.o
 .debug_line    0x0000c176      0x13b /tmp/ccVBwWHy.debug.temp.o
 .debug_line    0x0000c2b1       0xd9 /tmp/cc4JEpOv.debug.temp.o
 .debug_line    0x0000c38a       0xf7 /tmp/ccdcjh0c.debug.temp.o
 .debug_line    0x0000c481       0xe8 /tmp/ccYVmxx9.debug.temp.o
 .debug_line    0x0000c569       0xfc /tmp/ccnyqnAW.debug.temp.o
 .debug_line    0x0000c665       0xfc /tmp/cclOrD4w.debug.temp.o
 .debug_line    0x0000c761      0x130 /usr/lib/gcc/arm-none-eabi/15.2.0/../../../../arm-none-eabi/lib/thumb/v7-m/nofp/libc_nano.a(libc_a-memset.o)
 .debug_line    0x0000c891      0x100 /usr/lib/gcc/arm-none-eabi/15.2.0/../../../../arm-none-eabi/lib/thumb/v7-m/nofp/libc_nano.a(libc_a-init.o)
 .debug_line    0x0000c991      0x14a /usr/lib/gcc/arm-none-eabi/15.2.0/../../../../arm-none-eabi/lib/thumb/v7-m/nofp/libc_nano.a(libc_a-memcmp.o)
 .debug_line    0x0000cadb      0x16a /usr/lib/gcc/arm-none-eabi/15.2.0/../../../../arm-none-eabi/lib/thumb/v7-m/nofp/libc_nano.a(libc_a-memmove.o)
 .debug_line    0x0000cc45      0x18a /usr/lib/gcc/arm-none-eabi/15.2.0/../../../../arm-none-eabi/lib/thumb/v7-m/nofp/libc_nano.a(libc_a-memcpy-stub.o)

.debug_str      0x00000000    0x8c5e5
 .debug_str     0x00000000        0x0 /tmp/ccwW0idz.ltrans0.ltrans.o
                               0x23f7 (size before relaxing)
 .debug_str     0x00000000        0x0 /tmp/ccwW0idz.ltrans1.ltrans.o
                                0xa27 (size before relaxing)
 .debug_str     0x00000000        0x0 /tmp/ccKoXUIm.debug.temp.o
                              0x118e4 (size before relaxing)
 .debug_str     0x00000000        0x0 /tmp/cc1qcd9v.debug.temp.o
                               0x941e (size before relaxing)
 .debug_str     0x00000000        0x0 /tmp/cc5dgj7M.debug.temp.o
                              0x737af (size before relaxing)
 .debug_str     0x00000000        0x0 /tmp/cc8LRGeT.debug.temp.o
                               0xf384 (size before relaxing)
 .debug_str     0x00000000        0x0 /tmp/ccWwgamH.debug.temp.o
                              0x73e6c (size before relaxing)
 .debug_str     0x00000000        0x0 /tmp/ccVjFrqM.debug.temp.o
                              0x731fa (size before relaxing)
 .debug_str     0x00000000        0x0 /tmp/ccK9wlp5.debug.temp.o
                              0x806e3 (size before relaxing)
 .debug_str     0x00000000        0x0 /tmp/ccveg3Ir.debug.temp.o
                              0x729a1 (size before relaxing)
 .debug_str     0x00000000        0x0 /tmp/cclNeQoF.debug.temp.o
                              0x7307e (size before relaxing)
 .debug_str     0x00000000        0x0 /tmp/ccq8yoD7.debug.temp.o
                              0x72f76 (size before relaxing)
 .debug_str     0x00000000        0x0 /tmp/cct046P7.debug.temp.o
                              0x72fba (size before relaxing)
 .debug_str     0x00000000        0x0 /tmp/ccvqywCP.debug.temp.o
                              0x72fb4 (size before relaxing)
 .debug_str     0x00000000        0x0 /tmp/cc02IQHs.debug.temp.o
                              0x72cf4 (size before relaxing)
 .debug_str     0x00000000        0x0 /tmp/ccZWfSl0.debug.temp.o
                              0x72c26 (size before relaxing)
 .debug_str     0x00000000        0x0 /tmp/cc1hesyC.debug.temp.o
                              0x72dd4 (size before relaxing)
 .debug_str     0x00000000        0x0 /tmp/cctI3wTX.debug.temp.o
                              0x72cd7 (size before relaxing)
 .debug_str     0x00000000        0x0 /tmp/ccVC4lAC.debug.temp.o
                              0x72995 (size before relaxing)
 .debug_str     0x00000000        0x0 /tmp/ccm5jArw.debug.temp.o
                              0x72d28 (size before relaxing)
 .debug_str     0x00000000        0x0 /tmp/ccvxzN1Y.debug.temp.o
                              0x72aca (size before relaxing)
 .debug_str     0x00000000        0x0 /tmp/cc61uXMj.debug.temp.o
                              0x73d34 (size before relaxing)
 .debug_str     0x00000000        0x0 /tmp/ccVBwWHy.debug.temp.o
                              0x735aa (size before relaxing)
 .debug_str     0x00000000        0x0 /tmp/cc4JEpOv.debug.temp.o
                              0x1056b (size before relaxing)
 .debug_str     0x00000000        0x0 /tmp/ccdcjh0c.debug.temp.o
                              0x12f00 (size before relaxing)
 .debug_str     0x00000000        0x0 /tmp/ccYVmxx9.debug.temp.o
                              0x12e28 (size before relaxing)
 .debug_str     0x00000000        0x0 /tmp/ccnyqnAW.debug.temp.o
                              0x13d29 (size before relaxing)
 .debug_str     0x00000000        0x0 /tmp/cclOrD4w.debug.temp.o
                              0x1470e (size before relaxing)
 .debug_str     0x00000000    0x8c5e5 /usr/lib/gcc/arm-none-eabi/15.2.0/../../../../arm-none-eabi/lib/thumb/v7-m/nofp/libc_nano.a(libc_a-memset.o)
                                0x1d7 (size before relaxing)
 .debug_str     0x0008c5e5        0x0 /usr/lib/gcc/arm-none-eabi/15.2.0/../../../../arm-none-eabi/lib/thumb/v7-m/nofp/libc_nano.a(libc_a-init.o)
                                0x238 (size before relaxing)
 .debug_str     0x0008c5e5        0x0 /usr/lib/gcc/arm-none-eabi/15.2.0/../../../../arm-none-eabi/lib/thumb/v7-m/nofp/libc_nano.a(libc_a-memcmp.o)
                                0x1d7 (size before relaxing)
 .debug_str     0x0008c5e5        0x0 /usr/lib/gcc/arm-none-eabi/15.2.0/../../../../arm-none-eabi/lib/thumb/v7-m/nofp/libc_nano.a(libc_a-memmove.o)
                                0x1f2 (size before relaxing)
 .debug_str     0x0008c5e5        0x0 /usr/lib/gcc/arm-none-eabi/15.2.0/../../../../arm-none-eabi/lib/thumb/v7-m/nofp/libc_nano.a(libc_a-memcpy-stub.o)
                                0x1f5 (size before relaxing)

.debug_frame    0x00000000     0x17c0
 .debug_frame   0x00000000     0x13e4 /tmp/ccwW0idz.ltrans0.ltrans.o
 .debug_frame   0x000013e4      0x318 /tmp/ccwW0idz.ltrans1.ltrans.o
 .debug_frame   0x000016fc       0x20 /usr/lib/gcc/arm-none-eabi/15.2.0/../../../../arm-none-eabi/lib/thumb/v7-m/nofp/libc_nano.a(libc_a-memset.o)
 .debug_frame   0x0000171c       0x2c /usr/lib/gcc/arm-none-eabi/15.2.0/../../../../arm-none-eabi/lib/thumb/v7-m/nofp/libc_nano.a(libc_a-init.o)
 .debug_frame   0x00001748       0x28 /usr/lib/gcc/arm-none-eabi/15.2.0/../../../../arm-none-eabi/lib/thumb/v7-m/nofp/libc_nano.a(libc_a-memcmp.o)
 .debug_frame   0x00001770       0x28 /usr/lib/gcc/arm-none-eabi/15.2.0/../../../../arm-none-eabi/lib/thumb/v7-m/nofp/libc_nano.a(libc_a-memmove.o)
 .debug_frame   0x00001798       0x28 /usr/lib/gcc/arm-none-eabi/15.2.0/../../../../arm-none-eabi/lib/thumb/v7-m/nofp/libc_nano.a(libc_a-memcpy-stub.o)

.debug_macro    0x00000000    0x1a14f
 .debug_macro   0x00000000      0x19f /tmp/ccKoXUIm.debug.temp.o
 .debug_macro   0x0000019f      0xb4a /tmp/ccKoXUIm.debug.temp.o
 .debug_macro   0x00000ce9      0x190 /tmp/ccKoXUIm.debug.temp.o
 .debug_macro   0x00000e79       0x22 /tmp/ccKoXUIm.debug.temp.o
 .debug_macro   0x00000e9b       0x8e /tmp/ccKoXUIm.debug.temp.o
 .debug_macro   0x00000f29       0x51 /tmp/ccKoXUIm.debug.temp.o
 .debug_macro   0x00000f7a      0x103 /tmp/ccKoXUIm.debug.temp.o
 .debug_macro   0x0000107d       0x6a /tmp/ccKoXUIm.debug.temp.o
 .debug_macro   0x000010e7      0x1df /tmp/ccKoXUIm.debug.temp.o
 .debug_macro   0x000012c6       0x16 /tmp/ccKoXUIm.debug.temp.o
 .debug_macro   0x000012dc       0xec /tmp/ccKoXUIm.debug.temp.o
 .debug_macro   0x000013c8       0x1c /tmp/ccKoXUIm.debug.temp.o
 .debug_macro   0x000013e4      0x182 /tmp/ccKoXUIm.debug.temp.o
 .debug_macro   0x00001566       0xd8 /tmp/ccKoXUIm.debug.temp.o
 .debug_macro   0x0000163e       0x2e /tmp/ccKoXUIm.debug.temp.o
 .debug_macro   0x0000166c       0x1f /tmp/ccKoXUIm.debug.temp.o
 .debug_macro   0x0000168b       0x12 /tmp/ccKoXUIm.debug.temp.o
 .debug_macro   0x0000169d     0x10f6 /tmp/ccKoXUIm.debug.temp.o
 .debug_macro   0x00002793       0xc3 /tmp/ccKoXUIm.debug.temp.o
 .debug_macro   0x00002856      0x14f /tmp/ccKoXUIm.debug.temp.o
 .debug_macro   0x000029a5       0x98 /tmp/ccKoXUIm.debug.temp.o
 .debug_macro   0x00002a3d       0x8d /tmp/ccKoXUIm.debug.temp.o
 .debug_macro   0x00002aca       0x63 /tmp/ccKoXUIm.debug.temp.o
 .debug_macro   0x00002b2d       0x31 /tmp/ccKoXUIm.debug.temp.o
 .debug_macro   0x00002b5e       0xf2 /tmp/ccKoXUIm.debug.temp.o
 .debug_macro   0x00002c50       0x22 /tmp/ccKoXUIm.debug.temp.o
 .debug_macro   0x00002c72      0x25c /tmp/ccKoXUIm.debug.temp.o
 .debug_macro   0x00002ece       0x22 /tmp/ccKoXUIm.debug.temp.o
 .debug_macro   0x00002ef0      0x265 /tmp/cc1qcd9v.debug.temp.o
 .debug_macro   0x00003155       0x10 /tmp/cc1qcd9v.debug.temp.o
 .debug_macro   0x00003165       0x67 /tmp/cc1qcd9v.debug.temp.o
 .debug_macro   0x000031cc       0x24 /tmp/cc1qcd9v.debug.temp.o
 .debug_macro   0x000031f0       0x94 /tmp/cc1qcd9v.debug.temp.o
 .debug_macro   0x00003284       0x3c /tmp/cc1qcd9v.debug.temp.o
 .debug_macro   0x000032c0       0x34 /tmp/cc1qcd9v.debug.temp.o
 .debug_macro   0x000032f4       0x57 /tmp/cc1qcd9v.debug.temp.o
 .debug_macro   0x0000334b      0x364 /tmp/cc1qcd9v.debug.temp.o
 .debug_macro   0x000036af       0x16 /tmp/cc1qcd9v.debug.temp.o
 .debug_macro   0x000036c5       0x4a /tmp/cc1qcd9v.debug.temp.o
 .debug_macro   0x0000370f       0x34 /tmp/cc1qcd9v.debug.temp.o
 .debug_macro   0x00003743       0x10 /tmp/cc1qcd9v.debug.temp.o
 .debug_macro   0x00003753       0x58 /tmp/cc1qcd9v.debug.temp.o
 .debug_macro   0x000037ab      0x1e5 /tmp/cc1qcd9v.debug.temp.o
 .debug_macro   0x00003990      0x23c /tmp/cc1qcd9v.debug.temp.o
 .debug_macro   0x00003bcc       0x10 /tmp/cc1qcd9v.debug.temp.o
 .debug_macro   0x00003bdc       0x1c /tmp/cc1qcd9v.debug.temp.o
 .debug_macro   0x00003bf8       0x52 /tmp/cc1qcd9v.debug.temp.o
 .debug_macro   0x00003c4a       0x22 /tmp/cc1qcd9v.debug.temp.o
 .debug_macro   0x00003c6c       0x10 /tmp/cc1qcd9v.debug.temp.o
 .debug_macro   0x00003c7c       0x52 /tmp/cc1qcd9v.debug.temp.o
 .debug_macro   0x00003cce       0xcf /tmp/cc1qcd9v.debug.temp.o
 .debug_macro   0x00003d9d       0x1c /tmp/cc1qcd9v.debug.temp.o
 .debug_macro   0x00003db9       0x3d /tmp/cc1qcd9v.debug.temp.o
 .debug_macro   0x00003df6      0x18a /tmp/cc1qcd9v.debug.temp.o
 .debug_macro   0x00003f80       0x16 /tmp/cc1qcd9v.debug.temp.o
 .debug_macro   0x00003f96       0x1c /tmp/cc1qcd9v.debug.temp.o
 .debug_macro   0x00003fb2       0x3c /tmp/cc1qcd9v.debug.temp.o
 .debug_macro   0x00003fee       0x10 /tmp/cc1qcd9v.debug.temp.o
 .debug_macro   0x00003ffe       0x10 /tmp/cc1qcd9v.debug.temp.o