Archive member included to satisfy reference by file (symbol)

/usr/lib/gcc/arm-none-eabi/15.2.0/../../../../arm-none-eabi/lib/thumb/v7-m/nofp/libc_nano.a(libc_a-atexit.o)
                              /usr/lib/gcc/arm-none-eabi/15.2.0/../../../../arm-none-eabi/lib/thumb/v7-m/nofp/crt0.o (atexit)
/usr/lib/gcc/arm-none-eabi/15.2.0/../../../../arm-none-eabi/lib/thumb/v7-m/nofp/libc_nano.a(libc_a-exit.o)
                              /usr/lib/gcc/arm-none-eabi/15.2.0/../../../../arm-none-eabi/lib/thumb/v7-m/nofp/crt0.o (exit)
/usr/lib/gcc/arm-none-eabi/15.2.0/../../../../arm-none-eabi/lib/thumb/v7-m/nofp/libc_nano.a(libc_a-findfp.o)
                              /usr/lib/gcc/arm-none-eabi/15.2.0/../../../../arm-none-eabi/lib/thumb/v7-m/nofp/libc_nano.a(libc_a-exit.o) (__stdio_exit_handler)
/usr/lib/gcc/arm-none-eabi/15.2.0/../../../../arm-none-eabi/lib/thumb/v7-m/nofp/libc_nano.a(libc_a-fwalk.o)
                              /usr/lib/gcc/arm-none-eabi/15.2.0/../../../../arm-none-eabi/lib/thumb/v7-m/nofp/libc_nano.a(libc_a-findfp.o) (_fwalk_sglue)
/usr/lib/gcc/arm-none-eabi/15.2.0/../../../../arm-none-eabi/lib/thumb/v7-m/nofp/libc_nano.a(libc_a-stdio.o)
                              /usr/lib/gcc/arm-none-eabi/15.2.0/../../../../arm-none-eabi/lib/thumb/v7-m/nofp/libc_nano.a(libc_a-findfp.o) (__sread)
/usr/lib/gcc/arm-none-eabi/15.2.0/../../../../arm-none-eabi/lib/thumb/v7-m/nofp/libc_nano.a(libc_a-memset.o)
                              /usr/lib/gcc/arm-none-eabi/15.2.0/../../../../arm-none-eabi/lib/thumb/v7-m/nofp/crt0.o (memset)
/usr/lib/gcc/arm-none-eabi/15.2.0/../../../../arm-none-eabi/lib/thumb/v7-m/nofp/libc_nano.a(libc_a-closer.o)
                              /usr/lib/gcc/arm-none-eabi/15.2.0/../../../../arm-none-eabi/lib/thumb/v7-m/nofp/libc_nano.a(libc_a-stdio.o) (_close_r)
/usr/lib/gcc/arm-none-eabi/15.2.0/../../../../arm-none-eabi/lib/thumb/v7-m/nofp/libc_nano.a(libc_a-reent.o)
                              /usr/lib/gcc/arm-none-eabi/15.2.0/../../../../arm-none-eabi/lib/thumb/v7-m/nofp/libc_nano.a(libc_a-closer.o) (errno)
/usr/lib/gcc/arm-none-eabi/15.2.0/../../../../arm-none-eabi/lib/thumb/v7-m/nofp/libc_nano.a(libc_a-impure.o)
                              /usr/lib/gcc/arm-none-eabi/15.2.0/../../../../arm-none-eabi/lib/thumb/v7-m/nofp/libc_nano.a(libc_a-reent.o) (_impure_ptr)
/usr/lib/gcc/arm-none-eabi/15.2.0/../../../../arm-none-eabi/lib/thumb/v7-m/nofp/libc_nano.a(libc_a-lseekr.o)
                              /usr/lib/gcc/arm-none-eabi/15.2.0/../../../../arm-none-eabi/lib/thumb/v7-m/nofp/libc_nano.a(libc_a-stdio.o) (_lseek_r)
/usr/lib/gcc/arm-none-eabi/15.2.0/../../../../arm-none-eabi/lib/thumb/v7-m/nofp/libc_nano.a(libc_a-readr.o)
                              /usr/lib/gcc/arm-none-eabi/15.2.0/../../../../arm-none-eabi/lib/thumb/v7-m/nofp/libc_nano.a(libc_a-stdio.o) (_read_r)
/usr/lib/gcc/arm-none-eabi/15.2.0/../../../../arm-none-eabi/lib/thumb/v7-m/nofp/libc_nano.a(libc_a-writer.o)
                              /usr/lib/gcc/arm-none-eabi/15.2.0/../../../../arm-none-eabi/lib/thumb/v7-m/nofp/libc_nano.a(libc_a-stdio.o) (_write_r)
/usr/lib/gcc/arm-none-eabi/15.2.0/../../../../arm-none-eabi/lib/thumb/v7-m/nofp/libc_nano.a(libc_a-init.o)
                              /usr/lib/gcc/arm-none-eabi/15.2.0/../../../../arm-none-eabi/lib/thumb/v7-m/nofp/crt0.o (__libc_init_array)
/usr/lib/gcc/arm-none-eabi/15.2.0/../../../../arm-none-eabi/lib/thumb/v7-m/nofp/libc_nano.a(libc_a-fini.o)
                              /usr/lib/gcc/arm-none-eabi/15.2.0/../../../../arm-none-eabi/lib/thumb/v7-m/nofp/crt0.o (__libc_fini_array)
/usr/lib/gcc/arm-none-eabi/15.2.0/../../../../arm-none-eabi/lib/thumb/v7-m/nofp/libc_nano.a(libc_a-lock.o)
                              /usr/lib/gcc/arm-none-eabi/15.2.0/../../../../arm-none-eabi/lib/thumb/v7-m/nofp/libc_nano.a(libc_a-findfp.o) (__retarget_lock_init_recursive)
/usr/lib/gcc/arm-none-eabi/15.2.0/../../../../arm-none-eabi/lib/thumb/v7-m/nofp/libc_nano.a(libc_a-__atexit.o)
                              /usr/lib/gcc/arm-none-eabi/15.2.0/../../../../arm-none-eabi/lib/thumb/v7-m/nofp/libc_nano.a(libc_a-atexit.o) (__register_exitproc)
/usr/lib/gcc/arm-none-eabi/15.2.0/../../../../arm-none-eabi/lib/thumb/v7-m/nofp/libc_nano.a(libc_a-__call_atexit.o)
                              /usr/lib/gcc/arm-none-eabi/15.2.0/../../../../arm-none-eabi/lib/thumb/v7-m/nofp/libc_nano.a(libc_a-__atexit.o) (__call_exitprocs)
/usr/lib/gcc/arm-none-eabi/15.2.0/../../../../arm-none-eabi/lib/thumb/v7-m/nofp/libc_nano.a(libc_a-freer.o)
                              /usr/lib/gcc/arm-none-eabi/15.2.0/../../../../arm-none-eabi/lib/thumb/v7-m/nofp/libc_nano.a(libc_a-reent.o) (_free_r)
/usr/lib/gcc/arm-none-eabi/15.2.0/../../../../arm-none-eabi/lib/thumb/v7-m/nofp/libc_nano.a(libc_a-mallocr.o)
                              /usr/lib/gcc/arm-none-eabi/15.2.0/../../../../arm-none-eabi/lib/thumb/v7-m/nofp/libc_nano.a(libc_a-findfp.o) (_malloc_r)
[...]
Memory Configuration

Name             Origin             Length             Attributes
RAM              0x20000000         0x00005000         xrw
ROM              0x08008000         0x00010800         xr
*default*        0x00000000         0xffffffff

Linker script and memory map

LOAD /usr/lib/gcc/arm-none-eabi/15.2.0/thumb/v7-m/nofp/crtfastmath.o
LOAD /usr/lib/gcc/arm-none-eabi/15.2.0/thumb/v7-m/nofp/crti.o
LOAD /usr/lib/gcc/arm-none-eabi/15.2.0/thumb/v7-m/nofp/crtbegin.o
LOAD /usr/lib/gcc/arm-none-eabi/15.2.0/../../../../arm-none-eabi/lib/thumb/v7-m/nofp/crt0.o
LOAD objects/ts101/./core/bsp/miniware/startup/startup_stm32f103t8ux.o
LOAD objects/ts101/./core/src/FreeRTOSHooks.o
LOAD /tmp/ccx9oaS2.ltrans0.ltrans.o
LOAD /tmp/ccx9oaS2.ltrans1.ltrans.o
LOAD /tmp/ccAdsG4e.debug.temp.o
LOAD /tmp/ccATmdbS.debug.temp.o
LOAD /tmp/cciv4OCK.debug.temp.o
LOAD /tmp/ccN5dlPm.debug.temp.o
LOAD /tmp/ccfG8pGG.debug.temp.o
LOAD /tmp/ccfpDUos.debug.temp.o
LOAD /tmp/cclPXVVa.debug.temp.o
LOAD /tmp/ccEWrIju.debug.temp.o
LOAD /tmp/ccyLbBJp.debug.temp.o
LOAD /tmp/ccXh83xE.debug.temp.o
LOAD /tmp/ccDqO5AI.debug.temp.o
LOAD /tmp/ccjRhTj4.debug.temp.o
LOAD /tmp/ccKDN5pm.debug.temp.o
LOAD /tmp/ccHbkoMB.debug.temp.o
LOAD /tmp/ccI0goJS.debug.temp.o
LOAD /tmp/ccF7qO7k.debug.temp.o
LOAD /tmp/ccSMU7q6.debug.temp.o
LOAD /tmp/ccgcMNES.debug.temp.o
LOAD /tmp/ccJMVmQQ.debug.temp.o
LOAD /tmp/cc61k0F0.debug.temp.o
LOAD /tmp/ccbix19X.debug.temp.o
LOAD /tmp/cccq9yaK.debug.temp.o
LOAD /tmp/ccwVEIbJ.debug.temp.o
LOAD /tmp/ccQINjJY.debug.temp.o
LOAD /tmp/ccja3vEy.debug.temp.o
LOAD /tmp/ccB4qxLo.debug.temp.o
LOAD /tmp/cc9P09Ym.debug.temp.o
LOAD /tmp/cc4PpMEC.debug.temp.o
LOAD /tmp/cc8GPYj2.debug.temp.o
LOAD /tmp/ccDTLhgE.debug.temp.o
LOAD /tmp/ccxWLbsG.debug.temp.o
LOAD /tmp/cccnjRto.debug.temp.o
LOAD /tmp/ccQnc7vb.debug.temp.o
LOAD objects/ts101/./core/src/freertos.o
LOAD objects/ts101/./core/src/syscalls.o
LOAD objects/ts101/./core/bsp/miniware/flash.o
LOAD objects/ts101/./core/bsp/miniware/port.o
LOAD objects/ts101/./core/bsp/miniware/stm32f1xx_hal_msp.o
LOAD objects/ts101/./core/bsp/miniware/stm32f1xx_hal_timebase_TIM.o
LOAD objects/ts101/./core/bsp/miniware/stm32f1xx_it.o
LOAD objects/ts101/./core/bsp/miniware/system_stm32f1xx.o
LOAD objects/ts101/./core/bsp/miniware/vendor/stm32f1xx_hal_driver/src/stm32f1xx_hal.o
LOAD objects/ts101/./core/bsp/miniware/vendor/stm32f1xx_hal_driver/src/stm32f1xx_hal_adc.o
LOAD objects/ts101/./core/bsp/miniware/vendor/stm32f1xx_hal_driver/src/stm32f1xx_hal_adc_ex.o
LOAD objects/ts101/./core/bsp/miniware/vendor/stm32f1xx_hal_driver/src/stm32f1xx_hal_cortex.o
LOAD objects/ts101/./core/bsp/miniware/vendor/stm32f1xx_hal_driver/src/stm32f1xx_hal_dma.o
LOAD objects/ts101/./core/bsp/miniware/vendor/stm32f1xx_hal_driver/src/stm32f1xx_hal_flash.o
LOAD objects/ts101/./core/bsp/miniware/vendor/stm32f1xx_hal_driver/src/stm32f1xx_hal_flash_ex.o
LOAD objects/ts101/./core/bsp/miniware/vendor/stm32f1xx_hal_driver/src/stm32f1xx_hal_gpio.o
LOAD objects/ts101/./core/bsp/miniware/vendor/stm32f1xx_hal_driver/src/stm32f1xx_hal_gpio_ex.o
LOAD objects/ts101/./core/bsp/miniware/vendor/stm32f1xx_hal_driver/src/stm32f1xx_hal_iwdg.o
LOAD objects/ts101/./core/bsp/miniware/vendor/stm32f1xx_hal_driver/src/stm32f1xx_hal_pwr.o
LOAD objects/ts101/./core/bsp/miniware/vendor/stm32f1xx_hal_driver/src/stm32f1xx_hal_rcc.o
LOAD objects/ts101/./core/bsp/miniware/vendor/stm32f1xx_hal_driver/src/stm32f1xx_hal_rcc_ex.o
LOAD objects/ts101/./core/bsp/miniware/vendor/stm32f1xx_hal_driver/src/stm32f1xx_hal_tim.o
LOAD objects/ts101/./core/bsp/miniware/vendor/stm32f1xx_hal_driver/src/stm32f1xx_hal_tim_ex.o
LOAD objects/ts101/./middlewares/third_party/freertos/source/croutine.o
LOAD objects/ts101/./middlewares/third_party/freertos/source/event_groups.o
LOAD objects/ts101/./middlewares/third_party/freertos/source/list.o
LOAD objects/ts101/./middlewares/third_party/freertos/source/queue.o
LOAD objects/ts101/./middlewares/third_party/freertos/source/stream_buffer.o
LOAD objects/ts101/./middlewares/third_party/freertos/source/tasks.o
LOAD objects/ts101/./middlewares/third_party/freertos/source/timers.o
LOAD objects/ts101/./middlewares/third_party/freertos/source/cmsis_rtos/cmsis_os.o
LOAD objects/ts101/./core/brieflz/depack.o
LOAD objects/ts101/./core/threads/GUIThread.o
LOAD objects/ts101/./core/threads/MOVThread.o
LOAD objects/ts101/./core/threads/POWThread.o
LOAD objects/ts101/./core/threads/ui/drawing/mono_128x32/draw_cjc_sampling.o
LOAD objects/ts101/./core/threads/ui/drawing/mono_128x32/draw_debug_menu.o
LOAD objects/ts101/./core/threads/ui/drawing/mono_128x32/draw_homescreen_detailed.o
LOAD objects/ts101/./core/threads/ui/drawing/mono_128x32/draw_homescreen_simplified.o
LOAD objects/ts101/./core/threads/ui/drawing/mono_128x32/draw_power_source_icon.o
LOAD objects/ts101/./core/threads/ui/drawing/mono_128x32/draw_profile_advanced.o
LOAD objects/ts101/./core/threads/ui/drawing/mono_128x32/draw_soldering_basic_status.o
LOAD objects/ts101/./core/threads/ui/drawing/mono_128x32/draw_soldering_power_status.o
LOAD objects/ts101/./core/threads/ui/drawing/mono_128x32/draw_soldering_sleep_mode.o
LOAD objects/ts101/./core/threads/ui/drawing/mono_128x32/draw_temperature_change.o
LOAD objects/ts101/./core/threads/ui/drawing/mono_128x32/draw_tip_temperature.o
LOAD objects/ts101/./core/threads/ui/drawing/mono_128x32/draw_usb_pd_debug.o
LOAD objects/ts101/./core/threads/ui/drawing/mono_128x32/draw_warning_undervoltage.o
LOAD objects/ts101/./core/threads/ui/drawing/mono_128x32/pre_render_assets.o
LOAD objects/ts101/./core/threads/ui/drawing/mono_128x32/printSleepCountdown.o
LOAD objects/ts101/./core/threads/ui/drawing/mono_128x32/print_voltage.o
LOAD objects/ts101/./core/threads/ui/drawing/mono_128x32/show_warning.o
LOAD objects/ts101/./core/threads/ui/logic/CJC.o
LOAD objects/ts101/./core/threads/ui/logic/DebugMenu.o
LOAD objects/ts101/./core/threads/ui/logic/HomeScreen.o
LOAD objects/ts101/./core/threads/ui/logic/OperatingModes.o
LOAD objects/ts101/./core/threads/ui/logic/SettingsMenu.o
LOAD objects/ts101/./core/threads/ui/logic/ShowStartupWarnings.o
LOAD objects/ts101/./core/threads/ui/logic/Sleep.o
LOAD objects/ts101/./core/threads/ui/logic/Soldering.o
LOAD objects/ts101/./core/threads/ui/logic/SolderingProfile.o
LOAD objects/ts101/./core/threads/ui/logic/TemperatureAdjust.o
LOAD objects/ts101/./core/threads/ui/logic/USBPDDebug_FS2711.o
LOAD objects/ts101/./core/threads/ui/logic/USBPDDebug_FUSB.o
LOAD objects/ts101/./core/threads/ui/logic/USBPDDebug_HUSB238.o
LOAD objects/ts101/./core/threads/ui/logic/utils/GUIDelay.o
LOAD objects/ts101/./core/threads/ui/logic/utils/SolderingCommon.o
LOAD objects/ts101/./core/threads/ui/logic/utils/checkUndervoltage.o
LOAD objects/ts101/./core/threads/ui/logic/utils/getHallEffectSleepTimeout.o
LOAD objects/ts101/./core/threads/ui/logic/utils/getSleepTimeout.o
LOAD objects/ts101/./core/threads/ui/logic/utils/min.o
LOAD objects/ts101/./core/threads/ui/logic/utils/shouldDeviceShutdown.o
LOAD objects/ts101/./core/threads/ui/logic/utils/shouldDeviceSleep.o
LOAD objects/ts101/./core/threads/PIDThread.o
LOAD objects/ts101/./core/src/QC3.o
LOAD objects/ts101/./core/src/ScrollMessage.o
LOAD objects/ts101/./core/src/Settings.o
LOAD objects/ts101/./core/src/Translation.o
LOAD objects/ts101/./core/src/main.o
LOAD objects/ts101/./core/src/power.o
LOAD objects/ts101/./core/src/settingsGUI.o
LOAD objects/ts101/./core/drivers/BMA223.o
LOAD objects/ts101/./core/drivers/BootLogo.o
LOAD objects/ts101/./core/drivers/Buttons.o
LOAD objects/ts101/./core/drivers/FS2711.o
LOAD objects/ts101/./core/drivers/HUB238.o
LOAD objects/ts101/./core/drivers/I2CBB1.o
LOAD objects/ts101/./core/drivers/I2CBB2.o
LOAD objects/ts101/./core/drivers/LIS2DH12.o
LOAD objects/ts101/./core/drivers/MMA8652FC.o
LOAD objects/ts101/./core/drivers/MSA301.o
LOAD objects/ts101/./core/drivers/SC7A20.o
LOAD objects/ts101/./core/drivers/Si7210.o
LOAD objects/ts101/./core/drivers/TipThermoModel.o
LOAD objects/ts101/./core/drivers/USBPD.o
LOAD objects/ts101/./core/drivers/Utils.o
LOAD objects/ts101/./core/drivers/usb-pd/src/fusb302b.o
LOAD objects/ts101/./core/drivers/usb-pd/src/policy_engine.o
LOAD objects/ts101/./core/drivers/usb-pd/src/policy_engine_states.o
LOAD objects/ts101/./core/drivers/OLED.o
LOAD objects/ts101/./core/bsp/miniware/BSP.o
LOAD objects/ts101/./core/bsp/miniware/IRQ.o
LOAD objects/ts101/./core/bsp/miniware/Power.o
LOAD objects/ts101/./core/bsp/miniware/QC_GPIO.o
LOAD objects/ts101/./core/bsp/miniware/Setup.o
LOAD objects/ts101/./core/bsp/miniware/fusb_user.o
LOAD objects/ts101/./core/bsp/miniware/postRTOS.o
LOAD objects/ts101/./core/bsp/miniware/preRTOS.o
LOAD objects/ts101/./core/bsp/miniware/ThermoModel.o
LOAD objects/ts101/core/gen/Translation.JA_JP.o
LOAD objects/ts101/core/lang_support/lang_single.o
                0x00018800                        __FLASH_SIZE__ = 0x18800
                0x00008000                        __BOOTLDR_SIZE__ = 0x8000
LOAD /usr/lib/gcc/arm-none-eabi/15.2.0/../../../../arm-none-eabi/lib/thumb/v7-m/nofp/libstdc++_nano.a
LOAD /usr/lib/gcc/arm-none-eabi/15.2.0/../../../../arm-none-eabi/lib/thumb/v7-m/nofp/libm.a
START GROUP
LOAD /usr/lib/gcc/arm-none-eabi/15.2.0/thumb/v7-m/nofp/libgcc.a
LOAD /usr/lib/gcc/arm-none-eabi/15.2.0/../../../../arm-none-eabi/lib/thumb/v7-m/nofp/libc_nano.a
END GROUP
START GROUP
LOAD /usr/lib/gcc/arm-none-eabi/15.2.0/thumb/v7-m/nofp/libgcc.a
LOAD /usr/lib/gcc/arm-none-eabi/15.2.0/../../../../arm-none-eabi/lib/thumb/v7-m/nofp/libc_nano.a
LOAD /usr/lib/gcc/arm-none-eabi/15.2.0/../../../../arm-none-eabi/lib/thumb/v7-m/nofp/libnosys.a
END GROUP
START GROUP
LOAD /usr/lib/gcc/arm-none-eabi/15.2.0/thumb/v7-m/nofp/libgcc.a
LOAD /usr/lib/gcc/arm-none-eabi/15.2.0/../../../../arm-none-eabi/lib/thumb/v7-m/nofp/libc_nano.a
LOAD /usr/lib/gcc/arm-none-eabi/15.2.0/../../../../arm-none-eabi/lib/thumb/v7-m/nofp/libnosys.a
END GROUP
LOAD /usr/lib/gcc/arm-none-eabi/15.2.0/thumb/v7-m/nofp/crtend.o
LOAD /usr/lib/gcc/arm-none-eabi/15.2.0/thumb/v7-m/nofp/crtn.o
                0x20005000                        _estack = 0x20005000
                0x00000300                        _Min_Heap_Size = 0x300
                0x00000400                        _Min_Stack_Size = 0x400
                0x08008000                        __APP_BASE_ADDRESS__ = (0x8000000 + __BOOTLDR_SIZE__)
                0x00010800                        __ROM_REGION_LENGTH__ = (__FLASH_SIZE__ - __BOOTLDR_SIZE__)
                0x08018800                        __FLASH_END_ADDR__ = (__APP_BASE_ADDRESS__ + __ROM_REGION_LENGTH__)

.isr_vector     0x08008000      0x10c
                0x08008000                        . = ALIGN (0x4)
 *(.isr_vector)
 .isr_vector    0x08008000      0x10c objects/ts101/./core/bsp/miniware/startup/startup_stm32f103t8ux.o
                0x08008000                g_pfnVectors
                0x0800810c                        . = ALIGN (0x4)

.text           0x08008110     0x977c
                0x08008110                        . = ALIGN (0x4)
 *(.text)
 .text          0x08008110       0x88 /usr/lib/gcc/arm-none-eabi/15.2.0/thumb/v7-m/nofp/crtbegin.o
 *(.text*)
 .text.Reset_Handler
                0x08008198       0x48 objects/ts101/./core/bsp/miniware/startup/startup_stm32f103t8ux.o
                0x08008198                Reset_Handler
 .text.Default_Handler
                0x080081e0        0x2 objects/ts101/./core/bsp/miniware/startup/startup_stm32f103t8ux.o
                0x080081e0                RTC_Alarm_IRQHandler
                0x080081e0                EXTI2_IRQHandler
                0x080081e0                DebugMon_Handler
                0x080081e0                TIM1_CC_IRQHandler
                0x080081e0                HardFault_Handler
                0x080081e0                PVD_IRQHandler
                0x080081e0                NMI_Handler
                0x080081e0                EXTI3_IRQHandler
                0x080081e0                EXTI0_IRQHandler
                0x080081e0                I2C2_EV_IRQHandler
                0x080081e0                UsageFault_Handler
                0x080081e0                SPI1_IRQHandler
                0x080081e0                TAMPER_IRQHandler
                0x080081e0                DMA1_Channel4_IRQHandler
                0x080081e0                USART3_IRQHandler
                0x080081e0                RTC_IRQHandler
                0x080081e0                DMA1_Channel7_IRQHandler
                0x080081e0                CAN1_RX1_IRQHandler
                0x080081e0                I2C1_EV_IRQHandler
                0x080081e0                DMA1_Channel6_IRQHandler
                0x080081e0                RCC_IRQHandler
                0x080081e0                TIM1_TRG_COM_IRQHandler
                0x080081e0                Default_Handler
                0x080081e0                EXTI15_10_IRQHandler
                0x080081e0                SPI2_IRQHandler
                0x080081e0                MemManage_Handler
                0x080081e0                DMA1_Channel5_IRQHandler
                0x080081e0                EXTI4_IRQHandler
                0x080081e0                USB_LP_CAN1_RX0_IRQHandler
                0x080081e0                USB_HP_CAN1_TX_IRQHandler
                0x080081e0                DMA1_Channel3_IRQHandler
                0x080081e0                WWDG_IRQHandler
                0x080081e0                TIM1_BRK_IRQHandler
                0x080081e0                EXTI1_IRQHandler
                0x080081e0                USART2_IRQHandler
                0x080081e0                I2C2_ER_IRQHandler
                0x080081e0                DMA1_Channel2_IRQHandler
                0x080081e0                CAN1_SCE_IRQHandler
                0x080081e0                FLASH_IRQHandler
                0x080081e0                BusFault_Handler
                0x080081e0                USART1_IRQHandler
                0x080081e0                I2C1_ER_IRQHandler
                0x080081e0                USBWakeUp_IRQHandler
 .text.prvTaskExitError
                0x080081e2        0x2 /tmp/ccx9oaS2.ltrans0.ltrans.o
 .text.prvPortStartFirstTask
                0x080081e4       0x20 /tmp/ccx9oaS2.ltrans0.ltrans.o
 .text.vPortEnterCritical.part.0
                0x08008204       0x12 /tmp/ccx9oaS2.ltrans0.ltrans.o
 *fill*         0x08008216        0x2 
 .text.vPortEnterCritical
                0x08008218       0x34 /tmp/ccx9oaS2.ltrans0.ltrans.o
 .text.vPortExitCritical
                0x0800824c       0x1c /tmp/ccx9oaS2.ltrans0.ltrans.o
 .text.vPortValidateInterruptPriority
                0x08008268       0x50 /tmp/ccx9oaS2.ltrans0.ltrans.o
 .text.ADC_Enable
                0x080082b8       0x6c /tmp/ccx9oaS2.ltrans0.ltrans.o
 .text.ADC_ConversionStop_Disable
                0x08008324       0x40 /tmp/ccx9oaS2.ltrans0.ltrans.o
 .text.ADC_DMAConvCplt
                0x08008364       0x44 /tmp/ccx9oaS2.ltrans0.ltrans.o
 .text.HAL_ADCEx_Calibration_Start
                0x080083a8       0xe4 /tmp/ccx9oaS2.ltrans0.ltrans.o
 .text.HAL_ADCEx_InjectedStart.isra.0
                0x0800848c       0xa8 /tmp/ccx9oaS2.ltrans0.ltrans.o
 .text.HAL_ADCEx_InjectedConfigChannel.isra.0
                0x08008534      0x118 /tmp/ccx9oaS2.ltrans0.ltrans.o
 .text.HAL_NVIC_SetPriority.constprop.0
                0x0800864c       0x50 /tmp/ccx9oaS2.ltrans0.ltrans.o
 .text.HAL_FLASH_Unlock.isra.0
                0x0800869c       0x20 /tmp/ccx9oaS2.ltrans0.ltrans.o
 .text.FLASH_WaitForLastOperation.constprop.0
                0x080086bc       0x94 /tmp/ccx9oaS2.ltrans0.ltrans.o
 .text.HAL_GPIO_Init
                0x08008750      0x1b8 /tmp/ccx9oaS2.ltrans0.ltrans.o
 .text.HAL_ADC_Init.constprop.0.isra.0
                0x08008908      0x1c4 /tmp/ccx9oaS2.ltrans0.ltrans.o
 .text.HAL_TIM_PWM_Start.constprop.0.isra.0
                0x08008acc       0x54 /tmp/ccx9oaS2.ltrans0.ltrans.o
 .text.TIM_Base_SetConfig
                0x08008b20       0x70 /tmp/ccx9oaS2.ltrans0.ltrans.o
 .text.HAL_TIM_Base_Init.constprop.0
                0x08008b90       0xb4 /tmp/ccx9oaS2.ltrans0.ltrans.o
 .text.HAL_TIM_OC_Init.isra.0
                0x08008c44       0x4c /tmp/ccx9oaS2.ltrans0.ltrans.o
 .text.HAL_TIM_Base_Start_IT.part.0.isra.0
                0x08008c90       0x44 /tmp/ccx9oaS2.ltrans0.ltrans.o
 .text.HAL_InitTick.constprop.0.isra.0
                0x08008cd4       0x9c /tmp/ccx9oaS2.ltrans0.ltrans.o
 .text.HAL_TIMEx_MasterConfigSynchronization.constprop.0.isra.0
                0x08008d70       0x54 /tmp/ccx9oaS2.ltrans0.ltrans.o
 .text.vListInsert
                0x08008dc4       0x2e /tmp/ccx9oaS2.ltrans0.ltrans.o
 .text.uxListRemove
                0x08008df2       0x1e /tmp/ccx9oaS2.ltrans0.ltrans.o
 .text.vTaskSuspendAll
                0x08008e10       0x10 /tmp/ccx9oaS2.ltrans0.ltrans.o
 .text.xTaskRemoveFromEventList.isra.0
                0x08008e20       0xc8 /tmp/ccx9oaS2.ltrans0.ltrans.o
 .text.prvUnlockQueue
                0x08008ee8       0x6c /tmp/ccx9oaS2.ltrans0.ltrans.o
 .text.uxTaskGetStackHighWaterMark
                0x08008f54       0x1c /tmp/ccx9oaS2.ltrans0.ltrans.o
 .text.prvResetNextTaskUnblockTime
                0x08008f70       0x24 /tmp/ccx9oaS2.ltrans0.ltrans.o
 .text.xTaskIncrementTick
                0x08008f94      0x188 /tmp/ccx9oaS2.ltrans0.ltrans.o
 .text.xTaskResumeAll
                0x0800911c      0x170 /tmp/ccx9oaS2.ltrans0.ltrans.o
 .text.xTaskGetSchedulerState
                0x0800928c       0x20 /tmp/ccx9oaS2.ltrans0.ltrans.o
 .text.prvAddCurrentTaskToDelayedList.isra.0
                0x080092ac       0x78 /tmp/ccx9oaS2.ltrans0.ltrans.o
 .text.ulTaskGenericNotifyTake.part.0.constprop.0
                0x08009324       0x68 /tmp/ccx9oaS2.ltrans0.ltrans.o
 .text._Z11noOpDisplayv
                0x0800938c        0x2 /tmp/ccx9oaS2.ltrans0.ltrans.o
                0x0800938c                noOpDisplay()
 .text._ZN12_GLOBAL__N_1L17temperaturePlacesEl.lto_priv.0
                0x0800938e       0x12 /tmp/ccx9oaS2.ltrans0.ltrans.o
 .text._ZN12_GLOBAL__N_1L16temperatureTextXEsl
                0x080093a0       0x1c /tmp/ccx9oaS2.ltrans0.ltrans.o
 .text._ZN12_GLOBAL__N_1L27fullscreenTemperatureLayoutElsRNS_27FullscreenTemperatureLayoutE
                0x080093bc       0x2c /tmp/ccx9oaS2.ltrans0.ltrans.o
 .text._Z30ui_get_temperature_slide_framel24TemperatureAnimationSlothR21TemperatureSlideFrame
                0x080093e8       0xac /tmp/ccx9oaS2.ltrans0.ltrans.o
 .text._Z13getMenuLengthPK8menuitemt
                0x08009494       0x2e /tmp/ccx9oaS2.ltrans0.ltrans.o
 *fill*         0x080094c2        0x2 
 .text._Z15getSleepTimeoutv
                0x080094c4       0x30 /tmp/ccx9oaS2.ltrans0.ltrans.o
 .text._Z16shouldBeSleepingv
                0x080094f4       0x58 /tmp/ccx9oaS2.ltrans0.ltrans.o
 .text._ZL17getSettingMaximum15SettingsOptions
                0x0800954c       0x44 /tmp/ccx9oaS2.ltrans0.ltrans.o
 .text._Z15setSettingValue15SettingsOptionst
                0x08009590       0x30 /tmp/ccx9oaS2.ltrans0.ltrans.o
 .text._Z16nextSettingValue15SettingsOptions
                0x080095c0       0x40 /tmp/ccx9oaS2.ltrans0.ltrans.o
 .text._ZZ16gui_SettingsMenu11ButtonStateP10guiContextENKUlvE_clEv.isra.0
                0x08009600       0x20 /tmp/ccx9oaS2.ltrans0.ltrans.o
 .text._ZL20showSolderingTipTypev
                0x08009620        0x4 /tmp/ccx9oaS2.ltrans0.ltrans.o
 .text._Z18isLastSettingValue15SettingsOptions
                0x08009624       0x7c /tmp/ccx9oaS2.ltrans0.ltrans.o
 .text._ZL17showInputVOptionsv
                0x080096a0       0x14 /tmp/ccx9oaS2.ltrans0.ltrans.o
 .text._ZL12setBoostTempv
                0x080096b4       0x40 /tmp/ccx9oaS2.ltrans0.ltrans.o
 .text._ZL16showSleepOptionsv
                0x080096f4       0x14 /tmp/ccx9oaS2.ltrans0.ltrans.o
 .text._ZL12setSleepTempv
                0x08009708       0x30 /tmp/ccx9oaS2.ltrans0.ltrans.o
 .text._ZL8setTempF15SettingsOptions
                0x08009738       0x44 /tmp/ccx9oaS2.ltrans0.ltrans.o
 .text._ZL8setTempFv
                0x0800977c       0x1e /tmp/ccx9oaS2.ltrans0.ltrans.o
 *fill*         0x0800979a        0x2 
 .text._ZL23displayAnimationOptionsv
                0x0800979c       0x14 /tmp/ccx9oaS2.ltrans0.ltrans.o
 .text._ZL21showPowerPulseOptionsv
                0x080097b0       0x14 /tmp/ccx9oaS2.ltrans0.ltrans.o
 .text._ZN6I2CBB15startEv
                0x080097c4       0x3c /tmp/ccx9oaS2.ltrans0.ltrans.o
 .text._ZN6I2CBB14stopEv
                0x08009800       0x30 /tmp/ccx9oaS2.ltrans0.ltrans.o
 .text._ZN6I2CBB18read_bitEv
                0x08009830       0x30 /tmp/ccx9oaS2.ltrans0.ltrans.o
 .text._ZN6I2CBB19write_bitEh
                0x08009860       0x30 /tmp/ccx9oaS2.ltrans0.ltrans.o
 .text._ZN6I2CBB14sendEh
                0x08009890       0x34 /tmp/ccx9oaS2.ltrans0.ltrans.o
 .text._Z16get_ms_timestampv
                0x080098c4        0xc /tmp/ccx9oaS2.ltrans0.ltrans.o
                0x080098c4                get_ms_timestamp()
 .text.HAL_TIM_PWM_ConfigChannel.constprop.0.isra.0
                0x080098d0       0x74 /tmp/ccx9oaS2.ltrans0.ltrans.o
 .text._ZL20detectThermalRunawaylm
                0x08009944       0x98 /tmp/ccx9oaS2.ltrans0.ltrans.o
 .text.xQueueGenericSend.constprop.0.isra.0
                0x080099dc      0x158 /tmp/ccx9oaS2.ltrans0.ltrans.o
 .text.xQueueCreateMutexStatic.constprop.0
                0x08009b34       0x84 /tmp/ccx9oaS2.ltrans0.ltrans.o
 .text._ZN6I2CBB16unlockEv
                0x08009bb8        0xc /tmp/ccx9oaS2.ltrans0.ltrans.o
 .text.xTaskCreateStatic.constprop.0
                0x08009bc4      0x204 /tmp/ccx9oaS2.ltrans0.ltrans.o
 .text.osThreadCreate.constprop.0
                0x08009dc8       0x28 /tmp/ccx9oaS2.ltrans0.ltrans.o
 .text._ZN4OLED11clearScreenEv
                0x08009df0       0x14 /tmp/ccx9oaS2.ltrans0.ltrans.o
 .text.prvIdleTask
                0x08009e04       0x28 /tmp/ccx9oaS2.ltrans0.ltrans.o
 .text._Z8warnUserPKc11ButtonState
                0x08009e2c       0x34 /tmp/ccx9oaS2.ltrans0.ltrans.o
 .text._ZL12displayTempFv
                0x08009e60       0x30 /tmp/ccx9oaS2.ltrans0.ltrans.o
 .text._Z17drawScrollingTextPKcm
                0x08009e90       0x94 /tmp/ccx9oaS2.ltrans0.ltrans.o
 .text._ZL16displayUSBPDModev
                0x08009f24       0x44 /tmp/ccx9oaS2.ltrans0.ltrans.o
 .text._ZL23displaySolderingTipTypev
                0x08009f68       0x44 /tmp/ccx9oaS2.ltrans0.ltrans.o
 .text._ZL22displayDisplayRotationv
                0x08009fac       0x34 /tmp/ccx9oaS2.ltrans0.ltrans.o
 .text._ZL18displayScrollSpeedv
                0x08009fe0       0x30 /tmp/ccx9oaS2.ltrans0.ltrans.o
 .text._ZL18displayInputVRangev
                0x0800a010       0x40 /tmp/ccx9oaS2.ltrans0.ltrans.o
 .text._ZL21displayInputMinVRangev
                0x0800a050       0x48 /tmp/ccx9oaS2.ltrans0.ltrans.o
 .text._ZL26displayTempChangeShortStepv
                0x0800a098       0x14 /tmp/ccx9oaS2.ltrans0.ltrans.o
 .text._ZL25displayTempChangeLongStepv
                0x0800a0ac       0x14 /tmp/ccx9oaS2.ltrans0.ltrans.o
 .text._ZL16displaySleepTempv
                0x0800a0c0       0x14 /tmp/ccx9oaS2.ltrans0.ltrans.o
 .text._ZL21displayPowerPulseWaitv
                0x0800a0d4       0x14 /tmp/ccx9oaS2.ltrans0.ltrans.o
 .text._ZL25displayPowerPulseDurationv
                0x0800a0e8       0x14 /tmp/ccx9oaS2.ltrans0.ltrans.o
 .text._ZN12_GLOBAL__N_1L18drawFullscreenUnitEs
                0x0800a0fc       0x50 /tmp/ccx9oaS2.ltrans0.ltrans.o
 .text._ZN4OLED19drawUnavailableIconEv
                0x0800a14c       0x1c /tmp/ccx9oaS2.ltrans0.ltrans.o
 .text._ZL19displayPDNegTimeoutv
                0x0800a168       0x1c /tmp/ccx9oaS2.ltrans0.ltrans.o
 .text._ZL16displayBoostTempv
                0x0800a184       0x20 /tmp/ccx9oaS2.ltrans0.ltrans.o
 .text._ZL25displayAutomaticStartModev
                0x0800a1a4       0x44 /tmp/ccx9oaS2.ltrans0.ltrans.o
 .text._ZL18displayLockingModev
                0x0800a1e8       0x34 /tmp/ccx9oaS2.ltrans0.ltrans.o
 .text._ZL18displaySensitivityv
                0x0800a21c       0x20 /tmp/ccx9oaS2.ltrans0.ltrans.o
 .text._ZL16displaySleepTimev
                0x0800a23c       0x64 /tmp/ccx9oaS2.ltrans0.ltrans.o
 .text._ZL19displayShutdownTimev
                0x0800a2a0       0x38 /tmp/ccx9oaS2.ltrans0.ltrans.o
 .text._ZL21displayAnimationSpeedv
                0x0800a2d8       0x44 /tmp/ccx9oaS2.ltrans0.ltrans.o
 .text._ZL17displayPowerLimitv
                0x0800a31c       0x38 /tmp/ccx9oaS2.ltrans0.ltrans.o
 .text._ZL17displayPowerPulsev
                0x0800a354       0x58 /tmp/ccx9oaS2.ltrans0.ltrans.o
 .text._ZL15displayLogoTimev
                0x0800a3ac       0x68 /tmp/ccx9oaS2.ltrans0.ltrans.o
 .text._ZL11displayMenuj
                0x0800a414       0xbc /tmp/ccx9oaS2.ltrans0.ltrans.o
 .text._ZL16displayPowerMenuv
                0x0800a4d0        0x6 /tmp/ccx9oaS2.ltrans0.ltrans.o
 .text._ZL20displaySolderingMenuv
                0x0800a4d6        0x6 /tmp/ccx9oaS2.ltrans0.ltrans.o
 .text._ZL22displayPowerSavingMenuv
                0x0800a4dc        0x6 /tmp/ccx9oaS2.ltrans0.ltrans.o
 .text._ZL13displayUIMenuv
                0x0800a4e2        0x6 /tmp/ccx9oaS2.ltrans0.ltrans.o
 .text._ZL19displayAdvancedMenuv
                0x0800a4e8        0x6 /tmp/ccx9oaS2.ltrans0.ltrans.o
 *fill*         0x0800a4ee        0x2 
 .text._Z12printVoltagev
                0x0800a4f0       0x4c /tmp/ccx9oaS2.ltrans0.ltrans.o
 .text._Z12availableW10h
                0x0800a53c       0x38 /tmp/ccx9oaS2.ltrans0.ltrans.o
 .text._Z13X10WattsToPWMlh
                0x0800a574       0x30 /tmp/ccx9oaS2.ltrans0.ltrans.o
 .text._Z14setTipX10Wattsl
                0x0800a5a4       0x6c /tmp/ccx9oaS2.ltrans0.ltrans.o
 .text._Z25ui_draw_temperature_smalllhh
                0x0800a610       0x64 /tmp/ccx9oaS2.ltrans0.ltrans.o
 .text._ZN12_GLOBAL__N_1L18drawTallSmallGlyphEsPKha
                0x0800a674       0x88 /tmp/ccx9oaS2.ltrans0.ltrans.o
 .text._ZN12_GLOBAL__N_1L25drawTallTemperatureDigitsEsla
                0x0800a6fc       0x68 /tmp/ccx9oaS2.ltrans0.ltrans.o
 .text._ZN12_GLOBAL__N_1L21drawHomeButtonOutlineEs
                0x0800a764       0x20 /tmp/ccx9oaS2.ltrans0.ltrans.o
 .text._ZN12_GLOBAL__N_1L19drawFullscreenDigitEhsa
                0x0800a784       0x30 /tmp/ccx9oaS2.ltrans0.ltrans.o
 .text._ZN12_GLOBAL__N_1L20drawFullscreenDigitsElsa
                0x0800a7b4       0x5c /tmp/ccx9oaS2.ltrans0.ltrans.o
 .text._Z39ui_draw_temperature_fullscreen_animatedlh24TemperatureAnimationSlot
                0x0800a810      0x108 /tmp/ccx9oaS2.ltrans0.ltrans.o
 .text._Z26ui_draw_temperature_changev
                0x0800a918       0x6c /tmp/ccx9oaS2.ltrans0.ltrans.o
 .text._ZL18setDisplayRotationv
                0x0800a984       0x24 /tmp/ccx9oaS2.ltrans0.ltrans.o
 .text._ZL22displayBrightnessLevelv
                0x0800a9a8       0x30 /tmp/ccx9oaS2.ltrans0.ltrans.o
 .text._Z20getPowerSourceNumberv
                0x0800a9d8       0x34 /tmp/ccx9oaS2.ltrans0.ltrans.o
 .text._Z32ui_draw_soldering_detailed_sleepl
                0x0800aa0c      0x140 /tmp/ccx9oaS2.ltrans0.ltrans.o
 .text._Z25ui_draw_power_source_iconv
                0x0800ab4c       0xb4 /tmp/ccx9oaS2.ltrans0.ltrans.o
 .text._Z12saveSettingsv
                0x0800ac00       0xe4 /tmp/ccx9oaS2.ltrans0.ltrans.o
 .text._Z16sanitiseSettingsv
                0x0800ace4       0xb8 /tmp/ccx9oaS2.ltrans0.ltrans.o
 .text._ZN4OLED12drawCheckboxEb
                0x0800ad9c        0xe /tmp/ccx9oaS2.ltrans0.ltrans.o
 *fill*         0x0800adaa        0x2 
 .text._ZL26displayCoolingBlinkEnabledv
                0x0800adac       0x14 /tmp/ccx9oaS2.ltrans0.ltrans.o
 .text._ZL37displayReverseButtonTempChangeEnabledv
                0x0800adc0       0x14 /tmp/ccx9oaS2.ltrans0.ltrans.o
 .text._ZL28displayReverseButtonSettingsv
                0x0800add4       0x18 /tmp/ccx9oaS2.ltrans0.ltrans.o
 .text._ZL20displayAnimationLoopv
                0x0800adec       0x14 /tmp/ccx9oaS2.ltrans0.ltrans.o
 .text._ZL18displayInvertColorv
                0x0800ae00       0x2c /tmp/ccx9oaS2.ltrans0.ltrans.o
 .text._ZL26displayAdvancedIDLEScreensv
                0x0800ae2c       0x14 /tmp/ccx9oaS2.ltrans0.ltrans.o
 .text._ZL31displayAdvancedSolderingScreensv
                0x0800ae40       0x14 /tmp/ccx9oaS2.ltrans0.ltrans.o
 .text._ZL16displayCalibratev
                0x0800ae54       0x18 /tmp/ccx9oaS2.ltrans0.ltrans.o
 .text._ZN16USBPowerDelivery4stepEv
                0x0800ae6c      0x750 /tmp/ccx9oaS2.ltrans0.ltrans.o
 *fill*         0x0800b5bc        0x4 
 .text.SVC_Handler
                0x0800b5c0       0x24 /tmp/ccx9oaS2.ltrans0.ltrans.o
                0x0800b5c0                SVC_Handler
 *fill*         0x0800b5e4        0xc 
 .text.PendSV_Handler
                0x0800b5f0       0x44 /tmp/ccx9oaS2.ltrans0.ltrans.o
                0x0800b5f0                PendSV_Handler
 .text.SysTick_Handler
                0x0800b634       0x34 /tmp/ccx9oaS2.ltrans0.ltrans.o
                0x0800b634                SysTick_Handler
 .text.DMA1_Channel1_IRQHandler
                0x0800b668      0x120 /tmp/ccx9oaS2.ltrans0.ltrans.o
                0x0800b668                DMA1_Channel1_IRQHandler
 .text.ADC1_2_IRQHandler
                0x0800b788      0x1c0 /tmp/ccx9oaS2.ltrans0.ltrans.o
                0x0800b788                ADC1_2_IRQHandler
 .text.EXTI9_5_IRQHandler
                0x0800b948      0x118 /tmp/ccx9oaS2.ltrans0.ltrans.o
                0x0800b948                EXTI9_5_IRQHandler
 .text.SystemInit
                0x0800ba60       0x4c /tmp/ccx9oaS2.ltrans0.ltrans.o
                0x0800ba60                SystemInit
 .text.HAL_TIM_PWM_Stop.constprop.0.isra.0
                0x0800baac       0x60 /tmp/ccx9oaS2.ltrans0.ltrans.o
                0x0800baac                HAL_TIM_PWM_Stop.constprop.0.isra.0
 .text.HAL_TIM_IRQHandler
                0x0800bb0c      0x15c /tmp/ccx9oaS2.ltrans0.ltrans.o
 .text.TIM1_UP_IRQHandler
                0x0800bc68        0xc /tmp/ccx9oaS2.ltrans0.ltrans.o
                0x0800bc68                TIM1_UP_IRQHandler
 .text.TIM3_IRQHandler
                0x0800bc74       0x20 /tmp/ccx9oaS2.ltrans0.ltrans.o
                0x0800bc74                TIM3_IRQHandler
 .text.TIM2_IRQHandler
                0x0800bc94       0x1c /tmp/ccx9oaS2.ltrans0.ltrans.o
                0x0800bc94                TIM2_IRQHandler
 .text.TIM4_IRQHandler
                0x0800bcb0       0x20 /tmp/ccx9oaS2.ltrans0.ltrans.o
                0x0800bcb0                TIM4_IRQHandler
 .text.xQueueSemaphoreTake.constprop.0
                0x0800bcd0      0x320 /tmp/ccx9oaS2.ltrans0.ltrans.o
                0x0800bcd0                xQueueSemaphoreTake.constprop.0
 .text._ZN6I2CBB14lockEv
                0x0800bff0       0x14 /tmp/ccx9oaS2.ltrans0.ltrans.o
 .text._ZN6I2CBB15probeEh
                0x0800c004       0x24 /tmp/ccx9oaS2.ltrans0.ltrans.o
 .text._ZN6I2CBB18Mem_ReadEttPht
                0x0800c028       0xa4 /tmp/ccx9oaS2.ltrans0.ltrans.o
 .text._ZN6I2CBB116I2C_RegisterReadEhh
                0x0800c0cc       0x1a /tmp/ccx9oaS2.ltrans0.ltrans.o
 *fill*         0x0800c0e6        0x2 
 .text.xTaskDelayUntil.isra.0
                0x0800c0e8       0x6c /tmp/ccx9oaS2.ltrans0.ltrans.o
                0x0800c0e8                xTaskDelayUntil.isra.0
 .text.vTaskDelay
                0x0800c154       0x3c /tmp/ccx9oaS2.ltrans0.ltrans.o
                0x0800c154                vTaskDelay
 .text.startPOWTask
                0x0800c190      0x390 /tmp/ccx9oaS2.ltrans0.ltrans.o
 .text._Z8ms_delaym
                0x0800c520        0xa /tmp/ccx9oaS2.ltrans0.ltrans.o
                0x0800c520                ms_delay(unsigned long)
 *fill*         0x0800c52a        0x2 
 .text.vTaskSwitchContext
                0x0800c52c       0x8c /tmp/ccx9oaS2.ltrans0.ltrans.o
                0x0800c52c                vTaskSwitchContext
 .text._Z14getButtonStatev
                0x0800c5b8       0x98 /tmp/ccx9oaS2.ltrans0.ltrans.o
                0x0800c5b8                getButtonState()
 .text._ZL16userConfirmationPKc
                0x0800c650       0x30 /tmp/ccx9oaS2.ltrans0.ltrans.o
 .text._ZL12setCalibratev
                0x0800c680       0x30 /tmp/ccx9oaS2.ltrans0.ltrans.o
 .text._ZL16setResetSettingsv
                0x0800c6b0       0x4c /tmp/ccx9oaS2.ltrans0.ltrans.o
 .text._Z18waitForButtonPressv
                0x0800c6fc       0x2a /tmp/ccx9oaS2.ltrans0.ltrans.o
 *fill*         0x0800c726        0x2 
 .text._Z20checkForUnderVoltagev
                0x0800c728       0xcc /tmp/ccx9oaS2.ltrans0.ltrans.o
 .text._Z18checkExitSolderingv
                0x0800c7f4       0x30 /tmp/ccx9oaS2.ltrans0.ltrans.o
 .text._Z27waitForButtonPressOrTimeoutm
                0x0800c824       0x40 /tmp/ccx9oaS2.ltrans0.ltrans.o
 .text._ZL15setCalibrateVINv
                0x0800c864      0x10c /tmp/ccx9oaS2.ltrans0.ltrans.o
 .text._Z5delayv
                0x0800c970       0x24 /tmp/ccx9oaS2.ltrans0.ltrans.o
 .text._ZN6I2CBB19Mem_WriteEttPKht
                0x0800c994       0x5a /tmp/ccx9oaS2.ltrans0.ltrans.o
                0x0800c994                I2CBB1::Mem_Write(unsigned short, unsigned short, unsigned char const*, unsigned short)
 *fill*         0x0800c9ee        0x2 
 .text._ZN6I2CBB118writeRegistersBulkEhPKNS_7I2C_REGEh
                0x0800c9f0       0x48 /tmp/ccx9oaS2.ltrans0.ltrans.o
 .text.startMOVTask
                0x0800ca38      0x450 /tmp/ccx9oaS2.ltrans0.ltrans.o
 .text._ZN6I2CBB25startEv
                0x0800ce88       0x3c /tmp/ccx9oaS2.ltrans0.ltrans.o
                0x0800ce88                I2CBB2::start()
 .text._ZN6I2CBB24stopEv
                0x0800cec4       0x30 /tmp/ccx9oaS2.ltrans0.ltrans.o
                0x0800cec4                I2CBB2::stop()
 .text._ZN6I2CBB28read_bitEv
                0x0800cef4       0x30 /tmp/ccx9oaS2.ltrans0.ltrans.o
                0x0800cef4                I2CBB2::read_bit()
 .text._ZN6I2CBB26unlockEv
                0x0800cf24        0xc /tmp/ccx9oaS2.ltrans0.ltrans.o
                0x0800cf24                I2CBB2::unlock()
 .text.startup.main
                0x0800cf30      0xb88 /tmp/ccx9oaS2.ltrans0.ltrans.o
                0x0800cf30                main
 .text._ZN6I2CBB29write_bitEh
                0x0800dab8       0x30 /tmp/ccx9oaS2.ltrans0.ltrans.o
                0x0800dab8                I2CBB2::write_bit(unsigned char)
 .text._ZN6I2CBB24sendEh
                0x0800dae8       0x34 /tmp/ccx9oaS2.ltrans0.ltrans.o
                0x0800dae8                I2CBB2::send(unsigned char)
 .text._ZN14TipThermoModel20convertTipRawADCTouVEtb
                0x0800db1c       0x3c /tmp/ccx9oaS2.ltrans0.ltrans.o
                0x0800db1c                TipThermoModel::convertTipRawADCTouV(unsigned short, bool)
 .text._ZN14TipThermoModel22convertTipRawADCToDegCEt
                0x0800db58       0x70 /tmp/ccx9oaS2.ltrans0.ltrans.o
 .text._ZN14TipThermoModel9getTipInCEb
                0x0800dbc8       0x34 /tmp/ccx9oaS2.ltrans0.ltrans.o
                0x0800dbc8                TipThermoModel::getTipInC(bool)
 .text._Z25gui_SolderingSleepingMode11ButtonStateP10guiContext.constprop.0
                0x0800dbfc       0xd4 /tmp/ccx9oaS2.ltrans0.ltrans.o
 .text._Z10getTipTempv
                0x0800dcd0       0x2c /tmp/ccx9oaS2.ltrans0.ltrans.o
 .text._Z35ui_draw_soldering_fullscreen_statusb
                0x0800dcfc      0x1c4 /tmp/ccx9oaS2.ltrans0.ltrans.o
 .text._ZN14TipThermoModel12getTipMaxInCEv
                0x0800dec0       0x20 /tmp/ccx9oaS2.ltrans0.ltrans.o
                0x0800dec0                TipThermoModel::getTipMaxInC()
 .text._Z13guiHandleDrawv
                0x0800dee0     0x1c78 /tmp/ccx9oaS2.ltrans0.ltrans.o
 .text.startGUITask
                0x0800fb58      0x524 /tmp/ccx9oaS2.ltrans0.ltrans.o
 .text.startPIDTask
                0x0801007c      0x254 /tmp/ccx9oaS2.ltrans0.ltrans.o
 .text._ZN4OLED26checkDisplayBufferChecksumEv
                0x080102d0       0x30 /tmp/ccx9oaS2.ltrans1.ltrans.o
 .text._ZN7historyItLh4EE6updateEt
                0x08010300       0x1e /tmp/ccx9oaS2.ltrans1.ltrans.o
 .text._Z26settings_setLanguageSwitchv
                0x0801031e        0x2 /tmp/ccx9oaS2.ltrans1.ltrans.o
                0x0801031e                settings_setLanguageSwitch()
 .text._Z30settings_displayLanguageSwitchv
                0x08010320        0x2 /tmp/ccx9oaS2.ltrans1.ltrans.o
                0x08010320                settings_displayLanguageSwitch()
 *fill*         0x08010322        0x2 
 .text._Z13fusb_read_bufhhhPh
                0x08010324       0xa8 /tmp/ccx9oaS2.ltrans1.ltrans.o
 .text._ZN16USBPowerDelivery15isVBUSConnectedEv
                0x080103cc        0x4 /tmp/ccx9oaS2.ltrans1.ltrans.o
                0x080103cc                settings_showLanguageSwitch()
                0x080103cc                USBPowerDelivery::isVBUSConnected()
 .text._ZNK7FUSB30212fusb_read_idEv.constprop.0
                0x080103d0       0x34 /tmp/ccx9oaS2.ltrans1.ltrans.o
                0x080103d0                FUSB302::fusb_read_id() const [clone .constprop.0]
 .text._ZN16USBPowerDelivery11fusbPresentEv
                0x08010404       0x20 /tmp/ccx9oaS2.ltrans1.ltrans.o
                0x08010404                USBPowerDelivery::fusbPresent()
 .text._ZN16USBPowerDelivery19negotiationCompleteEv
                0x08010424       0x64 /tmp/ccx9oaS2.ltrans1.ltrans.o
                0x08010424                USBPowerDelivery::negotiationComplete()
 .text._ZNK7FUSB30214fusb_read_byteEh
                0x08010488       0x16 /tmp/ccx9oaS2.ltrans1.ltrans.o
                0x08010488                FUSB302::fusb_read_byte(unsigned char) const
 *fill*         0x0801049e        0x2 
 .text._ZNK7FUSB30215fusb_write_byteEhh.constprop.0
                0x080104a0       0x20 /tmp/ccx9oaS2.ltrans1.ltrans.o
                0x080104a0                FUSB302::fusb_write_byte(unsigned char, unsigned char) const [clone .constprop.0]
 .text._ZNK10ringbufferI6pd_msgLj4EE11getOccupiedEv.constprop.0
                0x080104c0       0x20 /tmp/ccx9oaS2.ltrans1.ltrans.o
                0x080104c0                ringbuffer<pd_msg, 4u>::getOccupied() const [clone .constprop.0]
 .text._ZN12PolicyEngine12waitForEventENS_19policy_engine_stateEmm.constprop.0
                0x080104e0       0x44 /tmp/ccx9oaS2.ltrans1.ltrans.o
                0x080104e0                PolicyEngine::waitForEvent(PolicyEngine::policy_engine_state, unsigned long, unsigned long) [clone .constprop.0]
 .text._ZN12PolicyEngine19pe_start_message_txENS_19policy_engine_stateES0_P6pd_msg.constprop.0
                0x08010524       0x90 /tmp/ccx9oaS2.ltrans1.ltrans.o
                0x08010524                PolicyEngine::pe_start_message_tx(PolicyEngine::policy_engine_state, PolicyEngine::policy_engine_state, pd_msg*) [clone .constprop.0]
 .text._ZN10ringbufferI6pd_msgLj4EE3popEPS0_.constprop.0
                0x080105b4       0x54 /tmp/ccx9oaS2.ltrans1.ltrans.o
                0x080105b4                ringbuffer<pd_msg, 4u>::pop(pd_msg*) [clone .constprop.0]
 .text._ZN12PolicyEngine21pe_sink_wait_good_crcEv.constprop.0
                0x08010608       0x70 /tmp/ccx9oaS2.ltrans1.ltrans.o
                0x08010608                PolicyEngine::pe_sink_wait_good_crc() [clone .constprop.0]
 .text._ZL14readPageColumnPKPhh.constprop.0
                0x08010678       0x26 /tmp/ccx9oaS2.ltrans1.ltrans.o
                0x08010678                readPageColumn(unsigned char* const*, unsigned char) [clone .constprop.0]
 .text._ZL20interpolateScrollbarmmh.lto_priv.0
                0x0801069e       0x94 /tmp/ccx9oaS2.ltrans1.ltrans.o
                0x0801069e                interpolateScrollbar(unsigned long, unsigned long, unsigned char) [clone .lto_priv.0]
 .text._Z21i2c_send_command_byteh
                0x08010732       0x18 /tmp/ccx9oaS2.ltrans1.ltrans.o
                0x08010732                i2c_send_command_byte(unsigned char)
 *fill*         0x0801074a        0x2 
 .text._Z15oled_bulk_writemmiiPKh.constprop.0
                0x0801074c       0x38 /tmp/ccx9oaS2.ltrans1.ltrans.o
 .text._ZN4OLED7refreshEv
                0x08010784       0x12 /tmp/ccx9oaS2.ltrans1.ltrans.o
                0x08010784                OLED::refresh()
 *fill*         0x08010796        0x2 
 .text._ZN4OLED15setDisplayStateENS_12DisplayStateE
                0x08010798       0x24 /tmp/ccx9oaS2.ltrans1.ltrans.o
                0x08010798                OLED::setDisplayState(OLED::DisplayState)
 .text._ZN4OLED30transitionSecondaryFramebufferEbm.isra.0
                0x080107bc      0x178 /tmp/ccx9oaS2.ltrans1.ltrans.o
                0x080107bc                OLED::transitionSecondaryFramebuffer(bool, unsigned long) [clone .isra.0]
 .text._ZN4OLED11setRotationEb
                0x08010934       0x70 /tmp/ccx9oaS2.ltrans1.ltrans.o
                0x08010934                OLED::setRotation(bool)
 .text._ZN4OLED13setBrightnessEh
                0x080109a4       0x2c /tmp/ccx9oaS2.ltrans1.ltrans.o
                0x080109a4                OLED::setBrightness(unsigned char)
 .text._ZN4OLED17setInverseDisplayEb
                0x080109d0       0x1c /tmp/ccx9oaS2.ltrans1.ltrans.o
                0x080109d0                OLED::setInverseDisplay(bool)
 .text._ZN4OLED8drawAreaEsahhPKh
                0x080109ec       0x8c /tmp/ccx9oaS2.ltrans1.ltrans.o
                0x080109ec                OLED::drawArea(short, signed char, unsigned char, unsigned char, unsigned char const*)
 .text._ZN4OLED8drawCharEt9FontStyleh
                0x08010a78      0x158 /tmp/ccx9oaS2.ltrans1.ltrans.o
                0x08010a78                OLED::drawChar(unsigned short, FontStyle, unsigned char)
 .text._ZN4OLED5printEPKc9FontStylehh
                0x08010bd0       0x4a /tmp/ccx9oaS2.ltrans1.ltrans.o
                0x08010bd0                OLED::print(char const*, FontStyle, unsigned char, unsigned char)
 *fill*         0x08010c1a        0x2 
 .text._ZN4OLED16printWholeScreenEPKc
                0x08010c1c       0x24 /tmp/ccx9oaS2.ltrans1.ltrans.o
                0x08010c1c                OLED::printWholeScreen(char const*)
 .text._ZN4OLED11printNumberEth9FontStyleb
                0x08010c40       0xac /tmp/ccx9oaS2.ltrans1.ltrans.o
                0x08010c40                OLED::printNumber(unsigned short, unsigned char, FontStyle, bool)
 .text._ZN4OLED7drawHexEm9FontStyleh.constprop.0
                0x08010cec       0x20 /tmp/ccx9oaS2.ltrans1.ltrans.o
                0x08010cec                OLED::drawHex(unsigned long, FontStyle, unsigned char) [clone .constprop.0]
 .text._ZN4OLED21drawBatteryFullHeightEh
                0x08010d0c       0x30 /tmp/ccx9oaS2.ltrans1.ltrans.o
                0x08010d0c                OLED::drawBatteryFullHeight(unsigned char)
 .text._ZN4OLED16invertAreaMaskedEsahhPKh.constprop.0
                0x08010d3c       0x3c /tmp/ccx9oaS2.ltrans1.ltrans.o
                0x08010d3c                OLED::invertAreaMasked(short, signed char, unsigned char, unsigned char, unsigned char const*) [clone .constprop.0]
 .text._ZN4OLED8fillAreaEsahhh
                0x08010d78       0x54 /tmp/ccx9oaS2.ltrans1.ltrans.o
                0x08010d78                OLED::fillArea(short, signed char, unsigned char, unsigned char, unsigned char)
 .text._ZN4OLED14drawFilledRectEhhhhb.constprop.0
                0x08010dcc       0x70 /tmp/ccx9oaS2.ltrans1.ltrans.o
                0x08010dcc                OLED::drawFilledRect(unsigned char, unsigned char, unsigned char, unsigned char, bool) [clone .constprop.0]
 .text._ZN4OLED14drawHeatSymbolEh
                0x08010e3c       0x40 /tmp/ccx9oaS2.ltrans1.ltrans.o
                0x08010e3c                OLED::drawHeatSymbol(unsigned char)
 .text._ZN4OLED15drawAreaClippedEsshhPKhhhh.part.0
                0x08010e7c       0xd4 /tmp/ccx9oaS2.ltrans1.ltrans.o
                0x08010e7c                OLED::drawAreaClipped(short, short, unsigned char, unsigned char, unsigned char const*, unsigned char, unsigned char, unsigned char) [clone .part.0]
 .text._ZN4OLED14printSymbolDegE9FontStyle.part.0
                0x08010f50       0x30 /tmp/ccx9oaS2.ltrans1.ltrans.o
                0x08010f50                OLED::printSymbolDeg(FontStyle) [clone .part.0]
 .text.NVIC_SystemReset.lto_priv.0
                0x08010f80       0x24 /tmp/ccx9oaS2.ltrans1.ltrans.o
                0x08010f80                NVIC_SystemReset.lto_priv.0
 .text.resetWatchdog
                0x08010fa4       0x10 /tmp/ccx9oaS2.ltrans1.ltrans.o
                0x08010fa4                resetWatchdog
 .text._Z14fusb_write_bufhhhPh
                0x08010fb4       0x64 /tmp/ccx9oaS2.ltrans1.ltrans.o
 .text.getHandleTemperature
                0x08011018       0x5c /tmp/ccx9oaS2.ltrans1.ltrans.o
                0x08011018                getHandleTemperature
 .text.getInputVoltageX10
                0x08011074       0x58 /tmp/ccx9oaS2.ltrans1.ltrans.o
                0x08011074                getInputVoltageX10
 .text._ZL15switchToFastPWMv.lto_priv.0
                0x080110cc       0x30 /tmp/ccx9oaS2.ltrans1.ltrans.o
                0x080110cc                switchToFastPWM() [clone .lto_priv.0]
 .text.HAL_TIM_PWM_PulseFinishedCallback
                0x080110fc        0xc /tmp/ccx9oaS2.ltrans1.ltrans.o
                0x080110fc                HAL_TIM_PWM_PulseFinishedCallback
 .text.getButtonA
                0x08011108       0x14 /tmp/ccx9oaS2.ltrans1.ltrans.o
                0x08011108                getButtonA
 .text.getButtonB
                0x0801111c       0x14 /tmp/ccx9oaS2.ltrans1.ltrans.o
                0x0801111c                getButtonB
 .text.isTipDisconnected
                0x08011130       0x1a /tmp/ccx9oaS2.ltrans1.ltrans.o
                0x08011130                isTipDisconnected
 *fill*         0x0801114a        0x2 
 .text.preStartChecksDone
                0x0801114c       0x34 /tmp/ccx9oaS2.ltrans1.ltrans.o
                0x0801114c                preStartChecksDone
 .text.getTipResistanceX10
                0x08011180       0x28 /tmp/ccx9oaS2.ltrans1.ltrans.o
                0x08011180                getTipResistanceX10
 .text._Z22parseCapabilitiesArrayhPhPtS0_PbS1_.constprop.0
                0x080111a8      0x1ac /tmp/ccx9oaS2.ltrans1.ltrans.o
 .text._Z25EPREvaluateCapabilityFuncPK10epr_pd_msgP6pd_msg
                0x08011354      0x118 /tmp/ccx9oaS2.ltrans1.ltrans.o
 .text._Z28pdbs_dpm_evaluate_capabilityPK6pd_msgPS_
                0x0801146c       0xfc /tmp/ccx9oaS2.ltrans1.ltrans.o
 .text._Z28pdbs_dpm_get_sink_capabilityP6pd_msgb
                0x08011568       0x6e /tmp/ccx9oaS2.ltrans1.ltrans.o
 *fill*         0x080115d6        0x2 
 .text.getIsPoweredByDCIN
                0x080115d8       0x10 /tmp/ccx9oaS2.ltrans1.ltrans.o
                0x080115d8                getIsPoweredByDCIN
 .text.getTipRawTemp.part.0
                0x080115e8       0x2c /tmp/ccx9oaS2.ltrans1.ltrans.o
                0x080115e8                getTipRawTemp.part.0
 .text.preStartChecks
                0x08011614      0x104 /tmp/ccx9oaS2.ltrans1.ltrans.o
                0x08011614                preStartChecks
 .text.startup._sub_I_65535_0.0
                0x08011718       0x94 /tmp/ccx9oaS2.ltrans1.ltrans.o
 .text.memset   0x080117ac       0x10 /usr/lib/gcc/arm-none-eabi/15.2.0/../../../../arm-none-eabi/lib/thumb/v7-m/nofp/libc_nano.a(libc_a-memset.o)
                0x080117ac                memset
 .text.__libc_init_array
                0x080117bc       0x48 /usr/lib/gcc/arm-none-eabi/15.2.0/../../../../arm-none-eabi/lib/thumb/v7-m/nofp/libc_nano.a(libc_a-init.o)
                0x080117bc                __libc_init_array
 .text.memcmp   0x08011804       0x20 /usr/lib/gcc/arm-none-eabi/15.2.0/../../../../arm-none-eabi/lib/thumb/v7-m/nofp/libc_nano.a(libc_a-memcmp.o)
                0x08011804                memcmp
 .text.memmove  0x08011824       0x32 /usr/lib/gcc/arm-none-eabi/15.2.0/../../../../arm-none-eabi/lib/thumb/v7-m/nofp/libc_nano.a(libc_a-memmove.o)
                0x08011824                memmove
 .text.memcpy   0x08011856       0x1c /usr/lib/gcc/arm-none-eabi/15.2.0/../../../../arm-none-eabi/lib/thumb/v7-m/nofp/libc_nano.a(libc_a-memcpy-stub.o)
                0x08011856                memcpy
 *(.glue_7)
 .glue_7        0x08011872        0x0 linker stubs
 *(.glue_7t)
 .glue_7t       0x08011872        0x0 linker stubs
 *(.eh_frame)
 *fill*         0x08011872        0x2 
 .eh_frame      0x08011874        0x0 /usr/lib/gcc/arm-none-eabi/15.2.0/thumb/v7-m/nofp/crtbegin.o
 *(.init)
 .init          0x08011874        0x4 /usr/lib/gcc/arm-none-eabi/15.2.0/thumb/v7-m/nofp/crti.o
                0x08011874                _init
 .init          0x08011878        0x8 /usr/lib/gcc/arm-none-eabi/15.2.0/thumb/v7-m/nofp/crtn.o
 *(.fini)
 .fini          0x08011880        0x4 /usr/lib/gcc/arm-none-eabi/15.2.0/thumb/v7-m/nofp/crti.o
                0x08011880                _fini
 .fini          0x08011884        0x8 /usr/lib/gcc/arm-none-eabi/15.2.0/thumb/v7-m/nofp/crtn.o
                0x0801188c                        . = ALIGN (0x4)
                0x0801188c                        _etext = .

.vfp11_veneer   0x0801188c        0x0
 .vfp11_veneer  0x0801188c        0x0 linker stubs

.v4_bx          0x0801188c        0x0
 .v4_bx         0x0801188c        0x0 linker stubs

.iplt           0x0801188c        0x0
 .iplt          0x0801188c        0x0 /usr/lib/gcc/arm-none-eabi/15.2.0/thumb/v7-m/nofp/crtbegin.o

.rodata         0x0801188c     0x4114
                0x0801188c                        . = ALIGN (0x4)
 *(.rodata)
 .rodata        0x0801188c       0x10 /tmp/ccx9oaS2.ltrans0.ltrans.o
 *(.rodata*)
 .rodata._ZL12displayTempFv.str1.1
                0x0801189c      0x15d /tmp/ccx9oaS2.ltrans0.ltrans.o
                                  0x4 (size before relaxing)
 .rodata._ZL18displayInputVRangev.str1.1
                0x080119f9        0x0 /tmp/ccx9oaS2.ltrans0.ltrans.o
                                  0x5 (size before relaxing)
 .rodata._ZL21displayInputMinVRangev.str1.1
                0x080119f9        0x0 /tmp/ccx9oaS2.ltrans0.ltrans.o
                                  0x2 (size before relaxing)
 .rodata._ZL16displaySleepTimev.str1.1
                0x080119f9        0x0 /tmp/ccx9oaS2.ltrans0.ltrans.o
                                  0x4 (size before relaxing)
 .rodata._ZL17displayPowerLimitv.str1.1
                0x080119f9        0x0 /tmp/ccx9oaS2.ltrans0.ltrans.o
                                  0x2 (size before relaxing)
 .rodata._Z12printVoltagev.str1.1
                0x080119f9        0x0 /tmp/ccx9oaS2.ltrans0.ltrans.o
                                  0x2 (size before relaxing)
 .rodata._Z26ui_draw_temperature_changev.str1.1
                0x080119f9        0x0 /tmp/ccx9oaS2.ltrans0.ltrans.o
                                  0x4 (size before relaxing)
 .rodata._Z32ui_draw_soldering_detailed_sleepl.str1.1
                0x080119f9        0x0 /tmp/ccx9oaS2.ltrans0.ltrans.o
                                  0x4 (size before relaxing)
 .rodata._ZL15setCalibrateVINv.str1.1
                0x080119f9        0x0 /tmp/ccx9oaS2.ltrans0.ltrans.o
                                  0x2 (size before relaxing)
 .rodata.main.str1.1
                0x080119f9        0x0 /tmp/ccx9oaS2.ltrans0.ltrans.o
                                 0x16 (size before relaxing)
 .rodata._Z13guiHandleDrawv.str1.1
                0x080119f9        0x0 /tmp/ccx9oaS2.ltrans0.ltrans.o
                                 0x4b (size before relaxing)
 .rodata._ZL13USER_FONT_6x8.lto_priv.0
                0x080119f9      0x16e /tmp/ccx9oaS2.ltrans0.ltrans.o
                0x080119f9                _ZL13USER_FONT_6x8.lto_priv.0
 .rodata._ZL12USER_FONT_12.lto_priv.0
                0x08011b67     0x1938 /tmp/ccx9oaS2.ltrans0.ltrans.o
                0x08011b67                _ZL12USER_FONT_12.lto_priv.0
 *fill*         0x0801349f        0x1 
 .rodata._ZL11translation
                0x080134a0      0x826 /tmp/ccx9oaS2.ltrans0.ltrans.o
 *fill*         0x08013cc6        0x2 
 .rodata._ZL12advancedMenu
                0x08013cc8       0xa0 /tmp/ccx9oaS2.ltrans0.ltrans.o
 .rodata._ZL6UIMenu
                0x08013d68      0x118 /tmp/ccx9oaS2.ltrans0.ltrans.o
 .rodata._ZL15PowerSavingMenu
                0x08013e80       0x64 /tmp/ccx9oaS2.ltrans0.ltrans.o
 .rodata._ZL13solderingMenu
                0x08013ee4       0x8c /tmp/ccx9oaS2.ltrans0.ltrans.o
 .rodata._ZL9powerMenu
                0x08013f70       0x64 /tmp/ccx9oaS2.ltrans0.ltrans.o
 .rodata._ZL8uVtoDegC
                0x08013fd4      0x198 /tmp/ccx9oaS2.ltrans0.ltrans.o
 .rodata._ZL17SettingsMenuIcons
                0x0801416c      0x4ec /tmp/ccx9oaS2.ltrans0.ltrans.o
 .rodata._ZL9RepeatInf
                0x08014658       0x80 /tmp/ccx9oaS2.ltrans0.ltrans.o
 .rodata._ZL10RepeatOnce
                0x080146d8       0x80 /tmp/ccx9oaS2.ltrans0.ltrans.o
 .rodata._ZL15UnavailableIcon
                0x08014758       0x80 /tmp/ccx9oaS2.ltrans0.ltrans.o
 .rodata.AHBPrescTable
                0x080147d8       0x10 /tmp/ccx9oaS2.ltrans0.ltrans.o
 .rodata.str1.1
                0x080147e8        0x0 /tmp/ccx9oaS2.ltrans0.ltrans.o
                                 0xe9 (size before relaxing)
 .rodata.os_thread_def_GUITask.3
                0x080147e8       0x1c /tmp/ccx9oaS2.ltrans0.ltrans.o
 .rodata.os_thread_def_MOVTask.2
                0x08014804       0x1c /tmp/ccx9oaS2.ltrans0.ltrans.o
 .rodata.os_thread_def_POWTask.1
                0x08014820       0x1c /tmp/ccx9oaS2.ltrans0.ltrans.o
 .rodata.os_thread_def_PIDTask.0
                0x0801483c       0x1c /tmp/ccx9oaS2.ltrans0.ltrans.o
 .rodata._ZL17HomeButtonOutline
                0x08014858       0xe0 /tmp/ccx9oaS2.ltrans0.ltrans.o
 .rodata._ZZN12_GLOBAL__N_1L18drawTallSmallGlyphEsPKhaE13SourceColumns
                0x08014938        0x8 /tmp/ccx9oaS2.ltrans0.ltrans.o
 .rodata._ZL13i2c_registers.lto_priv.2
                0x08014940       0x27 /tmp/ccx9oaS2.ltrans0.ltrans.o
 .rodata._ZL13i2c_registers.lto_priv.1
                0x08014967       0x24 /tmp/ccx9oaS2.ltrans0.ltrans.o
 .rodata._ZL13i2c_registers.lto_priv.0
                0x0801498b       0x18 /tmp/ccx9oaS2.ltrans0.ltrans.o
 .rodata._ZL17i2c_registers_alt
                0x080149a3       0x24 /tmp/ccx9oaS2.ltrans0.ltrans.o
 .rodata._ZL13i2c_registers.lto_priv.4
                0x080149c7       0x24 /tmp/ccx9oaS2.ltrans0.ltrans.o
 .rodata._ZL13i2c_registers.lto_priv.3
                0x080149eb        0xf /tmp/ccx9oaS2.ltrans0.ltrans.o
 .rodata._ZL15disconnectedTip.lto_priv.2
                0x080149fa       0xe0 /tmp/ccx9oaS2.ltrans0.ltrans.o
 .rodata._ZL7buttonB.lto_priv.1
                0x08014ada       0xe0 /tmp/ccx9oaS2.ltrans0.ltrans.o
 .rodata._ZL7buttonA.lto_priv.1
                0x08014bba       0xe0 /tmp/ccx9oaS2.ltrans0.ltrans.o
 .rodata._ZL14WarningBlock24
                0x08014c9a       0x30 /tmp/ccx9oaS2.ltrans0.ltrans.o
 .rodata._ZL25HomeSettingsSlidersFrames
                0x08014cca      0x228 /tmp/ccx9oaS2.ltrans0.ltrans.o
 .rodata._ZL18HomeSolderHeatMask
                0x08014ef2       0x1c /tmp/ccx9oaS2.ltrans0.ltrans.o
 .rodata._ZL20HomeSolderHeatFrames
                0x08014f0e       0xe0 /tmp/ccx9oaS2.ltrans0.ltrans.o
 .rodata._ZL12DegreeSymbol.lto_priv.0
                0x08014fee        0x3 /tmp/ccx9oaS2.ltrans0.ltrans.o
 .rodata._ZL14HomeButtonMask.lto_priv.0
                0x08014ff1       0xe0 /tmp/ccx9oaS2.ltrans0.ltrans.o
                0x08014ff1                _ZL14HomeButtonMask.lto_priv.0
 .rodata._ZL15disconnectedTip.lto_priv.1
                0x080150d1       0xe0 /tmp/ccx9oaS2.ltrans0.ltrans.o
 .rodata._ZL7buttonB.lto_priv.0
                0x080151b1       0xe0 /tmp/ccx9oaS2.ltrans0.ltrans.o
 .rodata._ZL7buttonA.lto_priv.0
                0x08015291       0xe0 /tmp/ccx9oaS2.ltrans0.ltrans.o
 .rodata._ZL15disconnectedTip.lto_priv.0
                0x08015371       0xe0 /tmp/ccx9oaS2.ltrans0.ltrans.o
 *fill*         0x08015451        0x3 
 .rodata.PowerSourceNames
                0x08015454       0x14 /tmp/ccx9oaS2.ltrans0.ltrans.o
 .rodata.AccelTypeNames
                0x08015468       0x24 /tmp/ccx9oaS2.ltrans0.ltrans.o
 .rodata.DebugMenu
                0x0801548c       0x44 /tmp/ccx9oaS2.ltrans0.ltrans.o
 .rodata.subSettingsMenus
                0x080154d0       0x14 /tmp/ccx9oaS2.ltrans0.ltrans.o
 .rodata.rootSettingsMenu
                0x080154e4       0x8c /tmp/ccx9oaS2.ltrans0.ltrans.o
 .rodata.APBPrescTable
                0x08015570        0x8 /tmp/ccx9oaS2.ltrans0.ltrans.o
 .rodata._ZN4OLED14printSymbolDegE9FontStyle.part.0.str1.1
                0x08015578        0x0 /tmp/ccx9oaS2.ltrans1.ltrans.o
                                  0x4 (size before relaxing)
 .rodata.CSWTCH.47
                0x08015578        0x3 /tmp/ccx9oaS2.ltrans1.ltrans.o
 *fill*         0x0801557b        0x1 
 .rodata._ZL15NTCHandleLookup
                0x0801557c       0x60 /tmp/ccx9oaS2.ltrans1.ltrans.o
 .rodata._ZL22FullHeightBatteryIcons
                0x080155dc      0x210 /tmp/ccx9oaS2.ltrans1.ltrans.o
 .rodata._ZL14ExtraFontChars
                0x080157ec      0x1b0 /tmp/ccx9oaS2.ltrans1.ltrans.o
 .rodata._ZZNK7FUSB30217fusb_send_messageEPK6pd_msgE7eop_seq
                0x0801599c        0x4 /tmp/ccx9oaS2.ltrans1.ltrans.o
                0x080159a0                        . = ALIGN (0x4)

.rel.dyn        0x080159a0        0x0
 .rel.iplt      0x080159a0        0x0 /usr/lib/gcc/arm-none-eabi/15.2.0/thumb/v7-m/nofp/crtbegin.o

.ARM.extab      0x080159a0        0x0
                0x080159a0                        . = ALIGN (0x4)
 *(.ARM.extab* .gnu.linkonce.armextab.*)
                0x080159a0                        . = ALIGN (0x4)

.ARM            0x080159a0        0x0
                0x080159a0                        . = ALIGN (0x4)
                0x080159a0                        __exidx_start = .
 *(.ARM.exidx*)
                0x080159a0                        __exidx_end = .
                0x080159a0                        . = ALIGN (0x4)

.preinit_array  0x080159a0        0x0
                0x080159a0                        . = ALIGN (0x4)
                0x080159a0                        PROVIDE (__preinit_array_start = .)
 *(.preinit_array*)
                0x080159a0                        PROVIDE (__preinit_array_end = .)
                0x080159a0                        . = ALIGN (0x4)

.init_array     0x080159a0        0x8
                0x080159a0                        . = ALIGN (0x4)
                0x080159a0                        PROVIDE (__init_array_start = .)
 *(SORT_BY_NAME(.init_array.*))
 *(.init_array*)
 .init_array    0x080159a0        0x4 /usr/lib/gcc/arm-none-eabi/15.2.0/thumb/v7-m/nofp/crtbegin.o
 .init_array    0x080159a4        0x4 /tmp/ccx9oaS2.ltrans1.ltrans.o
                0x080159a8                        PROVIDE (__init_array_end = .)
                0x080159a8                        . = ALIGN (0x4)

.fini_array     0x080159a8        0x4
                0x080159a8                        . = ALIGN (0x4)
                0x080159a8                        PROVIDE (__fini_array_start = .)
 *(SORT_BY_NAME(.fini_array.*))
 *(.fini_array*)
 .fini_array    0x080159a8        0x4 /usr/lib/gcc/arm-none-eabi/15.2.0/thumb/v7-m/nofp/crtbegin.o
                0x080159ac                        PROVIDE (__fini_array_end = .)
                0x080159ac                        . = ALIGN (0x4)
                0x080159ac                        _sidata = LOADADDR (.data)

.data           0x20000000      0x234 load address 0x080159ac
                0x20000000                        . = ALIGN (0x4)
                0x20000000                        _sdata = .
 *(.data)
 *(.data*)
 .data._ZZL11displayMenujE16menuCurrentIndex
                0x20000000        0x4 /tmp/ccx9oaS2.ltrans0.ltrans.o
 .data._ZZ24shouldBeUsingFastPWMModehE14lastPWMWasFast
                0x20000004        0x1 /tmp/ccx9oaS2.ltrans0.ltrans.o
 *fill*         0x20000005        0x1 
 .data._ZL17settingsConstants.lto_priv.0
                0x20000006      0x1c0 /tmp/ccx9oaS2.ltrans0.ltrans.o
                0x20000006                _ZL17settingsConstants.lto_priv.0
 *fill*         0x200001c6        0x2 
 .data._ZZL20detectThermalRunawaylmE10tiptempMin
                0x200001c8        0x4 /tmp/ccx9oaS2.ltrans0.ltrans.o
 .data.OLED_Setup_Array
                0x200001cc       0x4b /tmp/ccx9oaS2.ltrans0.ltrans.o
                0x200001cc                OLED_Setup_Array
 *fill*         0x20000217        0x1 
 .data.currentOperatingMode
                0x20000218        0x4 /tmp/ccx9oaS2.ltrans0.ltrans.o
 .data.SystemCoreClock
                0x2000021c        0x4 /tmp/ccx9oaS2.ltrans0.ltrans.o
 .data.uxCriticalNesting
                0x20000220        0x4 /tmp/ccx9oaS2.ltrans0.ltrans.o
 .data.tipMeasurementOccuring
                0x20000224        0x1 /tmp/ccx9oaS2.ltrans1.ltrans.o
 *fill*         0x20000225        0x3 
 .data.nextTipMeasurement
                0x20000228        0x4 /tmp/ccx9oaS2.ltrans1.ltrans.o
 .data._ZZNK7FUSB30217fusb_send_messageEPK6pd_msgE7sop_seq
                0x2000022c        0x5 /tmp/ccx9oaS2.ltrans1.ltrans.o
                0x20000234                        . = ALIGN (0x4)
 *fill*         0x20000231        0x3 
                0x20000234                        _edata = .

.tm_clone_table
                0x20000234        0x0 load address 0x08015be0
 .tm_clone_table
                0x20000234        0x0 /usr/lib/gcc/arm-none-eabi/15.2.0/thumb/v7-m/nofp/crtbegin.o
 .tm_clone_table
                0x20000234        0x0 /usr/lib/gcc/arm-none-eabi/15.2.0/thumb/v7-m/nofp/crtend.o

.igot.plt       0x20000234        0x0 load address 0x08015be0
 .igot.plt      0x20000234        0x0 /usr/lib/gcc/arm-none-eabi/15.2.0/thumb/v7-m/nofp/crtbegin.o

.bss            0x20000238     0x2fc0 load address 0x08015be0
                0x20000238                        . = ALIGN (0x4)
                0x20000238                        _sbss = .
                0x20000238                        __bss_start__ = _sbss
 *(.bss)
 .bss           0x20000238       0x1c /usr/lib/gcc/arm-none-eabi/15.2.0/thumb/v7-m/nofp/crtbegin.o
 *(.bss*)
 .bss.GUITaskControlBlock
                0x20000254       0x64 /tmp/ccx9oaS2.ltrans0.ltrans.o
 .bss.GUITaskBuffer
                0x200002b8      0x800 /tmp/ccx9oaS2.ltrans0.ltrans.o
 .bss.MOVTaskControlBlock
                0x20000ab8       0x64 /tmp/ccx9oaS2.ltrans0.ltrans.o
 .bss.MOVTaskBuffer
                0x20000b1c      0x800 /tmp/ccx9oaS2.ltrans0.ltrans.o
 .bss.POWTaskControlBlock
                0x2000131c       0x64 /tmp/ccx9oaS2.ltrans0.ltrans.o
 .bss.POWTaskBuffer
                0x20001380      0x400 /tmp/ccx9oaS2.ltrans0.ltrans.o
 .bss.PIDTaskControlBlock
                0x20001780       0x64 /tmp/ccx9oaS2.ltrans0.ltrans.o
 .bss.PIDTaskBuffer
                0x200017e4      0x800 /tmp/ccx9oaS2.ltrans0.ltrans.o
 .bss.lastuv    0x20001fe4        0x4 /tmp/ccx9oaS2.ltrans0.ltrans.o
 .bss._ZZ14getButtonStatevE11longPressed
                0x20001fe8        0x1 /tmp/ccx9oaS2.ltrans0.ltrans.o
 *fill*         0x20001fe9        0x3 
 .bss._ZZ14getButtonStatevE19previousStateChange
                0x20001fec        0x4 /tmp/ccx9oaS2.ltrans0.ltrans.o
 .bss._ZZ14getButtonStatevE13previousState
                0x20001ff0        0x1 /tmp/ccx9oaS2.ltrans0.ltrans.o
 *fill*         0x20001ff1        0x3 
 .bss._ZZL11displayMenujE18menuSwitchLoopTick
                0x20001ff4        0x4 /tmp/ccx9oaS2.ltrans0.ltrans.o
 .bss.hiwdg     0x20001ff8        0xc /tmp/ccx9oaS2.ltrans0.ltrans.o
                0x20001ff8                hiwdg
 .bss.hadc2     0x20002004       0x30 /tmp/ccx9oaS2.ltrans0.ltrans.o
                0x20002004                hadc2
 .bss.ADCReadings
                0x20002034       0x20 /tmp/ccx9oaS2.ltrans0.ltrans.o
                0x20002034                ADCReadings
 .bss._ZN6I2CBB212I2CSemaphoreE
                0x20002054        0x4 /tmp/ccx9oaS2.ltrans0.ltrans.o
                0x20002054                I2CBB2::I2CSemaphore
 .bss._ZN6I2CBB216xSemaphoreBufferE
                0x20002058       0x48 /tmp/ccx9oaS2.ltrans0.ltrans.o
 .bss._ZN6I2CBB112I2CSemaphoreE
                0x200020a0        0x4 /tmp/ccx9oaS2.ltrans0.ltrans.o
 .bss._ZN6I2CBB116xSemaphoreBufferE
                0x200020a4       0x48 /tmp/ccx9oaS2.ltrans0.ltrans.o
 .bss.xIdleStack
                0x200020ec      0x400 /tmp/ccx9oaS2.ltrans0.ltrans.o
 .bss.xIdleTaskTCBBuffer
                0x200024ec       0x64 /tmp/ccx9oaS2.ltrans0.ltrans.o
 .bss._ZZL20detectThermalRunawaylmE10tipTempMax
                0x20002550        0x4 /tmp/ccx9oaS2.ltrans0.ltrans.o
 .bss._ZZL20detectThermalRunawaylmE14heatCycleStart
                0x20002554        0x4 /tmp/ccx9oaS2.ltrans0.ltrans.o
 .bss._ZZL20detectThermalRunawaylmE13haveSeenDelta
                0x20002558        0x1 /tmp/ccx9oaS2.ltrans0.ltrans.o
 .bss.haveSeenCapabilityOffer
                0x20002559        0x1 /tmp/ccx9oaS2.ltrans0.ltrans.o
                0x20002559                haveSeenCapabilityOffer
 .bss.lastTipResistance
                0x2000255a        0x1 /tmp/ccx9oaS2.ltrans0.ltrans.o
                0x2000255a                lastTipResistance
 *fill*         0x2000255b        0x1 
 .bss.powerSupplyWattageLimit
                0x2000255c        0x4 /tmp/ccx9oaS2.ltrans0.ltrans.o
                0x2000255c                powerSupplyWattageLimit
 .bss._ZZL20getPIDResultX10WattsllE10powerStore
                0x20002560        0x4 /tmp/ccx9oaS2.ltrans0.ltrans.o
 .bss._ZZL20getPIDResultX10WattsllE8lastCall
                0x20002564        0x4 /tmp/ccx9oaS2.ltrans0.ltrans.o
 .bss._ZZL27setOutputx10WattsViaFilterslE17lastPowerPulseEnd
                0x20002568        0x4 /tmp/ccx9oaS2.ltrans0.ltrans.o
 .bss._ZZL27setOutputx10WattsViaFilterslE19lastPowerPulseStart
                0x2000256c        0x4 /tmp/ccx9oaS2.ltrans0.ltrans.o
 .bss._ZN12_GLOBAL__N_1L21temperatureAnimationsE
                0x20002570       0x3c /tmp/ccx9oaS2.ltrans0.ltrans.o
 .bss.fusb      0x200025ac       0x10 /tmp/ccx9oaS2.ltrans0.ltrans.o
                0x200025ac                fusb
 .bss._ZZNK7FUSB30217fusb_read_messageEP6pd_msgE7garbage
                0x200025bc        0x4 /tmp/ccx9oaS2.ltrans0.ltrans.o
 .bss._ZN6SC7A2017isInImitationModeE
                0x200025c0        0x1 /tmp/ccx9oaS2.ltrans0.ltrans.o
 .bss.accelInit
                0x200025c1        0x1 /tmp/ccx9oaS2.ltrans0.ltrans.o
 .bss._ZN4OLED17secondFrameBufferE
                0x200025c2      0x21a /tmp/ccx9oaS2.ltrans0.ltrans.o
                0x200025c2                OLED::secondFrameBuffer
 .bss._ZN4OLED12screenBufferE
                0x200027dc      0x21a /tmp/ccx9oaS2.ltrans0.ltrans.o
                0x200027dc                OLED::screenBuffer
 .bss.settingsWereReset
                0x200029f6        0x1 /tmp/ccx9oaS2.ltrans0.ltrans.o
 *fill*         0x200029f7        0x1 
 .bss.lastCapabilities
                0x200029f8       0x2c /tmp/ccx9oaS2.ltrans0.ltrans.o
                0x200029f8                lastCapabilities
 .bss.pe        0x20002a24      0x174 /tmp/ccx9oaS2.ltrans0.ltrans.o
                0x20002a24                pe
 .bss.disconnectedTipF
                0x20002b98       0xe0 /tmp/ccx9oaS2.ltrans0.ltrans.o
 .bss.buttonBF  0x20002c78       0xe0 /tmp/ccx9oaS2.ltrans0.ltrans.o
 .bss.buttonAF  0x20002d58       0xe0 /tmp/ccx9oaS2.ltrans0.ltrans.o
 .bss._ZN4OLED16inLeftHandedModeE
                0x20002e38        0x1 /tmp/ccx9oaS2.ltrans0.ltrans.o
                0x20002e38                OLED::inLeftHandedMode
 *fill*         0x20002e39        0x3 
 .bss.x10WattHistory
                0x20002e3c        0x4 /tmp/ccx9oaS2.ltrans0.ltrans.o
 .bss.heaterThermalRunawayCounter
                0x20002e40        0x1 /tmp/ccx9oaS2.ltrans0.ltrans.o
 *fill*         0x20002e41        0x3 
 .bss.currentTempTargetDegC
                0x20002e44        0x4 /tmp/ccx9oaS2.ltrans0.ltrans.o
 .bss.PIDTaskHandle
                0x20002e48        0x4 /tmp/ccx9oaS2.ltrans0.ltrans.o
 .bss.MOVTaskHandle
                0x20002e4c        0x4 /tmp/ccx9oaS2.ltrans0.ltrans.o
 .bss.GUITaskHandle
                0x20002e50        0x4 /tmp/ccx9oaS2.ltrans0.ltrans.o
 .bss.DetectedAccelerometerVersion
                0x20002e54        0x4 /tmp/ccx9oaS2.ltrans0.ltrans.o
 .bss._ZZ13getTipRawTempE6filter.lto_priv.0
                0x20002e58       0x10 /tmp/ccx9oaS2.ltrans0.ltrans.o
                0x20002e58                _ZZ13getTipRawTempE6filter.lto_priv.0
 .bss._ZN4OLED8cursor_yE
                0x20002e68        0x2 /tmp/ccx9oaS2.ltrans0.ltrans.o
                0x20002e68                OLED::cursor_y
 .bss._ZN4OLED8cursor_xE
                0x20002e6a        0x2 /tmp/ccx9oaS2.ltrans0.ltrans.o
                0x20002e6a                OLED::cursor_x
 .bss.systemSettings
                0x20002e6c       0x78 /tmp/ccx9oaS2.ltrans0.ltrans.o
                0x20002e6c                systemSettings
 .bss.buttonsAtDeviceBoot
                0x20002ee4        0x1 /tmp/ccx9oaS2.ltrans0.ltrans.o
 *fill*         0x20002ee5        0x3 
 .bss.context   0x20002ee8       0x20 /tmp/ccx9oaS2.ltrans0.ltrans.o
 .bss.lastButtonTime
                0x20002f08        0x4 /tmp/ccx9oaS2.ltrans0.ltrans.o
 .bss.lastMovementTime
                0x20002f0c        0x4 /tmp/ccx9oaS2.ltrans0.ltrans.o
 .bss._ZZ13guiHandleDrawvE30suppressWakeButtonUntilRelease
                0x20002f10        0x1 /tmp/ccx9oaS2.ltrans0.ltrans.o
 .bss._ZN4OLED12displayStateE
                0x20002f11        0x1 /tmp/ccx9oaS2.ltrans0.ltrans.o
                0x20002f11                OLED::displayState
 *fill*         0x20002f12        0x2 
 .bss._ZN4OLED13stripPointersE
                0x20002f14       0x10 /tmp/ccx9oaS2.ltrans0.ltrans.o
                0x20002f14                OLED::stripPointers
 .bss.xNextTaskUnblockTime
                0x20002f24        0x4 /tmp/ccx9oaS2.ltrans0.ltrans.o
 .bss.xPendedTicks
                0x20002f28        0x4 /tmp/ccx9oaS2.ltrans0.ltrans.o
 .bss.pxOverflowDelayedTaskList
                0x20002f2c        0x4 /tmp/ccx9oaS2.ltrans0.ltrans.o
 .bss.pxDelayedTaskList
                0x20002f30        0x4 /tmp/ccx9oaS2.ltrans0.ltrans.o
 .bss.xDelayedTaskList2
                0x20002f34       0x14 /tmp/ccx9oaS2.ltrans0.ltrans.o
 .bss.xDelayedTaskList1
                0x20002f48       0x14 /tmp/ccx9oaS2.ltrans0.ltrans.o
 .bss.uxTaskNumber
                0x20002f5c        0x4 /tmp/ccx9oaS2.ltrans0.ltrans.o
 .bss.xSchedulerRunning
                0x20002f60        0x4 /tmp/ccx9oaS2.ltrans0.ltrans.o
 .bss.uxCurrentNumberOfTasks
                0x20002f64        0x4 /tmp/ccx9oaS2.ltrans0.ltrans.o
 .bss.xNumOfOverflows
                0x20002f68        0x4 /tmp/ccx9oaS2.ltrans0.ltrans.o
 .bss.totalPWM  0x20002f6c        0x2 /tmp/ccx9oaS2.ltrans0.ltrans.o
                0x20002f6c                totalPWM
 .bss._ZL9infastPWM.lto_priv.0
                0x20002f6e        0x1 /tmp/ccx9oaS2.ltrans0.ltrans.o
                0x20002f6e                _ZL9infastPWM.lto_priv.0
 .bss._ZL7fastPWM
                0x20002f6f        0x1 /tmp/ccx9oaS2.ltrans0.ltrans.o
 .bss.pendingPWM
                0x20002f70        0x1 /tmp/ccx9oaS2.ltrans0.ltrans.o
 *fill*         0x20002f71        0x1 
 .bss.PWMSafetyTimer
                0x20002f72        0x2 /tmp/ccx9oaS2.ltrans0.ltrans.o
 *fill*         0x20002f74        0x4 
 .bss.pFlash    0x20002f78       0x20 /tmp/ccx9oaS2.ltrans0.ltrans.o
 .bss.uwTick    0x20002f98        0x4 /tmp/ccx9oaS2.ltrans0.ltrans.o
 .bss.xTickCount.lto_priv.0
                0x20002f9c        0x4 /tmp/ccx9oaS2.ltrans0.ltrans.o
                0x20002f9c                xTickCount.lto_priv.0
 .bss.POWTaskHandle
                0x20002fa0        0x4 /tmp/ccx9oaS2.ltrans0.ltrans.o
 .bss.htimADC   0x20002fa4       0x48 /tmp/ccx9oaS2.ltrans0.ltrans.o
                0x20002fa4                htimADC
 .bss.htimTip   0x20002fec       0x48 /tmp/ccx9oaS2.ltrans0.ltrans.o
                0x20002fec                htimTip
 .bss.xYieldPendings
                0x20003034        0x4 /tmp/ccx9oaS2.ltrans0.ltrans.o
 .bss.pxCurrentTCB
                0x20003038        0x4 /tmp/ccx9oaS2.ltrans0.ltrans.o
                0x20003038                pxCurrentTCB
 .bss.xPendingReadyList
                0x2000303c       0x14 /tmp/ccx9oaS2.ltrans0.ltrans.o
 .bss.pxReadyTasksLists
                0x20003050       0x8c /tmp/ccx9oaS2.ltrans0.ltrans.o
 .bss.uxTopReadyPriority
                0x200030dc        0x4 /tmp/ccx9oaS2.ltrans0.ltrans.o
 .bss.uxSchedulerSuspended
                0x200030e0        0x4 /tmp/ccx9oaS2.ltrans0.ltrans.o
 .bss.pidTaskNotification
                0x200030e4        0x4 /tmp/ccx9oaS2.ltrans0.ltrans.o
 .bss.hadc1     0x200030e8       0x30 /tmp/ccx9oaS2.ltrans0.ltrans.o
                0x200030e8                hadc1
 .bss.hdma_adc1
                0x20003118       0x44 /tmp/ccx9oaS2.ltrans0.ltrans.o
 .bss.htim1     0x2000315c       0x48 /tmp/ccx9oaS2.ltrans0.ltrans.o
 .bss.ulMaxPRIGROUPValue
                0x200031a4        0x4 /tmp/ccx9oaS2.ltrans0.ltrans.o
 .bss.ucMaxSysCallPriority
                0x200031a8        0x1 /tmp/ccx9oaS2.ltrans0.ltrans.o
 .bss.tipShorted
                0x200031a9        0x1 /tmp/ccx9oaS2.ltrans1.ltrans.o
 *fill*         0x200031aa        0x2 
 .bss.tipResistanceReadings
                0x200031ac        0xc /tmp/ccx9oaS2.ltrans1.ltrans.o
 .bss.tipResistanceReadingSlot
                0x200031b8        0x1 /tmp/ccx9oaS2.ltrans1.ltrans.o
 *fill*         0x200031b9        0x3 
 .bss._ZL10filteredPD
                0x200031bc       0x10 /tmp/ccx9oaS2.ltrans1.ltrans.o
 .bss._ZL10filteredDC
                0x200031cc       0x10 /tmp/ccx9oaS2.ltrans1.ltrans.o
 .bss._ZZ16getADCHandleTempE6filter
                0x200031dc       0x10 /tmp/ccx9oaS2.ltrans1.ltrans.o
 .bss._ZZN4OLED8drawCharEt9FontStylehE9fontWidth
                0x200031ec        0x1 /tmp/ccx9oaS2.ltrans1.ltrans.o
 .bss._ZZN4OLED8drawCharEt9FontStylehE10fontHeight
                0x200031ed        0x1 /tmp/ccx9oaS2.ltrans1.ltrans.o
 *fill*         0x200031ee        0x2 
 .bss._ZN4OLED15displayChecksumE
                0x200031f0        0x4 /tmp/ccx9oaS2.ltrans1.ltrans.o
 .bss._ZN16USBPowerDelivery14detectionStateE
                0x200031f4        0x4 /tmp/ccx9oaS2.ltrans1.ltrans.o
 *(COMMON)
                0x200031f8                        . = ALIGN (0x4)
                0x200031f8                        _ebss = .
                0x200031f8                        __bss_end__ = _ebss

._user_heap_stack
                0x200031f8      0x700 load address 0x08015be0
                0x200031f8                        . = ALIGN (0x8)
                0x200031f8                        PROVIDE (end = .)
                [!provide]                        PROVIDE (_end = .)
                0x200034f8                        . = (. + _Min_Heap_Size)
 *fill*         0x200031f8      0x300 
                0x200038f8                        . = (. + _Min_Stack_Size)
 *fill*         0x200034f8      0x400 
                0x200038f8                        . = ALIGN (0x8)

/DISCARD/
 libc.a(*)
 libm.a(*)
 libgcc.a(*)

.ARM.attributes
                0x00000000       0x2b
 *(.ARM.attributes)
 .ARM.attributes
                0x00000000       0x1d /usr/lib/gcc/arm-none-eabi/15.2.0/thumb/v7-m/nofp/crti.o
 .ARM.attributes
                0x0000001d       0x2d /usr/lib/gcc/arm-none-eabi/15.2.0/thumb/v7-m/nofp/crtbegin.o
 .ARM.attributes
                0x0000004a       0x21 objects/ts101/./core/bsp/miniware/startup/startup_stm32f103t8ux.o
 .ARM.attributes
                0x0000006b       0x27 /tmp/ccx9oaS2.ltrans0.ltrans.o
 .ARM.attributes
                0x00000092       0x27 /tmp/ccx9oaS2.ltrans1.ltrans.o
 .ARM.attributes
                0x000000b9       0x2d /usr/lib/gcc/arm-none-eabi/15.2.0/../../../../arm-none-eabi/lib/thumb/v7-m/nofp/libc_nano.a(libc_a-memset.o)
 .ARM.attributes
                0x000000e6       0x2d /usr/lib/gcc/arm-none-eabi/15.2.0/../../../../arm-none-eabi/lib/thumb/v7-m/nofp/libc_nano.a(libc_a-init.o)
 .ARM.attributes
                0x00000113       0x2d /usr/lib/gcc/arm-none-eabi/15.2.0/../../../../arm-none-eabi/lib/thumb/v7-m/nofp/libc_nano.a(libc_a-memcmp.o)
 .ARM.attributes
                0x00000140       0x2d /usr/lib/gcc/arm-none-eabi/15.2.0/../../../../arm-none-eabi/lib/thumb/v7-m/nofp/libc_nano.a(libc_a-memmove.o)
 .ARM.attributes
                0x0000016d       0x2d /usr/lib/gcc/arm-none-eabi/15.2.0/../../../../arm-none-eabi/lib/thumb/v7-m/nofp/libc_nano.a(libc_a-memcpy-stub.o)
 .ARM.attributes
                0x0000019a       0x2d /usr/lib/gcc/arm-none-eabi/15.2.0/thumb/v7-m/nofp/crtend.o
 .ARM.attributes
                0x000001c7       0x1d /usr/lib/gcc/arm-none-eabi/15.2.0/thumb/v7-m/nofp/crtn.o
OUTPUT(hexfile/TS101_JA_JP.elf elf32-littlearm)
LOAD linker stubs
LOAD /usr/lib/gcc/arm-none-eabi/15.2.0/../../../../arm-none-eabi/lib/thumb/v7-m/nofp/libc.a
LOAD /usr/lib/gcc/arm-none-eabi/15.2.0/../../../../arm-none-eabi/lib/thumb/v7-m/nofp/libm.a
LOAD /usr/lib/gcc/arm-none-eabi/15.2.0/thumb/v7-m/nofp/libgcc.a

.comment        0x00000000       0x46
 .comment       0x00000000       0x46 /usr/lib/gcc/arm-none-eabi/15.2.0/thumb/v7-m/nofp/crtbegin.o
                                 0x24 (size before relaxing)
 .comment       0x00000046        0x0 /tmp/ccx9oaS2.ltrans0.ltrans.o
                                 0x24 (size before relaxing)
 .comment       0x00000046        0x0 /tmp/ccx9oaS2.ltrans1.ltrans.o
                                 0x24 (size before relaxing)
 .comment       0x00000046        0x0 /usr/lib/gcc/arm-none-eabi/15.2.0/../../../../arm-none-eabi/lib/thumb/v7-m/nofp/libc_nano.a(libc_a-memset.o)
                                 0x24 (size before relaxing)
 .comment       0x00000046        0x0 /usr/lib/gcc/arm-none-eabi/15.2.0/../../../../arm-none-eabi/lib/thumb/v7-m/nofp/libc_nano.a(libc_a-init.o)
                                 0x24 (size before relaxing)
 .comment       0x00000046        0x0 /usr/lib/gcc/arm-none-eabi/15.2.0/../../../../arm-none-eabi/lib/thumb/v7-m/nofp/libc_nano.a(libc_a-memcmp.o)
                                 0x24 (size before relaxing)
 .comment       0x00000046        0x0 /usr/lib/gcc/arm-none-eabi/15.2.0/../../../../arm-none-eabi/lib/thumb/v7-m/nofp/libc_nano.a(libc_a-memmove.o)
                                 0x24 (size before relaxing)
 .comment       0x00000046        0x0 /usr/lib/gcc/arm-none-eabi/15.2.0/../../../../arm-none-eabi/lib/thumb/v7-m/nofp/libc_nano.a(libc_a-memcpy-stub.o)
                                 0x24 (size before relaxing)
 .comment       0x00000046        0x0 /usr/lib/gcc/arm-none-eabi/15.2.0/thumb/v7-m/nofp/crtend.o
                                 0x24 (size before relaxing)

.debug_info     0x00000000    0x1a020
 .debug_info    0x00000000     0x9bb5 /tmp/ccx9oaS2.ltrans0.ltrans.o
 .debug_info    0x00009bb5     0x19b5 /tmp/ccx9oaS2.ltrans1.ltrans.o
 .debug_info    0x0000b56a      0x2c0 /tmp/ccAdsG4e.debug.temp.o
                0x0000b56a                FreeRTOSHooks.c.cff86c4c
 .debug_info    0x0000b82a      0x182 /tmp/cciv4OCK.debug.temp.o
                0x0000b82a                syscalls.c.13f0fa64
 .debug_info    0x0000b9ac      0x2fe /tmp/ccN5dlPm.debug.temp.o
                0x0000b9ac                flash.c.c876ca24
 .debug_info    0x0000bcaa      0x26e /tmp/ccfG8pGG.debug.temp.o
                0x0000bcaa                port.c.a50ea21c
 .debug_info    0x0000bf18      0xbb7 /tmp/ccfpDUos.debug.temp.o
                0x0000bf18                stm32f1xx_hal_msp.c.0d53d529
 .debug_info    0x0000cacf      0x938 /tmp/cclPXVVa.debug.temp.o
                0x0000cacf                stm32f1xx_hal_timebase_TIM.c.b19f0588
 .debug_info    0x0000d407      0x8b3 /tmp/ccEWrIju.debug.temp.o
                0x0000d407                stm32f1xx_it.c.87e2882e
 .debug_info    0x0000dcba      0x3ba /tmp/ccyLbBJp.debug.temp.o
                0x0000dcba                system_stm32f1xx.c.ac7975bf
 .debug_info    0x0000e074      0x5e8 /tmp/ccXh83xE.debug.temp.o
                0x0000e074                stm32f1xx_hal.c.444cda01
 .debug_info    0x0000e65c      0x9bf /tmp/ccDqO5AI.debug.temp.o
                0x0000e65c                stm32f1xx_hal_adc.c.a1f70f66
 .debug_info    0x0000f01b      0x8d5 /tmp/ccjRhTj4.debug.temp.o
                0x0000f01b                stm32f1xx_hal_adc_ex.c.0c74f3e7
 .debug_info    0x0000f8f0      0x899 /tmp/ccKDN5pm.debug.temp.o
                0x0000f8f0                stm32f1xx_hal_cortex.c.e4748ab4
 .debug_info    0x00010189      0x5dc /tmp/ccHbkoMB.debug.temp.o
                0x00010189                stm32f1xx_hal_dma.c.0491c0e6
 .debug_info    0x00010765      0x42e /tmp/ccI0goJS.debug.temp.o
                0x00010765                stm32f1xx_hal_flash.c.9c471abf
 .debug_info    0x00010b93      0x66a /tmp/ccF7qO7k.debug.temp.o
                0x00010b93                stm32f1xx_hal_flash_ex.c.54b0196b
 .debug_info    0x000111fd      0x4e8 /tmp/ccSMU7q6.debug.temp.o
                0x000111fd                stm32f1xx_hal_gpio.c.9d6f0306
 .debug_info    0x000116e5      0x1d0 /tmp/ccJMVmQQ.debug.temp.o
                0x000116e5                stm32f1xx_hal_iwdg.c.11268520
 .debug_info    0x000118b5      0x62e /tmp/ccbix19X.debug.temp.o
                0x000118b5                stm32f1xx_hal_rcc.c.f1cdfa71
 .debug_info    0x00011ee3      0x354 /tmp/cccq9yaK.debug.temp.o
                0x00011ee3                stm32f1xx_hal_rcc_ex.c.798d8182
 .debug_info    0x00012237     0x1f4b /tmp/ccwVEIbJ.debug.temp.o
                0x00012237                stm32f1xx_hal_tim.c.342b6022
 .debug_info    0x00014182     0x10c6 /tmp/ccQINjJY.debug.temp.o
                0x00014182                stm32f1xx_hal_tim_ex.c.9c17afd4
 .debug_info    0x00015248      0x24f /tmp/cc9P09Ym.debug.temp.o
                0x00015248                list.c.d34a8afc
 .debug_info    0x00015497      0xf89 /tmp/cc4PpMEC.debug.temp.o
                0x00015497                queue.c.1e5e5b13
 .debug_info    0x00016420      0xc9d /tmp/cc8GPYj2.debug.temp.o
                0x00016420                stream_buffer.c.6522d75e
 .debug_info    0x000170bd     0x155c /tmp/ccDTLhgE.debug.temp.o
                0x000170bd                tasks.c.b341126b
 .debug_info    0x00018619     0x14cf /tmp/cccnjRto.debug.temp.o
                0x00018619                cmsis_os.c.e1a4a977
 .debug_info    0x00019ae8       0xe5 /usr/lib/gcc/arm-none-eabi/15.2.0/../../../../arm-none-eabi/lib/thumb/v7-m/nofp/libc_nano.a(libc_a-memset.o)
 .debug_info    0x00019bcd      0x110 /usr/lib/gcc/arm-none-eabi/15.2.0/../../../../arm-none-eabi/lib/thumb/v7-m/nofp/libc_nano.a(libc_a-init.o)
 .debug_info    0x00019cdd      0x109 /usr/lib/gcc/arm-none-eabi/15.2.0/../../../../arm-none-eabi/lib/thumb/v7-m/nofp/libc_nano.a(libc_a-memcmp.o)
 .debug_info    0x00019de6      0x114 /usr/lib/gcc/arm-none-eabi/15.2.0/../../../../arm-none-eabi/lib/thumb/v7-m/nofp/libc_nano.a(libc_a-memmove.o)
 .debug_info    0x00019efa      0x126 /usr/lib/gcc/arm-none-eabi/15.2.0/../../../../arm-none-eabi/lib/thumb/v7-m/nofp/libc_nano.a(libc_a-memcpy-stub.o)

.debug_abbrev   0x00000000     0x4333
 .debug_abbrev  0x00000000      0xbb1 /tmp/ccx9oaS2.ltrans0.ltrans.o
 .debug_abbrev  0x00000bb1      0x6d6 /tmp/ccx9oaS2.ltrans1.ltrans.o
 .debug_abbrev  0x00001287       0xf8 /tmp/ccAdsG4e.debug.temp.o
 .debug_abbrev  0x0000137f       0x95 /tmp/cciv4OCK.debug.temp.o
 .debug_abbrev  0x00001414      0x1a0 /tmp/ccN5dlPm.debug.temp.o
 .debug_abbrev  0x000015b4      0x162 /tmp/ccfG8pGG.debug.temp.o
 .debug_abbrev  0x00001716      0x1de /tmp/ccfpDUos.debug.temp.o
 .debug_abbrev  0x000018f4      0x1c6 /tmp/cclPXVVa.debug.temp.o
 .debug_abbrev  0x00001aba      0x1ba /tmp/ccEWrIju.debug.temp.o
 .debug_abbrev  0x00001c74      0x124 /tmp/ccyLbBJp.debug.temp.o
 .debug_abbrev  0x00001d98      0x1e9 /tmp/ccXh83xE.debug.temp.o
 .debug_abbrev  0x00001f81      0x1c7 /tmp/ccDqO5AI.debug.temp.o
 .debug_abbrev  0x00002148      0x1fc /tmp/ccjRhTj4.debug.temp.o
 .debug_abbrev  0x00002344      0x21c /tmp/ccKDN5pm.debug.temp.o
 .debug_abbrev  0x00002560      0x1b8 /tmp/ccHbkoMB.debug.temp.o
 .debug_abbrev  0x00002718      0x1d9 /tmp/ccI0goJS.debug.temp.o
 .debug_abbrev  0x000028f1      0x1b9 /tmp/ccF7qO7k.debug.temp.o
 .debug_abbrev  0x00002aaa      0x190 /tmp/ccSMU7q6.debug.temp.o
 .debug_abbrev  0x00002c3a      0x120 /tmp/ccJMVmQQ.debug.temp.o
 .debug_abbrev  0x00002d5a      0x1fa /tmp/ccbix19X.debug.temp.o
 .debug_abbrev  0x00002f54      0x160 /tmp/cccq9yaK.debug.temp.o
 .debug_abbrev  0x000030b4      0x1e8 /tmp/ccwVEIbJ.debug.temp.o
 .debug_abbrev  0x0000329c      0x1f8 /tmp/ccQINjJY.debug.temp.o
 .debug_abbrev  0x00003494       0xce /tmp/cc9P09Ym.debug.temp.o
 .debug_abbrev  0x00003562      0x2a9 /tmp/cc4PpMEC.debug.temp.o
 .debug_abbrev  0x0000380b      0x244 /tmp/cc8GPYj2.debug.temp.o
 .debug_abbrev  0x00003a4f      0x28f /tmp/ccDTLhgE.debug.temp.o
 .debug_abbrev  0x00003cde      0x2d3 /tmp/cccnjRto.debug.temp.o
 .debug_abbrev  0x00003fb1       0xa4 /usr/lib/gcc/arm-none-eabi/15.2.0/../../../../arm-none-eabi/lib/thumb/v7-m/nofp/libc_nano.a(libc_a-memset.o)
 .debug_abbrev  0x00004055       0xcf /usr/lib/gcc/arm-none-eabi/15.2.0/../../../../arm-none-eabi/lib/thumb/v7-m/nofp/libc_nano.a(libc_a-init.o)
 .debug_abbrev  0x00004124       0x96 /usr/lib/gcc/arm-none-eabi/15.2.0/../../../../arm-none-eabi/lib/thumb/v7-m/nofp/libc_nano.a(libc_a-memcmp.o)
 .debug_abbrev  0x000041ba       0xb2 /usr/lib/gcc/arm-none-eabi/15.2.0/../../../../arm-none-eabi/lib/thumb/v7-m/nofp/libc_nano.a(libc_a-memmove.o)
 .debug_abbrev  0x0000426c       0xc7 /usr/lib/gcc/arm-none-eabi/15.2.0/../../../../arm-none-eabi/lib/thumb/v7-m/nofp/libc_nano.a(libc_a-memcpy-stub.o)

.debug_loclists
                0x00000000     0x1ed1
 .debug_loclists
                0x00000000     0x1bfd /tmp/ccx9oaS2.ltrans0.ltrans.o
 .debug_loclists
                0x00001bfd       0x3b /usr/lib/gcc/arm-none-eabi/15.2.0/../../../../arm-none-eabi/lib/thumb/v7-m/nofp/libc_nano.a(libc_a-memset.o)
 .debug_loclists
                0x00001c38       0x48 /usr/lib/gcc/arm-none-eabi/15.2.0/../../../../arm-none-eabi/lib/thumb/v7-m/nofp/libc_nano.a(libc_a-init.o)
 .debug_loclists
                0x00001c80       0xaf /usr/lib/gcc/arm-none-eabi/15.2.0/../../../../arm-none-eabi/lib/thumb/v7-m/nofp/libc_nano.a(libc_a-memcmp.o)
 .debug_loclists
                0x00001d2f      0x105 /usr/lib/gcc/arm-none-eabi/15.2.0/../../../../arm-none-eabi/lib/thumb/v7-m/nofp/libc_nano.a(libc_a-memmove.o)
 .debug_loclists
                0x00001e34       0x9d /usr/lib/gcc/arm-none-eabi/15.2.0/../../../../arm-none-eabi/lib/thumb/v7-m/nofp/libc_nano.a(libc_a-memcpy-stub.o)

.debug_aranges  0x00000000      0x8a0
 .debug_aranges
                0x00000000      0x618 /tmp/ccx9oaS2.ltrans0.ltrans.o
 .debug_aranges
                0x00000618      0x1e8 /tmp/ccx9oaS2.ltrans1.ltrans.o
 .debug_aranges
                0x00000800       0x20 /usr/lib/gcc/arm-none-eabi/15.2.0/../../../../arm-none-eabi/lib/thumb/v7-m/nofp/libc_nano.a(libc_a-memset.o)
 .debug_aranges
                0x00000820       0x20 /usr/lib/gcc/arm-none-eabi/15.2.0/../../../../arm-none-eabi/lib/thumb/v7-m/nofp/libc_nano.a(libc_a-init.o)
 .debug_aranges
                0x00000840       0x20 /usr/lib/gcc/arm-none-eabi/15.2.0/../../../../arm-none-eabi/lib/thumb/v7-m/nofp/libc_nano.a(libc_a-memcmp.o)
 .debug_aranges
                0x00000860       0x20 /usr/lib/gcc/arm-none-eabi/15.2.0/../../../../arm-none-eabi/lib/thumb/v7-m/nofp/libc_nano.a(libc_a-memmove.o)
 .debug_aranges
                0x00000880       0x20 /usr/lib/gcc/arm-none-eabi/15.2.0/../../../../arm-none-eabi/lib/thumb/v7-m/nofp/libc_nano.a(libc_a-memcpy-stub.o)

.debug_rnglists
                0x00000000     0x2317
 .debug_rnglists
                0x00000000     0x1e86 /tmp/ccx9oaS2.ltrans0.ltrans.o
 .debug_rnglists
                0x00001e86      0x432 /tmp/ccx9oaS2.ltrans1.ltrans.o
 .debug_rnglists
                0x000022b8       0x13 /usr/lib/gcc/arm-none-eabi/15.2.0/../../../../arm-none-eabi/lib/thumb/v7-m/nofp/libc_nano.a(libc_a-memset.o)
 .debug_rnglists
                0x000022cb       0x13 /usr/lib/gcc/arm-none-eabi/15.2.0/../../../../arm-none-eabi/lib/thumb/v7-m/nofp/libc_nano.a(libc_a-init.o)
 .debug_rnglists
                0x000022de       0x13 /usr/lib/gcc/arm-none-eabi/15.2.0/../../../../arm-none-eabi/lib/thumb/v7-m/nofp/libc_nano.a(libc_a-memcmp.o)
 .debug_rnglists
                0x000022f1       0x13 /usr/lib/gcc/arm-none-eabi/15.2.0/../../../../arm-none-eabi/lib/thumb/v7-m/nofp/libc_nano.a(libc_a-memmove.o)
 .debug_rnglists
                0x00002304       0x13 /usr/lib/gcc/arm-none-eabi/15.2.0/../../../../arm-none-eabi/lib/thumb/v7-m/nofp/libc_nano.a(libc_a-memcpy-stub.o)

.debug_line     0x00000000     0xdd6b
 .debug_line    0x00000000     0xa050 /tmp/ccx9oaS2.ltrans0.ltrans.o
 .debug_line    0x0000a050     0x185f /tmp/ccx9oaS2.ltrans1.ltrans.o
 .debug_line    0x0000b8af       0xf9 /tmp/ccAdsG4e.debug.temp.o
 .debug_line    0x0000b9a8      0x12b /tmp/cciv4OCK.debug.temp.o
 .debug_line    0x0000bad3      0x185 /tmp/ccN5dlPm.debug.temp.o
 .debug_line    0x0000bc58       0x9e /tmp/ccfG8pGG.debug.temp.o
 .debug_line    0x0000bcf6      0x14a /tmp/ccfpDUos.debug.temp.o
 .debug_line    0x0000be40      0x13b /tmp/cclPXVVa.debug.temp.o
 .debug_line    0x0000bf7b      0x198 /tmp/ccEWrIju.debug.temp.o
 .debug_line    0x0000c113      0x13b /tmp/ccyLbBJp.debug.temp.o
 .debug_line    0x0000c24e      0x13b /tmp/ccXh83xE.debug.temp.o
 .debug_line    0x0000c389      0x13b /tmp/ccDqO5AI.debug.temp.o
 .debug_line    0x0000c4c4      0x13b /tmp/ccjRhTj4.debug.temp.o
 .debug_line    0x0000c5ff      0x13b /tmp/ccKDN5pm.debug.temp.o
 .debug_line    0x0000c73a      0x13b /tmp/ccHbkoMB.debug.temp.o
 .debug_line    0x0000c875      0x13b /tmp/ccI0goJS.debug.temp.o
 .debug_line    0x0000c9b0      0x13b /tmp/ccF7qO7k.debug.temp.o
 .debug_line    0x0000caeb      0x13b /tmp/ccSMU7q6.debug.temp.o
 .debug_line    0x0000cc26      0x13b /tmp/ccJMVmQQ.debug.temp.o
 .debug_line    0x0000cd61      0x13b /tmp/ccbix19X.debug.temp.o
 .debug_line    0x0000ce9c      0x13b /tmp/cccq9yaK.debug.temp.o
 .debug_line    0x0000cfd7      0x13b /tmp/ccwVEIbJ.debug.temp.o
 .debug_line    0x0000d112      0x13b /tmp/ccQINjJY.debug.temp.o
 .debug_line    0x0000d24d       0xd9 /tmp/cc9P09Ym.debug.temp.o
 .debug_line    0x0000d326       0xf7 /tmp/cc4PpMEC.debug.temp.o
 .debug_line    0x0000d41d       0xe8 /tmp/cc8GPYj2.debug.temp.o
 .debug_line    0x0000d505       0xfc /tmp/ccDTLhgE.debug.temp.o
 .debug_line    0x0000d601       0xfc /tmp/cccnjRto.debug.temp.o
 .debug_line    0x0000d6fd      0x130 /usr/lib/gcc/arm-none-eabi/15.2.0/../../../../arm-none-eabi/lib/thumb/v7-m/nofp/libc_nano.a(libc_a-memset.o)
 .debug_line    0x0000d82d      0x100 /usr/lib/gcc/arm-none-eabi/15.2.0/../../../../arm-none-eabi/lib/thumb/v7-m/nofp/libc_nano.a(libc_a-init.o)
 .debug_line    0x0000d92d      0x14a /usr/lib/gcc/arm-none-eabi/15.2.0/../../../../arm-none-eabi/lib/thumb/v7-m/nofp/libc_nano.a(libc_a-memcmp.o)
 .debug_line    0x0000da77      0x16a /usr/lib/gcc/arm-none-eabi/15.2.0/../../../../arm-none-eabi/lib/thumb/v7-m/nofp/libc_nano.a(libc_a-memmove.o)
 .debug_line    0x0000dbe1      0x18a /usr/lib/gcc/arm-none-eabi/15.2.0/../../../../arm-none-eabi/lib/thumb/v7-m/nofp/libc_nano.a(libc_a-memcpy-stub.o)

.debug_str      0x00000000    0x8cde6
 .debug_str     0x00000000        0x0 /tmp/ccx9oaS2.ltrans0.ltrans.o
                               0x2692 (size before relaxing)
 .debug_str     0x00000000        0x0 /tmp/ccx9oaS2.ltrans1.ltrans.o
                               0x104a (size before relaxing)
 .debug_str     0x00000000        0x0 /tmp/ccAdsG4e.debug.temp.o
                              0x118e3 (size before relaxing)
 .debug_str     0x00000000        0x0 /tmp/cciv4OCK.debug.temp.o
                               0x941e (size before relaxing)
 .debug_str     0x00000000        0x0 /tmp/ccN5dlPm.debug.temp.o
                              0x737ae (size before relaxing)
 .debug_str     0x00000000        0x0 /tmp/ccfG8pGG.debug.temp.o
                               0xf384 (size before relaxing)
 .debug_str     0x00000000        0x0 /tmp/ccfpDUos.debug.temp.o
                              0x73e6b (size before relaxing)
 .debug_str     0x00000000        0x0 /tmp/cclPXVVa.debug.temp.o
                              0x731fa (size before relaxing)
 .debug_str     0x00000000        0x0 /tmp/ccEWrIju.debug.temp.o
                              0x806e2 (size before relaxing)
 .debug_str     0x00000000        0x0 /tmp/ccyLbBJp.debug.temp.o
                              0x729a1 (size before relaxing)
 .debug_str     0x00000000        0x0 /tmp/ccXh83xE.debug.temp.o
                              0x7307e (size before relaxing)
 .debug_str     0x00000000        0x0 /tmp/ccDqO5AI.debug.temp.o
                              0x72f76 (size before relaxing)
 .debug_str     0x00000000        0x0 /tmp/ccjRhTj4.debug.temp.o
                              0x72fba (size before relaxing)
 .debug_str     0x00000000        0x0 /tmp/ccKDN5pm.debug.temp.o
                              0x72fb4 (size before relaxing)
 .debug_str     0x00000000        0x0 /tmp/ccHbkoMB.debug.temp.o
                              0x72cf4 (size before relaxing)
 .debug_str     0x00000000        0x0 /tmp/ccI0goJS.debug.temp.o
                              0x72c26 (size before relaxing)
 .debug_str     0x00000000        0x0 /tmp/ccF7qO7k.debug.temp.o
                              0x72dd4 (size before relaxing)
 .debug_str     0x00000000        0x0 /tmp/ccSMU7q6.debug.temp.o
                              0x72cd7 (size before relaxing)
 .debug_str     0x00000000        0x0 /tmp/ccJMVmQQ.debug.temp.o
                              0x72995 (size before relaxing)
 .debug_str     0x00000000        0x0 /tmp/ccbix19X.debug.temp.o
                              0x72d28 (size before relaxing)
 .debug_str     0x00000000        0x0 /tmp/cccq9yaK.debug.temp.o
                              0x72aca (size before relaxing)
 .debug_str     0x00000000        0x0 /tmp/ccwVEIbJ.debug.temp.o
                              0x73d34 (size before relaxing)
 .debug_str     0x00000000        0x0 /tmp/ccQINjJY.debug.temp.o
                              0x735aa (size before relaxing)
 .debug_str     0x00000000        0x0 /tmp/cc9P09Ym.debug.temp.o
                              0x1056b (size before relaxing)
 .debug_str     0x00000000        0x0 /tmp/cc4PpMEC.debug.temp.o
                              0x12f00 (size before relaxing)
 .debug_str     0x00000000        0x0 /tmp/cc8GPYj2.debug.temp.o
                              0x12e28 (size before relaxing)
 .debug_str     0x00000000        0x0 /tmp/ccDTLhgE.debug.temp.o